Microchip MPLAB XC8 Compiler V1.45 ()

Linker command line:

--edf=C:\Program Files (x86)\Microchip\xc8\v1.45\dat\en_msgs.txt -cs \
  -h+CDC - Basic.sym --cmf=CDC - Basic.cmf -z -Q18F14K50 \
  -oC:\Users\shtky\AppData\Local\Temp\sddk.2 -MCDC - Basic.map -E1 -ver=XC8 \
  --acfsm=1493 -ASTACK=0299h-02ffh -pstack=STACK -ACODE=00h-03FFFh \
  -ACONST=00h-03FFFh -ASMALLCONST=0300h-03FFhx61 -AMEDIUMCONST=0300h-03FFFh \
  -ACOMRAM=01h-05Fh -AABS1=00h-02FFh -ABIGRAM=01h-02FFh \
  -ARAM=060h-0FFh,0100h-01FFhx2 -ABANK0=060h-0FFh -ABANK1=0100h-01FFh \
  -ABANK2=0200h-02FFh -ASFR=0F53h-0F5Fh,0F60h-0FFFh \
  -preset_vec=00h,intcode=08h,intcodelo=018h,powerup,init -pramtop=0300h \
  -psmallconst=SMALLCONST -pmediumconst=MEDIUMCONST -pconst=CONST \
  -AFARRAM=00h-00h -ACONFIG=0300000h-030000Dh -pconfig=CONFIG \
  -AIDLOC=0200000h-0200007h -pidloc=IDLOC -AEEDATA=0F00000h-0F000FFh \
  -peeprom_data=EEDATA \
  -prdata=COMRAM,nvrram=COMRAM,nvbit=COMRAM,rbss=COMRAM,rbit=COMRAM \
  -pfarbss=FARRAM,fardata=FARRAM,nvFARRAM=FARRAM \
  -pintsave_regs=BIGRAM,bigbss=BIGRAM,bigdata=BIGRAM -pbss=RAM \
  -pidata=CODE,irdata=CODE,ibigdata=CODE,ifardata=CODE -prparam=COMRAM \
  C:\Users\shtky\AppData\Local\Temp\sddk.obj CDC - Basic.obj 

Object code version is 3.11

Machine type is 18F14K50

Call graph: (short form)




                Name                               Link     Load   Length Selector   Space Scale
C:\Users\shtky\AppData\Local\Temp\sddk.obj
                init                                 F8       F8        4        C       0
                reset_vec                             0        0        4        0       0
                config                           300000   300000        8   300000       0
CDC - Basic.obj intcodelo                            18       18       E0        C       0
                intcode                               8        8        6        4       0
                temp                                 5C       5C        1        1       1
                smallconst                          300      300       E2      180       0
                text70                             257C     257C       DE      1F1       0
                text69                             2C0A     2C0A       94      1F1       0
                text68                             2ACA     2ACA       AC      1F1       0
                text67                             20B0     20B0       FC      1F1       0
                text66                             3216     3216       50      1F1       0
                text65                             360A     360A        2     19E4       0
                text64                             3608     3608        2     19E4       0
                text63                             2B76     2B76       94      1F1       0
                text62                             33C8     33C8       3C     19E4       0
                text61                             2A1C     2A1C       AE      1F1       0
                text60                             30B2     30B2       66      1F1       0
                text59                             35F2     35F2        6     19E4       0
                text58                             3606     3606        2     19E4       0
                text57                             3604     3604        2     19E4       0
                text56                             3602     3602        2     19E4       0
                text55                             3600     3600        2     19E4       0
                text54                             2F44     2F44       82      1F1       0
                text53                             116C     116C      258      1F1       0
                text52                             1D8C     1D8C      120      1F1       0
                text51                             3500     3500       2C     19E4       0
                text50                             249A     249A       E2      1F1       0
                text49                             2C9E     2C9E       8E      1F1       0
                text48                             2DB6     2DB6       86      1F1       0
                text47                             2728     2728       CE      1F1       0
                text46                             2EC0     2EC0       84      1F1       0
                text45                             265A     265A       CE      1F1       0
                text44                             3404     3404       38     19E4       0
                text43                             3554     3554       28     19E4       0
                text42                             34D2     34D2       2E     19E4       0
                text41                             1B38     1B38      132      1F1       0
                text40                             1A06     1A06      132      1F1       0
                intcode_body                       1EAC     1EAC      106      1F1       0
                text37                             359E     359E       14     19E4       0
                text36                             35EA     35EA        8     19E4       0
                text35                             35E2     35E2        8     19E4       0
                text34                             35D8     35D8        A     19E4       0
                text33                             35CE     35CE        A     19E4       0
                text32                             2FC6     2FC6       80      1F1       0
                text31                             35C0     35C0        E     19E4       0
                text30                             2E3C     2E3C       84      1F1       0
                text29                             3118     3118       5A      1F1       0
                text28                             32FA     32FA       48      1F1       0
                text27                             1518     1518      142      1F1       0
                text26                             27F6     27F6       BC      1F1       0
                text25                             3172     3172       54      1F1       0
                text24                             3342     3342       44      1F1       0
                text23                             352C     352C       28     19E4       0
                text22                             32B2     32B2       48      1F1       0
                text21                             23A0     23A0       FA      1F1       0
                text20                             22A6     22A6       FA      1F1       0
                text19                             31C6     31C6       50      1F1       0
                text18                             165A     165A      140      1F1       0
                text17                             35B2     35B2        E     19E4       0
                text16                             296A     296A       B2      1F1       0
                text15                             18D0     18D0      136      1F1       0
                text14                             35FE     35FE        2     19E4       0
                text13                             3266     3266       4C      1F1       0
                text12                             28B2     28B2       B8      1F1       0
                text11                             357C     357C       22     19E4       0
                text10                             1FB2     1FB2       FE      1F1       0
                text9                              343C     343C       36     19E4       0
                text8                              34A2     34A2       30     19E4       0
                text7                              179A     179A      136      1F1       0
                text6                               E2E      E2E      33E      1F1       0
                text5                              1C6A     1C6A      122      1F1       0
                text4                              3472     3472       30     19E4       0
                text3                              21AC     21AC       FA      1F1       0
                text2                              13C4     13C4      154      1F1       0
                text1                              3046     3046       6C      1F1       0
                text0                               3E2      3E2      A4C      1F1       0
                cstackCOMRAM                          1        1       34        1       1
                cstackBANK0                          AC       AC       3D       60       1
                cstackBANK1                         1AD      1AD       14      100       1
                dataBANK1                           16C      16C       41      100       1
                bssBANK1                            100      100       6C      100       1
                dataBANK0                            E9       E9        2       60       1
                bssBANK0                             60       60       4C       60       1
                dataCOMRAM                           58       58        4        1       1
                bssCOMRAM                            35       35       23        1       1
                cinit                              2D2C     2D2C       8A      1F1       0
                idataBANK1                         3386     3386       41      1F1       0
                idataBANK0                         35FC     35FC        2     19E4       0
                idataCOMRAM                        35F8     35F8        4     19E4       0

TOTAL           Name                               Link     Load   Length     Space
        CLASS   STACK          

        CLASS   CODE           
                intcodelo                            18       18       E0         0
                intcode                               8        8        6         0
                init                                 F8       F8        4         0
                reset_vec                             0        0        4         0
                text70                             257C     257C       DE         0
                text69                             2C0A     2C0A       94         0
                text68                             2ACA     2ACA       AC         0
                text67                             20B0     20B0       FC         0
                text66                             3216     3216       50         0
                text65                             360A     360A        2         0
                text64                             3608     3608        2         0
                text63                             2B76     2B76       94         0
                text62                             33C8     33C8       3C         0
                text61                             2A1C     2A1C       AE         0
                text60                             30B2     30B2       66         0
                text59                             35F2     35F2        6         0
                text58                             3606     3606        2         0
                text57                             3604     3604        2         0
                text56                             3602     3602        2         0
                text55                             3600     3600        2         0
                text54                             2F44     2F44       82         0
                text53                             116C     116C      258         0
                text52                             1D8C     1D8C      120         0
                text51                             3500     3500       2C         0
                text50                             249A     249A       E2         0
                text49                             2C9E     2C9E       8E         0
                text48                             2DB6     2DB6       86         0
                text47                             2728     2728       CE         0
                text46                             2EC0     2EC0       84         0
                text45                             265A     265A       CE         0
                text44                             3404     3404       38         0
                text43                             3554     3554       28         0
                text42                             34D2     34D2       2E         0
                text41                             1B38     1B38      132         0
                text40                             1A06     1A06      132         0
                intcode_body                       1EAC     1EAC      106         0
                text37                             359E     359E       14         0
                text36                             35EA     35EA        8         0
                text35                             35E2     35E2        8         0
                text34                             35D8     35D8        A         0
                text33                             35CE     35CE        A         0
                text32                             2FC6     2FC6       80         0
                text31                             35C0     35C0        E         0
                text30                             2E3C     2E3C       84         0
                text29                             3118     3118       5A         0
                text28                             32FA     32FA       48         0
                text27                             1518     1518      142         0
                text26                             27F6     27F6       BC         0
                text25                             3172     3172       54         0
                text24                             3342     3342       44         0
                text23                             352C     352C       28         0
                text22                             32B2     32B2       48         0
                text21                             23A0     23A0       FA         0
                text20                             22A6     22A6       FA         0
                text19                             31C6     31C6       50         0
                text18                             165A     165A      140         0
                text17                             35B2     35B2        E         0
                text16                             296A     296A       B2         0
                text15                             18D0     18D0      136         0
                text14                             35FE     35FE        2         0
                text13                             3266     3266       4C         0
                text12                             28B2     28B2       B8         0
                text11                             357C     357C       22         0
                text10                             1FB2     1FB2       FE         0
                text9                              343C     343C       36         0
                text8                              34A2     34A2       30         0
                text7                              179A     179A      136         0
                text6                               E2E      E2E      33E         0
                text5                              1C6A     1C6A      122         0
                text4                              3472     3472       30         0
                text3                              21AC     21AC       FA         0
                text2                              13C4     13C4      154         0
                text1                              3046     3046       6C         0
                text0                               3E2      3E2      A4C         0
                cinit                              2D2C     2D2C       8A         0
                idataBANK1                         3386     3386       41         0
                idataBANK0                         35FC     35FC        2         0
                idataCOMRAM                        35F8     35F8        4         0

        CLASS   CONST          

        CLASS   SMALLCONST     
                smallconst                          300      300       E2         0

        CLASS   MEDIUMCONST    

        CLASS   COMRAM         
                temp                                 5C       5C        1         1
                cstackCOMRAM                          1        1       34         1
                dataCOMRAM                           58       58        4         1
                bssCOMRAM                            35       35       23         1

        CLASS   ABS1           
                abs_s1                              200      200       40         1
                abs_s1                              260      260       39         1

        CLASS   BIGRAM         

        CLASS   RAM            

        CLASS   BANK0          
                cstackBANK0                          AC       AC       3D         1
                dataBANK0                            E9       E9        2         1
                bssBANK0                             60       60       4C         1

        CLASS   BANK1          
                cstackBANK1                         1AD      1AD       14         1
                dataBANK1                           16C      16C       41         1
                bssBANK1                            100      100       6C         1

        CLASS   BANK2          

        CLASS   SFR            

        CLASS   FARRAM         

        CLASS   CONFIG         
                config                           300000   300000        8         0

        CLASS   IDLOC          

        CLASS   EEDATA         



SEGMENTS        Name                           Load    Length   Top    Selector   Space  Class

                reset_vec                      000000  000004  000004         0       0  CODE    
                cstackCOMRAM                   000001  00005C  00005D         1       1  COMRAM  
                intcode                        000008  000006  00000E         4       0  CODE    
                intcodelo                      000018  0000E4  0000FC         C       0  CODE    
                bssBANK0                       000060  00008B  0000EB        60       1  BANK0   
                bssBANK1                       000100  0000C1  0001C1       100       1  BANK1   
                smallconst                     000300  0000E2  0003E2       180       0  SMALLCON
                text0                          0003E2  002FE5  0033C7       1F1       0  CODE    
                text62                         0033C8  000244  00360C      19E4       0  CODE    
                config                         300000  000008  300008    300000       0  CONFIG  


UNUSED ADDRESS RANGES

        Name                Unused          Largest block    Delta
        BANK0            0000EB-0000FF               15
        BANK1            0001C1-0001FF               3F
        BANK2            000240-00025F               20
                         000299-0002FF               67
        BIGRAM           00005D-00005F                3
                         0000EB-0000FF               15
                         0001C1-0001FF               3F
                         000240-00025F               20
                         000299-0002FF               67
        CODE             000004-000007                4
                         00000E-000017                A
                         0000FC-0002FF              204
                         0033C7-0033C7                1
                         00360C-003FFF              9F4
        COMRAM           00005D-00005F                3
        CONFIG           300008-30000D                6
        CONST            000004-000007                4
                         00000E-000017                A
                         0000FC-0002FF              204
                         0033C7-0033C7                1
                         00360C-003FFF              9F4
        EEDATA           F00000-F000FF              100
        IDLOC            200000-200007                8
        MEDIUMCONST      0033C7-0033C7                1
                         00360C-003FFF              9F4
        RAM              0000EB-0000FF               15
                         0001C1-0001FF               3F
                         000240-00025F               20
                         000299-0002FF               67
        SFR              000F53-000FFF                D
        SMALLCONST       0033C7-0033C7                1
                         00360C-003FFF              100
        STACK            000299-0002FF               67

                                  Symbol Table

?_I2C_Tsensor                             cstackBANK0  0000C4
?_USBTransferOnePacket                    cstackBANK0  0000C1
?___fladd                                 cstackBANK0  0000D3
?___flneg                                 cstackBANK0  0000CF
?___fltol                                 cstackBANK1  0001AD
?___lldiv                                 cstackBANK0  0000C1
?___lwdiv                                 cstackBANK0  0000C1
?___lwmod                                 cstackBANK0  0000C8
?___wmul                                  cstackBANK0  0000C1
?___xxtofl                                cstackBANK0  0000C1
?i2_USBTransferOnePacket                  cstackCOMRAM 000001
CDCTxService@byte_to_send                 cstackBANK0  0000CC
CDCTxService@i                            cstackBANK0  0000CB
I2C_Master_Init@c                         cstackBANK0  0000CE
I2C_Master_Write@d                        cstackBANK0  0000C2
I2C_Tsensor@Tsens_ADD                     cstackBANK0  0000CA
I2C_Tsensor@c                             cstackBANK0  0000CB
I2C_Tsensor@tpr                           cstackBANK0  0000C8
I2C_Tsensor_CFG@Tsens_ADD                 cstackBANK0  0000C5
LCD_Tsens1@tmp                            cstackBANK0  0000D0
LCD_Tsens2@tmp                            cstackBANK0  0000D0
LCD_str@c                                 cstackBANK0  0000C6
LCD_str@i                                 cstackBANK0  0000CA
LCD_str@wk                                cstackBANK0  0000CB
LCD_time@hr                               cstackBANK0  0000CD
LCD_time@min                              cstackBANK0  0000CF
LCD_time@sec                              cstackBANK0  0000D1
LCD_time@wk                               cstackBANK0  0000D3
ProcessUSB@numBytesRead                   cstackBANK0  0000CE
USBCBSendResume@delay_count               bssCOMRAM    000045
USBConfigureEndpoint@EPNum                cstackCOMRAM 000006
USBConfigureEndpoint@direction            cstackCOMRAM 000001
USBConfigureEndpoint@handle               cstackCOMRAM 000007
USBCtrlEPService@setup_cnt                cstackCOMRAM 00001D
USBCtrlTrfInHandler@lastDTS               cstackCOMRAM 000004
USBCtrlTrfRxService@byteToRead            cstackCOMRAM 000004
USBCtrlTrfRxService@i                     cstackCOMRAM 000003
USBCtrlTrfTxService@byteToSend            cstackCOMRAM 000003
USBDeviceInit@i                           cstackBANK0  0000C9
USBDeviceTasks@i                          cstackCOMRAM 00001E
USBEnableEndpoint@ep                      cstackCOMRAM 00000C
USBEnableEndpoint@options                 cstackCOMRAM 000009
USBEnableEndpoint@p                       cstackCOMRAM 00000A
USBStdFeatureReqHandler@current_ep_data   cstackCOMRAM 000018
USBStdFeatureReqHandler@p                 cstackCOMRAM 000019
USBStdFeatureReqHandler@pUEP              cstackCOMRAM 000016
USBStdSetCfgHandler@i                     cstackCOMRAM 000015
USBTransferOnePacket@data                 cstackBANK0  0000C2
USBTransferOnePacket@dir                  cstackBANK0  0000C1
USBTransferOnePacket@ep                   cstackBANK0  0000C5
USBTransferOnePacket@handle               cstackBANK0  0000C6
USBTransferOnePacket@len                  cstackBANK0  0000C4
USER_USB_CALLBACK_EVENT_HANDLER@event     cstackCOMRAM 00000D
USER_USB_CALLBACK_EVENT_HANDLER@pdata     cstackCOMRAM 00000F
USER_USB_CALLBACK_EVENT_HANDLER@size      cstackCOMRAM 000011
_ACKDT                                    (abs)        007E2D
_ACKEN                                    (abs)        007E2C
_ANSEL                                    (abs)        000F7E
_ANSELH                                   (abs)        000F7F
_BDT                                      (abs)        000200
_BaudRateGen                              bssCOMRAM    000035
_BothEP0OutUOWNsSet                       bssCOMRAM    00004D
_CCP1CON                                  (abs)        000FBD
_CCP1IE                                   (abs)        007CEA
_CCP1IF                                   (abs)        007CF2
_CCP1IP                                   (abs)        007CFA
_CCPR1H                                   (abs)        000FBF
_CCPR1L                                   (abs)        000FBE
_CCPR_CNT                                 dataCOMRAM   00005A
_CDCDataInHandle                          bssBANK0     00008F
_CDCDataOutHandle                         bssBANK0     000091
_CDCInitEP                                text60       0030B2
_CDCTxService                             text15       0018D0
_CDCTxService$2202                        cstackBANK0  0000C9
_CtrlTrfData                              (abs)        000238
_I2C_Master_Init                          text29       003118
_I2C_Master_Start                         text36       0035EA
_I2C_Master_Stop                          text35       0035E2
_I2C_Master_Wait                          text37       00359E
_I2C_Master_Write                         text34       0035D8
_I2C_Tsensor                              text26       0027F6
_I2C_Tsensor_CFG                          text32       002FC6
_I2C_Tsensor_init                         text31       0035C0
_I2C_nacksnd                              text33       0035CE
_INTCON2bits                              (abs)        000FF1
_INTCONbits                               (abs)        000FF2
_IPR1bits                                 (abs)        000F9F
_IPR2bits                                 (abs)        000FA2
_I_tpr                                    bssBANK0     000093
_LATC                                     (abs)        000F8B
_LC3                                      (abs)        007C5B
_LC4                                      (abs)        007C5C
_LC5                                      (abs)        007C5D
_LCD_Init                                 text27       001518
_LCD_Tsens1                               text21       0023A0
_LCD_Tsens2                               text20       0022A6
_LCD_str                                  text19       0031C6
_LCD_time                                 text18       00165A
_LED_stat                                 bssBANK0     0000A8
_OSCCON                                   (abs)        000FD3
_PEN                                      (abs)        007E2A
_PICinit                                  text17       0035B2
_PIE1bits                                 (abs)        000F9D
_PIE2bits                                 (abs)        000FA0
_PIR1bits                                 (abs)        000F9E
_PIR2bits                                 (abs)        000FA1
_PORTA                                    (abs)        000F80
_PORTB                                    (abs)        000F81
_PORTC                                    (abs)        000F82
_PORTCbits                                (abs)        000F82
_ProcessUSB                               text10       001FB2
_RC7                                      (abs)        007C17
_RCEN                                     (abs)        007E2B
_RCONbits                                 (abs)        000FD0
_RSEN                                     (abs)        007E29
_RemoteWakeup                             bssCOMRAM    000053
_SEN                                      (abs)        007E28
_SSPADD                                   (abs)        000FC8
_SSPBUF                                   (abs)        000FC9
_SSPCON1                                  (abs)        000FC6
_SSPCON2                                  (abs)        000FC5
_SSPIF                                    (abs)        007CF3
_SSPSTAT                                  (abs)        000FC7
_SetupPkt                                 (abs)        000230
_T0CON                                    (abs)        000FD5
_T1CON                                    (abs)        000FCD
_T3CON                                    (abs)        000FB1
_TMR0H                                    (abs)        000FD7
_TMR0L                                    (abs)        000FD6
_TMR1H                                    (abs)        000FCF
_TMR1L                                    (abs)        000FCE
_TMR3H                                    (abs)        000FB3
_TMR3IE                                   (abs)        007D01
_TMR3IF                                   (abs)        007D09
_TMR3IP                                   (abs)        007D11
_TMR3L                                    (abs)        000FB2
_TRISA                                    (abs)        000F92
_TRISB                                    (abs)        000F93
_TRISC                                    (abs)        000F94
_UADDR                                    (abs)        000F5C
_UCFG                                     (abs)        000F61
_UCON                                     (abs)        000F64
_UCONbits                                 (abs)        000F64
_UEIE                                     (abs)        000F5B
_UEIR                                     (abs)        000F5F
_UEP0                                     (abs)        000F53
_UEP0bits                                 (abs)        000F53
_UEP1                                     (abs)        000F54
_UIE                                      (abs)        000F60
_UIEbits                                  (abs)        000F60
_UIR                                      (abs)        000F62
_UIRbits                                  (abs)        000F62
_USBActiveConfiguration                   bssCOMRAM    000057
_USBAlternateInterface                    bssCOMRAM    000054
_USBBusIsSuspended                        bssCOMRAM    000052
_USBCBCheckOtherReq                       text65       00360A
_USBCBErrorHandler                        text64       003608
_USBCBInitEP                              text59       0035F2
_USBCBSendResume                          text13       003266
_USBCBStdSetDscHandler                    text58       003606
_USBCBSuspend                             text57       003604
_USBCBWakeFromSuspend                     text14       0035FE
_USBCB_SOF_Handler                        text56       003602
_USBCheckStdRequest                       text49       002C9E
_USBConfigureEndpoint                     text63       002B76
_USBCtrlEPAllowDataStage                  text48       002DB6
_USBCtrlEPAllowStatusStage                text68       002ACA
_USBCtrlEPService                         text45       00265A
_USBCtrlEPServiceComplete                 text47       002728
_USBCtrlTrfInHandler                      text69       002C0A
_USBCtrlTrfOutHandler                     text66       003216
_USBCtrlTrfRxService                      text67       0020B0
_USBCtrlTrfSetupHandler                   text46       002EC0
_USBCtrlTrfTxService                      text70       00257C
_USBDeferINDataStagePackets               bssCOMRAM    000048
_USBDeferOUTDataStagePackets              bssCOMRAM    000047
_USBDeferStatusStagePacket                bssCOMRAM    00004B
_USBDeviceAttach                          text9        00343C
_USBDeviceInit                            text7        00179A
_USBDeviceState                           bssBANK0     0000AB
_USBDeviceTasks                           text40       001A06
_USBEnableEndpoint                        text62       0033C8
_USBStallHandler                          text44       003404
_USBStatusStageEnabledFlag1               bssCOMRAM    00004A
_USBStatusStageEnabledFlag2               bssCOMRAM    000049
_USBStatusStageTimeoutCounter             bssCOMRAM    00004C
_USBStdFeatureReqHandler                  text53       00116C
_USBStdGetDscHandler                      text52       001D8C
_USBStdSetCfgHandler                      text50       00249A
_USBSuspend                               text43       003554
_USBTransferOnePacket                     text16       00296A
_USBWakeFromSuspend                       text42       0034D2
_USB_CD_Ptr                               smallconst   000307
_USB_In_Buffer                            bssBANK1     00013C
_USB_Out_Buffer                           bssBANK1     000164
_USB_SD_Ptr                               smallconst   000301
_USER_USB_CALLBACK_EVENT_HANDLER          text54       002F44
_USTAT                                    (abs)        000F63
_USTATcopy                                bssCOMRAM    000056
_YourHighPriorityISRCode                  intcode      000008
_YourLowPriorityISRCode                   intcodelo    000018
__CFG_BOREN$OFF                           (abs)        000000
__CFG_BORV$30                             (abs)        000000
__CFG_CPUDIV$NOCLKDIV                     (abs)        000000
__CFG_FCMEN$OFF                           (abs)        000000
__CFG_FOSC$ECH                            (abs)        000000
__CFG_HFOFST$OFF                          (abs)        000000
__CFG_IESO$OFF                            (abs)        000000
__CFG_LVP$OFF                             (abs)        000000
__CFG_MCLRE$OFF                           (abs)        000000
__CFG_PCLKEN$ON                           (abs)        000000
__CFG_PLLEN$ON                            (abs)        000000
__CFG_PWRTEN$OFF                          (abs)        000000
__CFG_STVREN$ON                           (abs)        000000
__CFG_USBDIV$OFF                          (abs)        000000
__CFG_WDTEN$OFF                           (abs)        000000
__CFG_WDTPS$32768                         (abs)        000000
__CFG_XINST$OFF                           (abs)        000000
__HRAM                                    (abs)        000000
__Habs1                                   abs1         000000
__Hbank0                                  bank0        000000
__Hbank1                                  bank1        000000
__Hbank2                                  bank2        000000
__Hbigbss                                 bigbss       000000
__Hbigdata                                bigdata      000000
__Hbigram                                 bigram       000000
__Hbss                                    bss          000000
__HbssBANK0                               bssBANK0     000000
__HbssBANK1                               bssBANK1     000000
__HbssCOMRAM                              bssCOMRAM    000000
__Hcinit                                  cinit        000000
__Hclrtext                                clrtext      000000
__Hcomram                                 comram       000000
__Hconfig                                 config       300008
__Hconst                                  const        000000
__HcstackBANK0                            cstackBANK0  000000
__HcstackBANK1                            cstackBANK1  000000
__HcstackCOMRAM                           cstackCOMRAM 000000
__Hdata                                   data         000000
__HdataBANK0                              dataBANK0    000000
__HdataBANK1                              dataBANK1    000000
__HdataCOMRAM                             dataCOMRAM   000000
__Heeprom_data                            eeprom_data  000000
__Hfarbss                                 farbss       000000
__Hfardata                                fardata      000000
__Hibigdata                               ibigdata     000000
__Hidata                                  idata        000000
__HidataBANK0                             idataBANK0   000000
__HidataBANK1                             idataBANK1   000000
__HidataCOMRAM                            idataCOMRAM  000000
__Hidloc                                  idloc        000000
__Hifardata                               ifardata     000000
__Hinit                                   init         0000FC
__Hintcode                                intcode      00000E
__Hintcode_body                           intcode_body 000000
__Hintcodelo                              intcodelo    0000F8
__Hintentry                               intentry     000000
__Hintret                                 intret       000000
__Hintsave_regs                           intsave_regs 000000
__Hirdata                                 irdata       000000
__Hmediumconst                            mediumconst  000000
__HnvFARRAM                               nvFARRAM     000000
__Hnvbit                                  nvbit        000000
__Hnvrram                                 nvrram       000000
__Hparam                                  rparam       000000
__Hpowerup                                powerup      0000F8
__Hram                                    ram          000000
__Hramtop                                 ramtop       000300
__Hrbit                                   rbit         000000
__Hrbss                                   rbss         000000
__Hrdata                                  rdata        000000
__Hreset_vec                              reset_vec    000004
__Hrparam                                 rparam       000000
__Hsfr                                    sfr          000000
__Hsmallconst                             smallconst   0003E2
__Hspace_0                                (abs)        300008
__Hspace_1                                (abs)        0001C1
__Hspace_2                                (abs)        000000
__Hstack                                  stack        000000
__Hstruct                                 struct       000000
__Htemp                                   temp         00005D
__Htext                                   text         000000
__Htext0                                  text0        000000
__Htext1                                  text1        000000
__Htext10                                 text10       000000
__Htext11                                 text11       000000
__Htext12                                 text12       000000
__Htext13                                 text13       000000
__Htext14                                 text14       000000
__Htext15                                 text15       000000
__Htext16                                 text16       000000
__Htext17                                 text17       000000
__Htext18                                 text18       000000
__Htext19                                 text19       000000
__Htext2                                  text2        000000
__Htext20                                 text20       000000
__Htext21                                 text21       000000
__Htext22                                 text22       000000
__Htext23                                 text23       000000
__Htext24                                 text24       000000
__Htext25                                 text25       000000
__Htext26                                 text26       000000
__Htext27                                 text27       000000
__Htext28                                 text28       000000
__Htext29                                 text29       000000
__Htext3                                  text3        000000
__Htext30                                 text30       000000
__Htext31                                 text31       000000
__Htext32                                 text32       000000
__Htext33                                 text33       000000
__Htext34                                 text34       000000
__Htext35                                 text35       000000
__Htext36                                 text36       000000
__Htext37                                 text37       000000
__Htext4                                  text4        000000
__Htext40                                 text40       000000
__Htext41                                 text41       000000
__Htext42                                 text42       000000
__Htext43                                 text43       000000
__Htext44                                 text44       000000
__Htext45                                 text45       000000
__Htext46                                 text46       000000
__Htext47                                 text47       000000
__Htext48                                 text48       000000
__Htext49                                 text49       000000
__Htext5                                  text5        000000
__Htext50                                 text50       000000
__Htext51                                 text51       000000
__Htext52                                 text52       000000
__Htext53                                 text53       000000
__Htext54                                 text54       000000
__Htext55                                 text55       000000
__Htext56                                 text56       000000
__Htext57                                 text57       000000
__Htext58                                 text58       000000
__Htext59                                 text59       000000
__Htext6                                  text6        000000
__Htext60                                 text60       000000
__Htext61                                 text61       000000
__Htext62                                 text62       000000
__Htext63                                 text63       000000
__Htext64                                 text64       000000
__Htext65                                 text65       000000
__Htext66                                 text66       000000
__Htext67                                 text67       000000
__Htext68                                 text68       000000
__Htext69                                 text69       000000
__Htext7                                  text7        000000
__Htext70                                 text70       000000
__Htext8                                  text8        000000
__Htext9                                  text9        000000
__LRAM                                    (abs)        000001
__Labs1                                   abs1         000000
__Lbank0                                  bank0        000000
__Lbank1                                  bank1        000000
__Lbank2                                  bank2        000000
__Lbigbss                                 bigbss       000000
__Lbigdata                                bigdata      000000
__Lbigram                                 bigram       000000
__Lbss                                    bss          000000
__LbssBANK0                               bssBANK0     000000
__LbssBANK1                               bssBANK1     000000
__LbssCOMRAM                              bssCOMRAM    000000
__Lcinit                                  cinit        000000
__Lclrtext                                clrtext      000000
__Lcomram                                 comram       000000
__Lconfig                                 config       300000
__Lconst                                  const        000000
__LcstackBANK0                            cstackBANK0  000000
__LcstackBANK1                            cstackBANK1  000000
__LcstackCOMRAM                           cstackCOMRAM 000000
__Ldata                                   data         000000
__LdataBANK0                              dataBANK0    000000
__LdataBANK1                              dataBANK1    000000
__LdataCOMRAM                             dataCOMRAM   000000
__Leeprom_data                            eeprom_data  000000
__Lfarbss                                 farbss       000000
__Lfardata                                fardata      000000
__Libigdata                               ibigdata     000000
__Lidata                                  idata        000000
__LidataBANK0                             idataBANK0   000000
__LidataBANK1                             idataBANK1   000000
__LidataCOMRAM                            idataCOMRAM  000000
__Lidloc                                  idloc        000000
__Lifardata                               ifardata     000000
__Linit                                   init         0000F8
__Lintcode                                intcode      000008
__Lintcode_body                           intcode_body 000000
__Lintcodelo                              intcodelo    000018
__Lintentry                               intentry     000000
__Lintret                                 intret       000000
__Lintsave_regs                           intsave_regs 000000
__Lirdata                                 irdata       000000
__Lmediumconst                            mediumconst  000000
__LnvFARRAM                               nvFARRAM     000000
__Lnvbit                                  nvbit        000000
__Lnvrram                                 nvrram       000000
__Lparam                                  rparam       000000
__Lpowerup                                powerup      0000F8
__Lram                                    ram          000000
__Lramtop                                 ramtop       000300
__Lrbit                                   rbit         000000
__Lrbss                                   rbss         000000
__Lrdata                                  rdata        000000
__Lreset_vec                              reset_vec    000000
__Lrparam                                 rparam       000000
__Lsfr                                    sfr          000000
__Lsmallconst                             smallconst   000300
__Lspace_0                                (abs)        000000
__Lspace_1                                (abs)        000000
__Lspace_2                                (abs)        000000
__Lstack                                  stack        000000
__Lstruct                                 struct       000000
__Ltemp                                   temp         00005C
__Ltext                                   text         000000
__Ltext0                                  text0        000000
__Ltext1                                  text1        000000
__Ltext10                                 text10       000000
__Ltext11                                 text11       000000
__Ltext12                                 text12       000000
__Ltext13                                 text13       000000
__Ltext14                                 text14       000000
__Ltext15                                 text15       000000
__Ltext16                                 text16       000000
__Ltext17                                 text17       000000
__Ltext18                                 text18       000000
__Ltext19                                 text19       000000
__Ltext2                                  text2        000000
__Ltext20                                 text20       000000
__Ltext21                                 text21       000000
__Ltext22                                 text22       000000
__Ltext23                                 text23       000000
__Ltext24                                 text24       000000
__Ltext25                                 text25       000000
__Ltext26                                 text26       000000
__Ltext27                                 text27       000000
__Ltext28                                 text28       000000
__Ltext29                                 text29       000000
__Ltext3                                  text3        000000
__Ltext30                                 text30       000000
__Ltext31                                 text31       000000
__Ltext32                                 text32       000000
__Ltext33                                 text33       000000
__Ltext34                                 text34       000000
__Ltext35                                 text35       000000
__Ltext36                                 text36       000000
__Ltext37                                 text37       000000
__Ltext4                                  text4        000000
__Ltext40                                 text40       000000
__Ltext41                                 text41       000000
__Ltext42                                 text42       000000
__Ltext43                                 text43       000000
__Ltext44                                 text44       000000
__Ltext45                                 text45       000000
__Ltext46                                 text46       000000
__Ltext47                                 text47       000000
__Ltext48                                 text48       000000
__Ltext49                                 text49       000000
__Ltext5                                  text5        000000
__Ltext50                                 text50       000000
__Ltext51                                 text51       000000
__Ltext52                                 text52       000000
__Ltext53                                 text53       000000
__Ltext54                                 text54       000000
__Ltext55                                 text55       000000
__Ltext56                                 text56       000000
__Ltext57                                 text57       000000
__Ltext58                                 text58       000000
__Ltext59                                 text59       000000
__Ltext6                                  text6        000000
__Ltext60                                 text60       000000
__Ltext61                                 text61       000000
__Ltext62                                 text62       000000
__Ltext63                                 text63       000000
__Ltext64                                 text64       000000
__Ltext65                                 text65       000000
__Ltext66                                 text66       000000
__Ltext67                                 text67       000000
__Ltext68                                 text68       000000
__Ltext69                                 text69       000000
__Ltext7                                  text7        000000
__Ltext70                                 text70       000000
__Ltext8                                  text8        000000
__Ltext9                                  text9        000000
__S0                                      (abs)        300008
__S1                                      (abs)        0001C1
__S2                                      (abs)        000000
___fladd                                  text6        000E2E
___fladd@a                                cstackBANK0  0000D7
___fladd@aexp                             cstackBANK0  0000E4
___fladd@b                                cstackBANK0  0000D3
___fladd@bexp                             cstackBANK0  0000E5
___fladd@grs                              cstackBANK0  0000E6
___fladd@signs                            cstackBANK0  0000E3
___flge                                   text5        001C6A
___flge@ff1                               cstackBANK0  0000CF
___flge@ff2                               cstackBANK0  0000D3
___flneg                                  text4        003472
___flneg@f1                               cstackBANK0  0000CF
___fltol                                  text3        0021AC
___fltol@exp1                             cstackBANK0  0000E8
___fltol@f1                               cstackBANK1  0001AD
___fltol@sign1                            cstackBANK0  0000E7
___inthi_sp                               stack        000000
___intlo_sp                               stack        000000
___lldiv                                  text30       002E3C
___lldiv@counter                          cstackBANK0  0000CD
___lldiv@dividend                         cstackBANK0  0000C1
___lldiv@divisor                          cstackBANK0  0000C5
___lldiv@quotient                         cstackBANK0  0000C9
___lwdiv                                  text25       003172
___lwdiv@counter                          cstackBANK0  0000C5
___lwdiv@dividend                         cstackBANK0  0000C1
___lwdiv@divisor                          cstackBANK0  0000C3
___lwdiv@quotient                         cstackBANK0  0000C6
___lwmod                                  text24       003342
___lwmod@counter                          cstackBANK0  0000CC
___lwmod@dividend                         cstackBANK0  0000C8
___lwmod@divisor                          cstackBANK0  0000CA
___param_bank                             (abs)        000000
___rparam_used                            (abs)        000001
___sp                                     stack        000000
___wmul                                   text23       00352C
___wmul@multiplicand                      cstackBANK0  0000C3
___wmul@multiplier                        cstackBANK0  0000C1
___wmul@product                           cstackBANK0  0000C5
___xxtofl                                 text2        0013C4
___xxtofl@arg                             cstackBANK0  0000CB
___xxtofl@exp                             cstackBANK0  0000CA
___xxtofl@sign                            cstackBANK0  0000C9
___xxtofl@val                             cstackBANK0  0000C1
__accesstop                               (abs)        000060
__activetblptr                            (abs)        000002
__end_of_CDCInitEP                        text60       003118
__end_of_CDCTxService                     text15       001A06
__end_of_I2C_Master_Init                  text29       003172
__end_of_I2C_Master_Start                 text36       0035F2
__end_of_I2C_Master_Stop                  text35       0035EA
__end_of_I2C_Master_Wait                  text37       0035B2
__end_of_I2C_Master_Write                 text34       0035E2
__end_of_I2C_Tsensor                      text26       0028B2
__end_of_I2C_Tsensor_CFG                  text32       003046
__end_of_I2C_Tsensor_init                 text31       0035CE
__end_of_I2C_nacksnd                      text33       0035D8
__end_of_LCD_Init                         text27       00165A
__end_of_LCD_Tsens1                       text21       00249A
__end_of_LCD_Tsens2                       text20       0023A0
__end_of_LCD_str                          text19       003216
__end_of_LCD_time                         text18       00179A
__end_of_PICinit                          text17       0035C0
__end_of_ProcessUSB                       text10       0020B0
__end_of_USBCBCheckOtherReq               text65       00360C
__end_of_USBCBErrorHandler                text64       00360A
__end_of_USBCBInitEP                      text59       0035F8
__end_of_USBCBSendResume                  text13       0032B2
__end_of_USBCBStdSetDscHandler            text58       003608
__end_of_USBCBSuspend                     text57       003606
__end_of_USBCBWakeFromSuspend             text14       003600
__end_of_USBCB_SOF_Handler                text56       003604
__end_of_USBCheckStdRequest               text49       002D2C
__end_of_USBConfigureEndpoint             text63       002C0A
__end_of_USBCtrlEPAllowDataStage          text48       002E3C
__end_of_USBCtrlEPAllowStatusStage        text68       002B76
__end_of_USBCtrlEPService                 text45       002728
__end_of_USBCtrlEPServiceComplete         text47       0027F6
__end_of_USBCtrlTrfInHandler              text69       002C9E
__end_of_USBCtrlTrfOutHandler             text66       003266
__end_of_USBCtrlTrfRxService              text67       0021AC
__end_of_USBCtrlTrfSetupHandler           text46       002F44
__end_of_USBCtrlTrfTxService              text70       00265A
__end_of_USBDeviceAttach                  text9        003472
__end_of_USBDeviceInit                    text7        0018D0
__end_of_USBDeviceTasks                   text40       001B38
__end_of_USBEnableEndpoint                text62       003404
__end_of_USBStallHandler                  text44       00343C
__end_of_USBStdFeatureReqHandler          text53       0013C4
__end_of_USBStdGetDscHandler              text52       001EAC
__end_of_USBStdSetCfgHandler              text50       00257C
__end_of_USBSuspend                       text43       00357C
__end_of_USBTransferOnePacket             text16       002A1C
__end_of_USBWakeFromSuspend               text42       003500
__end_of_USB_CD_Ptr                       smallconst   000309
__end_of_USB_SD_Ptr                       smallconst   000307
__end_of_USER_USB_CALLBACK_EVENT_HANDLER  text54       002FC6
__end_of_YourHighPriorityISRCode          intcode_body 001FB2
__end_of_YourLowPriorityISRCode           intcodelo    0000F8
__end_of___fladd                          text6        00116C
__end_of___flge                           text5        001D8C
__end_of___flneg                          text4        0034A2
__end_of___fltol                          text3        0022A6
__end_of___lldiv                          text30       002EC0
__end_of___lwdiv                          text25       0031C6
__end_of___lwmod                          text24       003386
__end_of___wmul                           text23       003554
__end_of___xxtofl                         text2        001518
__end_of__initialization                  cinit        002DA8
__end_of_configDescriptor1                smallconst   00034C
__end_of_device_dsc                       smallconst   0003C6
__end_of_getsUSBUSART                     text12       00296A
__end_of_main                             text0        000E2E
__end_of_memset                           text8        0034D2
__end_of_putUSBUSART                      text11       00359E
__end_of_sd000                            smallconst   0003CA
__end_of_sd001                            smallconst   0003B4
__end_of_sd002                            smallconst   000380
__end_of_wait                             text1        0030B2
__end_of_writeCommand                     text28       003342
__end_of_writeData                        text22       0032FA
__end_ofi2_USBCBWakeFromSuspend           text55       003602
__end_ofi2_USBDeviceInit                  text41       001C6A
__end_ofi2_USBTransferOnePacket           text61       002ACA
__end_ofi2_memset                         text51       00352C
__initialization                          cinit        002D2C
__mediumconst                             mediumconst  000000
__pbssBANK0                               bssBANK0     000060
__pbssBANK1                               bssBANK1     000100
__pbssCOMRAM                              bssCOMRAM    000035
__pcinit                                  cinit        002D2C
__pcstackBANK0                            cstackBANK0  0000AC
__pcstackBANK1                            cstackBANK1  0001AD
__pcstackCOMRAM                           cstackCOMRAM 000001
__pdataBANK0                              dataBANK0    0000E9
__pdataBANK1                              dataBANK1    00016C
__pdataCOMRAM                             dataCOMRAM   000058
__pidataBANK0                             idataBANK0   0035FC
__pidataBANK1                             idataBANK1   003386
__pidataCOMRAM                            idataCOMRAM  0035F8
__pintcode                                intcode      000008
__pintcode_body                           intcode_body 001EAC
__pintcodelo                              intcodelo    000018
__psmallconst                             smallconst   000300
__ptext0                                  text0        0003E2
__ptext1                                  text1        003046
__ptext10                                 text10       001FB2
__ptext11                                 text11       00357C
__ptext12                                 text12       0028B2
__ptext13                                 text13       003266
__ptext14                                 text14       0035FE
__ptext15                                 text15       0018D0
__ptext16                                 text16       00296A
__ptext17                                 text17       0035B2
__ptext18                                 text18       00165A
__ptext19                                 text19       0031C6
__ptext2                                  text2        0013C4
__ptext20                                 text20       0022A6
__ptext21                                 text21       0023A0
__ptext22                                 text22       0032B2
__ptext23                                 text23       00352C
__ptext24                                 text24       003342
__ptext25                                 text25       003172
__ptext26                                 text26       0027F6
__ptext27                                 text27       001518
__ptext28                                 text28       0032FA
__ptext29                                 text29       003118
__ptext3                                  text3        0021AC
__ptext30                                 text30       002E3C
__ptext31                                 text31       0035C0
__ptext32                                 text32       002FC6
__ptext33                                 text33       0035CE
__ptext34                                 text34       0035D8
__ptext35                                 text35       0035E2
__ptext36                                 text36       0035EA
__ptext37                                 text37       00359E
__ptext4                                  text4        003472
__ptext40                                 text40       001A06
__ptext41                                 text41       001B38
__ptext42                                 text42       0034D2
__ptext43                                 text43       003554
__ptext44                                 text44       003404
__ptext45                                 text45       00265A
__ptext46                                 text46       002EC0
__ptext47                                 text47       002728
__ptext48                                 text48       002DB6
__ptext49                                 text49       002C9E
__ptext5                                  text5        001C6A
__ptext50                                 text50       00249A
__ptext51                                 text51       003500
__ptext52                                 text52       001D8C
__ptext53                                 text53       00116C
__ptext54                                 text54       002F44
__ptext55                                 text55       003600
__ptext56                                 text56       003602
__ptext57                                 text57       003604
__ptext58                                 text58       003606
__ptext59                                 text59       0035F2
__ptext6                                  text6        000E2E
__ptext60                                 text60       0030B2
__ptext61                                 text61       002A1C
__ptext62                                 text62       0033C8
__ptext63                                 text63       002B76
__ptext64                                 text64       003608
__ptext65                                 text65       00360A
__ptext66                                 text66       003216
__ptext67                                 text67       0020B0
__ptext68                                 text68       002ACA
__ptext69                                 text69       002C0A
__ptext7                                  text7        00179A
__ptext70                                 text70       00257C
__ptext8                                  text8        0034A2
__ptext9                                  text9        00343C
__ramtop                                  ramtop       000300
__size_of_CDCInitEP                       (abs)        000000
__size_of_CDCTxService                    (abs)        000000
__size_of_I2C_Master_Init                 (abs)        000000
__size_of_I2C_Master_Start                (abs)        000000
__size_of_I2C_Master_Stop                 (abs)        000000
__size_of_I2C_Master_Wait                 (abs)        000000
__size_of_I2C_Master_Write                (abs)        000000
__size_of_I2C_Tsensor                     (abs)        000000
__size_of_I2C_Tsensor_CFG                 (abs)        000000
__size_of_I2C_Tsensor_init                (abs)        000000
__size_of_I2C_nacksnd                     (abs)        000000
__size_of_LCD_Init                        (abs)        000000
__size_of_LCD_Tsens1                      (abs)        000000
__size_of_LCD_Tsens2                      (abs)        000000
__size_of_LCD_str                         (abs)        000000
__size_of_LCD_time                        (abs)        000000
__size_of_PICinit                         (abs)        000000
__size_of_ProcessUSB                      (abs)        000000
__size_of_USBCBCheckOtherReq              (abs)        000000
__size_of_USBCBErrorHandler               (abs)        000000
__size_of_USBCBInitEP                     (abs)        000000
__size_of_USBCBSendResume                 (abs)        000000
__size_of_USBCBStdSetDscHandler           (abs)        000000
__size_of_USBCBSuspend                    (abs)        000000
__size_of_USBCBWakeFromSuspend            (abs)        000000
__size_of_USBCB_SOF_Handler               (abs)        000000
__size_of_USBCheckStdRequest              (abs)        000000
__size_of_USBConfigureEndpoint            (abs)        000000
__size_of_USBCtrlEPAllowDataStage         (abs)        000000
__size_of_USBCtrlEPAllowStatusStage       (abs)        000000
__size_of_USBCtrlEPService                (abs)        000000
__size_of_USBCtrlEPServiceComplete        (abs)        000000
__size_of_USBCtrlTrfInHandler             (abs)        000000
__size_of_USBCtrlTrfOutHandler            (abs)        000000
__size_of_USBCtrlTrfRxService             (abs)        000000
__size_of_USBCtrlTrfSetupHandler          (abs)        000000
__size_of_USBCtrlTrfTxService             (abs)        000000
__size_of_USBDeviceAttach                 (abs)        000000
__size_of_USBDeviceInit                   (abs)        000000
__size_of_USBDeviceTasks                  (abs)        000000
__size_of_USBEnableEndpoint               (abs)        000000
__size_of_USBStallHandler                 (abs)        000000
__size_of_USBStdFeatureReqHandler         (abs)        000000
__size_of_USBStdGetDscHandler             (abs)        000000
__size_of_USBStdSetCfgHandler             (abs)        000000
__size_of_USBSuspend                      (abs)        000000
__size_of_USBTransferOnePacket            (abs)        000000
__size_of_USBWakeFromSuspend              (abs)        000000
__size_of_USER_USB_CALLBACK_EVENT_HANDLER (abs)        000000
__size_of_YourHighPriorityISRCode         (abs)        000000
__size_of_YourLowPriorityISRCode          (abs)        000000
__size_of___fladd                         (abs)        000000
__size_of___flge                          (abs)        000000
__size_of___flneg                         (abs)        000000
__size_of___fltol                         (abs)        000000
__size_of___lldiv                         (abs)        000000
__size_of___lwdiv                         (abs)        000000
__size_of___lwmod                         (abs)        000000
__size_of___wmul                          (abs)        000000
__size_of___xxtofl                        (abs)        000000
__size_of_getsUSBUSART                    (abs)        000000
__size_of_main                            (abs)        000000
__size_of_memset                          (abs)        000000
__size_of_putUSBUSART                     (abs)        000000
__size_of_wait                            (abs)        000000
__size_of_writeCommand                    (abs)        000000
__size_of_writeData                       (abs)        000000
__size_ofi2_USBCBWakeFromSuspend          (abs)        000000
__size_ofi2_USBDeviceInit                 (abs)        000000
__size_ofi2_USBTransferOnePacket          (abs)        000000
__size_ofi2_memset                        (abs)        000000
__smallconst                              smallconst   000300
_angle_Dir                                dataCOMRAM   000058
_bitdata                                  bssBANK1     000100
_cdc_data_rx                              (abs)        000280
_cdc_data_tx                              (abs)        000260
_cdc_mem_type                             bssBANK0     0000A5
_cdc_notice                               (abs)        00028F
_cdc_rx_len                               bssBANK0     0000A7
_cdc_trf_state                            bssBANK0     0000AA
_cdc_tx_len                               bssBANK0     0000A6
_cnt100ms                                 bssBANK0     00009F
_cnt1hr                                   bssBANK0     000099
_cnt1min                                  bssBANK0     00009B
_cnt1s                                    bssBANK0     00009D
_cnt6s                                    bssCOMRAM    000043
_configDescriptor1                        smallconst   000309
_controlTransferState                     bssCOMRAM    00004F
_control_signal_bitmap                    bssCOMRAM    000051
_ct_bit                                   bssCOMRAM    00003F
_device_dsc                               smallconst   0003B4
_dummy_encapsulated_cmd_response          bssBANK1     00015C
_endpoint_number                          bssCOMRAM    00004E
_ep_data_in                               bssBANK0     000083
_ep_data_out                              bssBANK0     000080
_g_TimeCnt                                bssBANK0     0000A9
_getsUSBUSART                             text12       0028B2
_getsUSBUSART$2158                        cstackBANK0  0000CC
_inPipes                                  bssBANK0     000074
_line_coding                              (abs)        000288
_main                                     text0        0003E2
_main$4724                                cstackBANK1  0001BD
_memset                                   text8        0034A2
_moji                                     dataBANK1    00019B
_moji11                                   dataBANK1    00017F
_moji12                                   dataBANK1    00016C
_moji2                                    dataBANK1    000192
_outPipes                                 bssBANK0     000060
_pBDTEntryEP0OutCurrent                   bssCOMRAM    00003D
_pBDTEntryEP0OutNext                      bssCOMRAM    00003B
_pBDTEntryIn                              bssBANK0     000068
_pBDTEntryOut                             bssBANK0     00006E
_pCDCDst                                  bssBANK0     000086
_pCDCSrc                                  bssBANK0     000089
_pDst                                     bssCOMRAM    000039
_putUSBUSART                              text11       00357C
_pw_cycle_I_lv                            bssBANK0     000095
_pw_cycle_cnt                             bssBANK0     000097
_pw_cycle_lv                              bssCOMRAM    000041
_sd000                                    smallconst   0003C6
_sd001                                    smallconst   000380
_sd002                                    smallconst   00034C
_shortPacketStatus                        bssCOMRAM    000050
_stat                                     dataBANK0    0000EA
_tm_disp                                  bssBANK0     00007A
_tmp_disp                                 bssBANK0     00008C
_tpr                                      bssBANK0     0000A3
_tpr_AQ                                   bssBANK0     0000A1
_tpr_set_lv                               dataBANK0    0000E9
_wait                                     text1        003046
_writeCommand                             text28       0032FA
_writeData                                text22       0032B2
btemp                                     temp         00005C
end_of_initialization                     cinit        002DA8
getsUSBUSART@buffer                       cstackBANK0  0000C8
getsUSBUSART@len                          cstackBANK0  0000CA
i2USBDeviceInit@i                         cstackCOMRAM 000009
i2USBTransferOnePacket@data               cstackCOMRAM 000002
i2USBTransferOnePacket@dir                cstackCOMRAM 000001
i2USBTransferOnePacket@ep                 cstackCOMRAM 000005
i2USBTransferOnePacket@handle             cstackCOMRAM 000006
i2USBTransferOnePacket@len                cstackCOMRAM 000004
i2_USBCBWakeFromSuspend                   text55       003600
i2_USBDeviceInit                          text41       001B38
i2_USBTransferOnePacket                   text61       002A1C
i2_memset                                 text51       003500
i2memset@c                                cstackCOMRAM 000003
i2memset@n                                cstackCOMRAM 000005
i2memset@p                                cstackCOMRAM 000007
i2memset@p1                               cstackCOMRAM 000001
int$flags                                 temp         00005C
int_func                                  intcode_body 001EAC
intlevel0                                 text         000000
intlevel1                                 text         000000
intlevel2                                 text         000000
intlevel3                                 text         000000
main@LED_num                              cstackBANK1  0001B7
main@rotate                               cstackBANK1  0001BB
main@tmp_stat_cnt                         cstackBANK1  0001B9
memset@c                                  cstackBANK0  0000C3
memset@n                                  cstackBANK0  0000C5
memset@p                                  cstackBANK0  0000C7
memset@p1                                 cstackBANK0  0000C1
putUSBUSART@data                          cstackBANK0  0000C1
putUSBUSART@length                        cstackBANK0  0000C3
stackhi                                   (abs)        0002FF
stacklo                                   (abs)        000299
start                                     init         0000F8
start_initialization                      cinit        002D2C
wait@g_TimeCnt_tmp                        cstackBANK0  0000C6
wait@time                                 cstackBANK0  0000C1
writeCommand@t_command                    cstackBANK0  0000C5
writeData@t_data                          cstackBANK0  0000C5
wtemp6                                    temp         00005D


FUNCTION INFORMATION:

 *************** function _main *****************
 Defined at:
		line 91 in file "C:\pic\PIC18F\test02_3(pc)\main.c"
 Parameters:    Size  Location     Type
		None
 Auto vars:     Size  Location     Type
  rotate          2   14[BANK1 ] int 
  tmp_stat_cnt    2   12[BANK1 ] unsigned short 
  LED_num         2   10[BANK1 ] int 
  tmp_stat        2    0        unsigned short 
  i               2    0        int 
 Return value:  Size  Location     Type
                  1    wreg      void 
 Registers used:
		wreg, fsr1l, fsr1h, fsr2l, fsr2h, status,2, status,0, tblptrl, tblptrh, tblptru, prodl, prodh, cstack
 Tracked objects:
		On entry : 
		On exit  : 
		Unchanged: 
 Data sizes:     COMRAM   BANK0   BANK1 BANK2hl BANK2hh
      Params:         0       0       0       0       0
      Locals:         0       0      10       0       0
      Temps:          0       0       2       0       0
      Totals:         0       0      12       0       0
Total ram usage:       12 bytes
 Hardware stack levels required when called:   16
 This function calls:
		_I2C_Tsensor_init
		_LCD_Init
		_LCD_Tsens1
		_LCD_Tsens2
		_LCD_str
		_LCD_time
		_PICinit
		_ProcessUSB
		_USBDeviceAttach
		_USBDeviceInit
		___fladd
		___flge
		___flneg
		___fltol
		___xxtofl
		_wait
		_writeCommand
 This function is called by:
		Startup code after reset
 This function uses a non-reentrant model


 *************** function _wait *****************
 Defined at:
		line 764 in file "C:\pic\PIC18F\test02_3(pc)\main.c"
 Parameters:    Size  Location     Type
  time            2   21[BANK0 ] int 
 Auto vars:     Size  Location     Type
  g_TimeCnt_tm    2   26[BANK0 ] int 
 Return value:  Size  Location     Type
                  1    wreg      void 
 Registers used:
		wreg, status,2, status,0
 Tracked objects:
		On entry : 
		On exit  : 
		Unchanged: 
 Data sizes:     COMRAM   BANK0   BANK1 BANK2hl BANK2hh
      Params:         0       2       0       0       0
      Locals:         0       2       0       0       0
      Temps:          0       3       0       0       0
      Totals:         0       7       0       0       0
Total ram usage:        7 bytes
 Hardware stack levels used:    1
 Hardware stack levels required when called:   12
 This function calls:
		Nothing
 This function is called by:
		_main
 This function uses a non-reentrant model


 *************** function ___xxtofl *****************
 Defined at:
		line 10 in file "C:\Program Files (x86)\Microchip\xc8\v1.45\sources\common\xxtofl.c"
 Parameters:    Size  Location     Type
  sign            1    wreg     unsigned char 
  val             4   21[BANK0 ] long 
 Auto vars:     Size  Location     Type
  sign            1   29[BANK0 ] unsigned char 
  arg             4   31[BANK0 ] unsigned long 
  exp             1   30[BANK0 ] unsigned char 
 Return value:  Size  Location     Type
                  4   21[BANK0 ] unsigned char 
 Registers used:
		wreg, status,2, status,0
 Tracked objects:
		On entry : 
		On exit  : 
		Unchanged: 
 Data sizes:     COMRAM   BANK0   BANK1 BANK2hl BANK2hh
      Params:         0       4       0       0       0
      Locals:         0       6       0       0       0
      Temps:          0       4       0       0       0
      Totals:         0      14       0       0       0
Total ram usage:       14 bytes
 Hardware stack levels used:    1
[...]
 Defined at:
		line 244 in file "C:\pic\PIC18F\test02_3(pc)\usb_set.h"
 Parameters:    Size  Location     Type
		None
 Auto vars:     Size  Location     Type
		None
 Return value:  Size  Location     Type
                  1    wreg      void 
 Registers used:
		None
 Tracked objects:
		On entry : 
		On exit  : 
		Unchanged: 
 Data sizes:     COMRAM   BANK0   BANK1 BANK2hl BANK2hh
      Params:         0       0       0       0       0
      Locals:         0       0       0       0       0
      Temps:          0       0       0       0       0
      Totals:         0       0       0       0       0
Total ram usage:        0 bytes
 Hardware stack levels used:    1
 This function calls:
		Nothing
 This function is called by:
		_USER_USB_CALLBACK_EVENT_HANDLER
 This function uses a non-reentrant model


 *************** function _USBCBInitEP *****************
 Defined at:
		line 256 in file "C:\pic\PIC18F\test02_3(pc)\usb_set.h"
 Parameters:    Size  Location     Type
		None
 Auto vars:     Size  Location     Type
		None
 Return value:  Size  Location     Type
                  1    wreg      void 
 Registers used:
		wreg, fsr2l, fsr2h, status,2, status,0, prodl, prodh, cstack
 Tracked objects:
		On entry : 
		On exit  : 
		Unchanged: 
 Data sizes:     COMRAM   BANK0   BANK1 BANK2hl BANK2hh
      Params:         0       0       0       0       0
      Locals:         0       0       0       0       0
      Temps:          0       0       0       0       0
      Totals:         0       0       0       0       0
Total ram usage:        0 bytes
 Hardware stack levels used:    1
 Hardware stack levels required when called:    3
 This function calls:
		_CDCInitEP
 This function is called by:
		_USER_USB_CALLBACK_EVENT_HANDLER
 This function uses a non-reentrant model


 *************** function _CDCInitEP *****************
 Defined at:
		line 216 in file "C:\pic\PIC18F\test02_3(pc)\usb_function_cdc.c"
 Parameters:    Size  Location     Type
		None
 Auto vars:     Size  Location     Type
		None
 Return value:  Size  Location     Type
                  1    wreg      void 
 Registers used:
		wreg, fsr2l, fsr2h, status,2, status,0, prodl, prodh, cstack
 Tracked objects:
		On entry : 
		On exit  : 
		Unchanged: 
 Data sizes:     COMRAM   BANK0   BANK1 BANK2hl BANK2hh
      Params:         0       0       0       0       0
      Locals:         0       0       0       0       0
      Temps:          0       0       0       0       0
      Totals:         0       0       0       0       0
Total ram usage:        0 bytes
 Hardware stack levels used:    1
 Hardware stack levels required when called:    2
 This function calls:
		_USBEnableEndpoint
		i2_USBTransferOnePacket
 This function is called by:
		_USBCBInitEP
 This function uses a non-reentrant model


 *************** function i2_USBTransferOnePacket *****************
 Defined at:
		line 502 in file "C:\pic\PIC18F\test02_3(pc)\usb_device.c"
 Parameters:    Size  Location     Type
  ep              1    wreg     unsigned char 
  dir             1    0[COMRAM] unsigned char 
  data            2    1[COMRAM] PTR unsigned char 
		 -> cdc_data_tx(32), NULL(0), cdc_data_rx(8), 
  len             1    3[COMRAM] unsigned char 
 Auto vars:     Size  Location     Type
  ep              1    4[COMRAM] unsigned char 
  USBTransferO    2    5[COMRAM] PTR volatile struct __BD
		 -> BDT(48), NULL(0), 
 Return value:  Size  Location     Type
                  2    0[COMRAM] PTR void 
 Registers used:
		wreg, fsr2l, fsr2h, status,2, status,0, prodl, prodh
 Tracked objects:
		On entry : 
		On exit  : 
		Unchanged: 
 Data sizes:     COMRAM   BANK0   BANK1 BANK2hl BANK2hh
      Params:         4       0       0       0       0
      Locals:         3       0       0       0       0
      Temps:          0       0       0       0       0
      Totals:         7       0       0       0       0
Total ram usage:        7 bytes
 Hardware stack levels used:    1
 This function calls:
		Nothing
 This function is called by:
		_CDCInitEP
 This function uses a non-reentrant model


 *************** function _USBEnableEndpoint *****************
 Defined at:
		line 467 in file "C:\pic\PIC18F\test02_3(pc)\usb_device.c"
 Parameters:    Size  Location     Type
  ep              1    wreg     unsigned char 
  options         1    8[COMRAM] unsigned char 
 Auto vars:     Size  Location     Type
  ep              1   11[COMRAM] unsigned char 
  p               2    9[COMRAM] PTR unsigned char 
		 -> UEP0(1), 
 Return value:  Size  Location     Type
                  1    wreg      void 
 Registers used:
		wreg, fsr2l, fsr2h, status,2, status,0, prodl, prodh, cstack
 Tracked objects:
		On entry : 
		On exit  : 
		Unchanged: 
 Data sizes:     COMRAM   BANK0   BANK1 BANK2hl BANK2hh
      Params:         1       0       0       0       0
      Locals:         3       0       0       0       0
      Temps:          0       0       0       0       0
      Totals:         4       0       0       0       0
Total ram usage:        4 bytes
 Hardware stack levels used:    1
 Hardware stack levels required when called:    1
 This function calls:
		_USBConfigureEndpoint
 This function is called by:
		_CDCInitEP
 This function uses a non-reentrant model


 *************** function _USBConfigureEndpoint *****************
 Defined at:
		line 684 in file "C:\pic\PIC18F\test02_3(pc)\usb_device.c"
 Parameters:    Size  Location     Type
  EPNum           1    wreg     unsigned char 
  direction       1    0[COMRAM] unsigned char 
 Auto vars:     Size  Location     Type
  EPNum           1    5[COMRAM] unsigned char 
  handle          2    6[COMRAM] PTR volatile struct __BD
		 -> BDT(48), 
 Return value:  Size  Location     Type
                  1    wreg      void 
 Registers used:
		wreg, fsr2l, fsr2h, status,2, status,0, prodl, prodh
 Tracked objects:
		On entry : 
		On exit  : 
		Unchanged: 
 Data sizes:     COMRAM   BANK0   BANK1 BANK2hl BANK2hh
      Params:         1       0       0       0       0
      Locals:         3       0       0       0       0
      Temps:          4       0       0       0       0
      Totals:         8       0       0       0       0
Total ram usage:        8 bytes
 Hardware stack levels used:    1
 This function calls:
		Nothing
 This function is called by:
		_USBEnableEndpoint
 This function uses a non-reentrant model


 *************** function _USBCBErrorHandler *****************
 Defined at:
		line 223 in file "C:\pic\PIC18F\test02_3(pc)\usb_set.h"
 Parameters:    Size  Location     Type
		None
 Auto vars:     Size  Location     Type
		None
 Return value:  Size  Location     Type
                  1    wreg      void 
 Registers used:
		None
 Tracked objects:
		On entry : 
		On exit  : 
		Unchanged: 
 Data sizes:     COMRAM   BANK0   BANK1 BANK2hl BANK2hh
      Params:         0       0       0       0       0
      Locals:         0       0       0       0       0
      Temps:          0       0       0       0       0
      Totals:         0       0       0       0       0
Total ram usage:        0 bytes
 Hardware stack levels used:    1
 This function calls:
		Nothing
 This function is called by:
		_USER_USB_CALLBACK_EVENT_HANDLER
 This function uses a non-reentrant model


 *************** function _USBCBCheckOtherReq *****************
 Defined at:
		line 232 in file "C:\pic\PIC18F\test02_3(pc)\usb_set.h"
 Parameters:    Size  Location     Type
		None
 Auto vars:     Size  Location     Type
		None
 Return value:  Size  Location     Type
                  1    wreg      void 
 Registers used:
		None
 Tracked objects:
		On entry : 
		On exit  : 
		Unchanged: 
 Data sizes:     COMRAM   BANK0   BANK1 BANK2hl BANK2hh
      Params:         0       0       0       0       0
      Locals:         0       0       0       0       0
      Temps:          0       0       0       0       0
      Totals:         0       0       0       0       0
Total ram usage:        0 bytes
 Hardware stack levels used:    1
 This function calls:
		Nothing
 This function is called by:
		_USER_USB_CALLBACK_EVENT_HANDLER
 This function uses a non-reentrant model


 *************** function _USBCtrlTrfOutHandler *****************
 Defined at:
		line 1196 in file "C:\pic\PIC18F\test02_3(pc)\usb_device.c"
 Parameters:    Size  Location     Type
		None
 Auto vars:     Size  Location     Type
		None
 Return value:  Size  Location     Type
                  1    wreg      void 
 Registers used:
		wreg, fsr1l, fsr1h, fsr2l, fsr2h, status,2, status,0, prodl, prodh, cstack
 Tracked objects:
		On entry : 
		On exit  : 
		Unchanged: 
 Data sizes:     COMRAM   BANK0   BANK1 BANK2hl BANK2hh
      Params:         0       0       0       0       0
      Locals:         0       0       0       0       0
      Temps:          0       0       0       0       0
      Totals:         0       0       0       0       0
Total ram usage:        0 bytes
 Hardware stack levels used:    1
 Hardware stack levels required when called:    2
 This function calls:
		_USBCtrlTrfRxService
 This function is called by:
		_USBCtrlEPService
 This function uses a non-reentrant model


 *************** function _USBCtrlTrfRxService *****************
 Defined at:
		line 863 in file "C:\pic\PIC18F\test02_3(pc)\usb_device.c"
 Parameters:    Size  Location     Type
		None
 Auto vars:     Size  Location     Type
  byteToRead      1    3[COMRAM] unsigned char 
  i               1    2[COMRAM] unsigned char 
 Return value:  Size  Location     Type
                  1    wreg      void 
 Registers used:
		wreg, fsr1l, fsr1h, fsr2l, fsr2h, status,2, status,0, prodl, prodh, cstack
 Tracked objects:
		On entry : 
		On exit  : 
		Unchanged: 
 Data sizes:     COMRAM   BANK0   BANK1 BANK2hl BANK2hh
      Params:         0       0       0       0       0
      Locals:         2       0       0       0       0
      Temps:          2       0       0       0       0
      Totals:         4       0       0       0       0
Total ram usage:        4 bytes
 Hardware stack levels used:    1
 Hardware stack levels required when called:    1
 This function calls:
		_USBCtrlEPAllowStatusStage
 This function is called by:
		_USBCtrlTrfOutHandler
 This function uses a non-reentrant model


 *************** function _USBCtrlEPAllowStatusStage *****************
 Defined at:
		line 602 in file "C:\pic\PIC18F\test02_3(pc)\usb_device.c"
 Parameters:    Size  Location     Type
		None
 Auto vars:     Size  Location     Type
		None
 Return value:  Size  Location     Type
                  1    wreg      void 
 Registers used:
		wreg, fsr2l, fsr2h, status,2, status,0
 Tracked objects:
		On entry : 
		On exit  : 
		Unchanged: 
 Data sizes:     COMRAM   BANK0   BANK1 BANK2hl BANK2hh
      Params:         0       0       0       0       0
      Locals:         0       0       0       0       0
      Temps:          0       0       0       0       0
      Totals:         0       0       0       0       0
Total ram usage:        0 bytes
 Hardware stack levels used:    1
 This function calls:
		Nothing
 This function is called by:
		_USBDeviceTasks
		_USBCtrlEPServiceComplete
		_USBCtrlTrfRxService
 This function uses a non-reentrant model


 *************** function _USBCtrlTrfInHandler *****************
 Defined at:
		line 1234 in file "C:\pic\PIC18F\test02_3(pc)\usb_device.c"
 Parameters:    Size  Location     Type
		None
 Auto vars:     Size  Location     Type
  lastDTS         1    3[COMRAM] unsigned char 
 Return value:  Size  Location     Type
                  1    wreg      void 
 Registers used:
		wreg, fsr1l, fsr1h, fsr2l, fsr2h, status,2, status,0, tblptrl, tblptrh, tblptru, cstack
 Tracked objects:
		On entry : 
		On exit  : 
		Unchanged: 
 Data sizes:     COMRAM   BANK0   BANK1 BANK2hl BANK2hh
      Params:         0       0       0       0       0
      Locals:         1       0       0       0       0
      Temps:          0       0       0       0       0
      Totals:         1       0       0       0       0
Total ram usage:        1 bytes
 Hardware stack levels used:    1
 Hardware stack levels required when called:    1
 This function calls:
		_USBCtrlTrfTxService
 This function is called by:
		_USBCtrlEPService
 This function uses a non-reentrant model


 *************** function _USBCtrlTrfTxService *****************
 Defined at:
		line 811 in file "C:\pic\PIC18F\test02_3(pc)\usb_device.c"
 Parameters:    Size  Location     Type
		None
 Auto vars:     Size  Location     Type
  byteToSend      1    2[COMRAM] unsigned char 
 Return value:  Size  Location     Type
                  1    wreg      void 
 Registers used:
		wreg, fsr1l, fsr1h, fsr2l, fsr2h, status,2, status,0, tblptrl, tblptrh, tblptru
 Tracked objects:
		On entry : 
		On exit  : 
		Unchanged: 
 Data sizes:     COMRAM   BANK0   BANK1 BANK2hl BANK2hh
      Params:         0       0       0       0       0
      Locals:         1       0       0       0       0
      Temps:          2       0       0       0       0
      Totals:         3       0       0       0       0
Total ram usage:        3 bytes
 Hardware stack levels used:    1
 This function calls:
		Nothing
 This function is called by:
		_USBCtrlEPAllowDataStage
		_USBCtrlTrfInHandler
 This function uses a non-reentrant model



MODULE INFORMATION

Module		Function		Class		Link	Load	Size
C:\Program Files (x86)\Microchip\xc8\v1.45\sources\common\flge.c
		___flge        		CODE           	1C6A	0000	291

C:\Program Files (x86)\Microchip\xc8\v1.45\sources\common\flge.c estimated size: 291

C:\pic\PIC18F\test02_3(pc)\usb_device.c
		_USBCtrlTrfInHandler		CODE           	2C0A	0000	149
		_USBTransferOnePacket		CODE           	296A	0000	179
		_USBDeviceAttach		CODE           	343C	0000	55
		_USBStdGetDscHandler		CODE           	1D8C	0000	289
		_USBCtrlEPAllowDataStage		CODE           	2DB6	0000	135
		_USBStdFeatureReqHandler		CODE           	116C	0000	601
		_USBCtrlEPAllowStatusStage		CODE           	2ACA	0000	173
		_USBCtrlTrfSetupHandler		CODE           	2EC0	0000	133
		_USBCtrlTrfOutHandler		CODE           	3216	0000	81
		_USBCtrlEPServiceComplete		CODE           	2728	0000	207
		_USBSuspend    		CODE           	3554	0000	41
		_USBStdSetCfgHandler		CODE           	249A	0000	227
		_USBWakeFromSuspend		CODE           	34D2	0000	47
		_USBCtrlTrfRxService		CODE           	20B0	0000	253
		_USBCtrlTrfTxService		CODE           	257C	0000	223
		_USBEnableEndpoint		CODE           	33C8	0000	61
		_USBConfigureEndpoint		CODE           	2B76	0000	149
		_USBDeviceInit 		CODE           	179A	0000	311
		_USBCtrlEPService		CODE           	265A	0000	207
		_USBStallHandler		CODE           	3404	0000	57
		_USBDeviceTasks		CODE           	1A06	0000	307
		_USBCheckStdRequest		CODE           	2C9E	0000	143

C:\pic\PIC18F\test02_3(pc)\usb_device.c estimated size: 4028

C:\Program Files (x86)\Microchip\xc8\v1.45\sources\common\Umul16.c
		___wmul        		CODE           	352C	0000	41

C:\Program Files (x86)\Microchip\xc8\v1.45\sources\common\Umul16.c estimated size: 41

C:\Program Files (x86)\Microchip\xc8\v1.45\sources\common\sprcadd.c
		___fladd       		CODE           	0E2E	0000	831

C:\Program Files (x86)\Microchip\xc8\v1.45\sources\common\sprcadd.c estimated size: 831

C:\Program Files (x86)\Microchip\xc8\v1.45\sources\common\lwmod.c
		___lwmod       		CODE           	3342	0000	69

C:\Program Files (x86)\Microchip\xc8\v1.45\sources\common\lwmod.c estimated size: 69

C:\pic\PIC18F\test02_3(pc)\usb_function_cdc.c
		_CDCTxService  		CODE           	18D0	0000	311
		_CDCInitEP     		CODE           	30B2	0000	103
		_putUSBUSART   		CODE           	357C	0000	35
		_getsUSBUSART  		CODE           	28B2	0000	185

C:\pic\PIC18F\test02_3(pc)\usb_function_cdc.c estimated size: 634

C:\Program Files (x86)\Microchip\xc8\v1.45\sources\common\fltol.c
		___fltol       		CODE           	21AC	0000	251

C:\Program Files (x86)\Microchip\xc8\v1.45\sources\common\fltol.c estimated size: 251

shared
		_configDescriptor1		SMALLCONST     	0309	0000	68
		_USB_CD_Ptr    		SMALLCONST     	0307	0000	3
		_sd001         		SMALLCONST     	0380	0000	53
		_sd002         		SMALLCONST     	034C	0000	53
		i2_USBDeviceInit		CODE           	1B38	0000	307
		__initialization		CODE           	2D2C	0000	125
		_device_dsc    		SMALLCONST     	03B4	0000	19
		_USB_SD_Ptr    		SMALLCONST     	0301	0000	7
		i2_memset      		CODE           	3500	0000	45
		i2_USBCBWakeFromSuspend		CODE           	3600	0000	3
		_sd000         		SMALLCONST     	03C6	0000	5
		i2_USBTransferOnePacket		CODE           	2A1C	0000	175

shared estimated size: 863

C:\pic\PIC18F\test02_3(pc)\usb_set.h
		_USBCBErrorHandler		CODE           	3608	0000	3
		_USBCBWakeFromSuspend		CODE           	35FE	0000	3
		_USER_USB_CALLBACK_EVENT_HANDLER		CODE           	2F44	0000	131
		_USBCBSendResume		CODE           	3266	0000	77
		_USBCBStdSetDscHandler		CODE           	3606	0000	3
		_USBCBInitEP   		CODE           	35F2	0000	7
		_ProcessUSB    		CODE           	1FB2	0000	255
		_USBCB_SOF_Handler		CODE           	3602	0000	3
		_USBCBSuspend  		CODE           	3604	0000	3
		_USBCBCheckOtherReq		CODE           	360A	0000	3

C:\pic\PIC18F\test02_3(pc)\usb_set.h estimated size: 488

C:\pic\PIC18F\test02_3(pc)\./i2c.h
		_LCD_Init      		CODE           	1518	0000	323
		_writeCommand  		CODE           	32FA	0000	73
		_PICinit       		CODE           	35B2	0000	15
		_I2C_Master_Wait		CODE           	359E	0000	21
		_I2C_Master_Init		CODE           	3118	0000	91
		_I2C_Master_Stop		CODE           	35E2	0000	9
		_I2C_nacksnd   		CODE           	35CE	0000	11
		_LCD_time      		CODE           	165A	0000	321
		_I2C_Tsensor   		CODE           	27F6	0000	189
		_LCD_str       		CODE           	31C6	0000	81
		_I2C_Tsensor_init		CODE           	35C0	0000	15
		_writeData     		CODE           	32B2	0000	73
		_I2C_Master_Write		CODE           	35D8	0000	11
		_I2C_Tsensor_CFG		CODE           	2FC6	0000	129
		_I2C_Master_Start		CODE           	35EA	0000	9
		_LCD_Tsens1    		CODE           	23A0	0000	251
		_LCD_Tsens2    		CODE           	22A6	0000	251

C:\pic\PIC18F\test02_3(pc)\./i2c.h estimated size: 1873

C:\Program Files (x86)\Microchip\xc8\v1.45\sources\common\lwdiv.c
		___lwdiv       		CODE           	3172	0000	85

C:\Program Files (x86)\Microchip\xc8\v1.45\sources\common\lwdiv.c estimated size: 85

C:\Program Files (x86)\Microchip\xc8\v1.45\sources\common\lldiv.c
		___lldiv       		CODE           	2E3C	0000	133

C:\Program Files (x86)\Microchip\xc8\v1.45\sources\common\lldiv.c estimated size: 133

C:\Program Files (x86)\Microchip\xc8\v1.45\sources\common\xxtofl.c
		___xxtofl      		CODE           	13C4	0000	341

C:\Program Files (x86)\Microchip\xc8\v1.45\sources\common\xxtofl.c estimated size: 341

C:\pic\PIC18F\test02_3(pc)\main.c
		_main          		CODE           	03E2	0000	2637
		_YourLowPriorityISRCode		CODE           	0018	0000	225
		_YourHighPriorityISRCode		CODE           	0008	0000	269
		_wait          		CODE           	3046	0000	109

C:\pic\PIC18F\test02_3(pc)\main.c estimated size: 3240

C:\Program Files (x86)\Microchip\xc8\v1.45\sources\common\flneg.c
		___flneg       		CODE           	3472	0000	49

C:\Program Files (x86)\Microchip\xc8\v1.45\sources\common\flneg.c estimated size: 49

C:\Program Files (x86)\Microchip\xc8\v1.45\sources\common\memset.c
		_memset        		CODE           	34A2	0000	49

C:\Program Files (x86)\Microchip\xc8\v1.45\sources\common\memset.c estimated size: 49

