Microchip MPLAB XC8 Compiler V1.32 ()

Linker command line:

--edf=C:\Program Files (x86)\Microchip\xc8\v1.32\dat\en_msgs.txt -cs \
  -h+dist/default/production\CDC_-_Basic.X.production.sym \
  --cmf=dist/default/production\CDC_-_Basic.X.production.cmf -z -Q18F14K50 \
  -oC:\Users\user\AppData\Local\Temp\stg.6 \
  -Mdist/default/production/CDC_-_Basic.X.production.map -E1 -ver=XC8 \
  -ASTACK=0148h-01ffh -pstack=STACK -ACODE=00h-03FFFh -ACONST=00h-03FFFh \
  -ASMALLCONST=0300h-03FFhx61 -AMEDIUMCONST=0300h-03FFFh -ACOMRAM=01h-05Fh \
  -AABS1=00h-02FFh -ABIGRAM=01h-02FFh -ARAM=060h-0FFh,0100h-01FFhx2 \
  -ABANK0=060h-0FFh -ABANK1=0100h-01FFh -ABANK2=0200h-02FFh \
  -ASFR=0F53h-0F5Fh,0F60h-0FFFh \
  -preset_vec=00h,intcode=08h,intcodelo=018h,powerup,init,end_init \
  -pramtop=0300h -psmallconst=SMALLCONST -pmediumconst=MEDIUMCONST \
  -pconst=CONST -AFARRAM=00h-00h -ACONFIG=0300000h-030000Dh -pconfig=CONFIG \
  -AIDLOC=0200000h-0200007h -pidloc=IDLOC -AEEDATA=0F00000h-0F000FFh \
  -peeprom_data=EEDATA \
  -prdata=COMRAM,nvrram=COMRAM,nvbit=COMRAM,rbss=COMRAM,rbit=COMRAM \
  -pfarbss=FARRAM,fardata=FARRAM,nvFARRAM=FARRAM \
  -pintsave_regs=BIGRAM,bigbss=BIGRAM,bigdata=BIGRAM -pbss=RAM \
  -pidata=CODE,irdata=CODE,ibigdata=CODE,ifardata=CODE \
  C:\Users\user\AppData\Local\Temp\stg.obj \
  dist/default/production\CDC_-_Basic.X.production.obj 

Object code version is 3.11

Machine type is 18F14K50

Call graph: (short form)




                Name                               Link     Load   Length Selector   Space Scale
C:\Users\user\AppData\Local\Temp\stg.obj
                end_init                             A2       A2        4        C       0
                reset_vec                             0        0        4        0       0
                idloc                            200000   200000        8   200000       0
                config                           300000   300000        E   300000       0
dist/default/production\CDC_-_Basic.X.production.obj
                intcodelo                            18       18       8A        C       0
                intcode                               8        8       10        4       0
                smallconst                          300      300       CC      180       0
                text43                             1154     1154       F6      1E6       0
                text42                             16F0     16F0       9C      1E6       0
                text41                             15A6     15A6       AC      1E6       0
                text40                              D48      D48      10E      1E6       0
                text39                             1A9C     1A9C       4E      1E6       0
                text38                             1D3C     1D3C        2      1E6       0
                text37                             1D3A     1D3A        2      1E6       0
                text36                             1652     1652       9E      1E6       0
                text35                             1B36     1B36       48      1E6       0
                text34                             14E8     14E8       BE      1E6       0
                text33                             19B8     19B8       7A      1E6       0
                text32                             1D2A     1D2A        6      1E6       0
                text31                             1D38     1D38        2      1E6       0
                text30                             1D36     1D36        2      1E6       0
                text29                             1D34     1D34        2      1E6       0
                text28                             1D32     1D32        2      1E6       0
                text27                             1936     1936       82      1E6       0
                text26                              3CC      3CC      2AC      1E6       0
                text25                              AD2      AD2      13E      1E6       0
                text24                             1CAE     1CAE       2C      1E6       0
                text23                             105E     105E       F6      1E6       0
                text22                             181E     181E       8E      1E6       0
                text21                             18AC     18AC       8A      1E6       0
                text20                             141C     141C       CC      1E6       0
                text19                             178C     178C       92      1E6       0
                text18                             1336     1336       E6      1E6       0
                text17                             1BEC     1BEC       36      1E6       0
                text16                             1D02     1D02       28      1E6       0
                text15                             1C80     1C80       2E      1E6       0
                text14                              97A      97A      158      1E6       0
                text13                              C10      C10      138      1E6       0
                intcode_body                       1A32     1A32       6A      1E6       0
                text10                             124A     124A       EC      1E6       0
                text9                               678      678      188      1E6       0
                text8                              1D30     1D30        2      1E6       0
                text7                              1AEA     1AEA       4C      1E6       0
                text6                               F5A      F5A      104      1E6       0
                text5                              1CDA     1CDA       28      1E6       0
                text4                               E56      E56      104      1E6       0
                text3                              1C22     1C22       30      1E6       0
                text2                              1B7E     1B7E       38      1E6       0
                text1                               800      800      17A      1E6       0
                text0                              1BB6     1BB6       36      1E6       0
                cstackCOMRAM                          1        1       30        1       1
                cstackBANK0                          D6       D6       19       60       1
                cstackBANK1                         140      140        8      100       1
                bssBANK1                            100      100       40      100       1
                bssBANK0                             60       60       76       60       1
                bssCOMRAM                            31       31       1E        1       1
                cinit                              1C52     1C52       2E      1E6       0

TOTAL           Name                               Link     Load   Length     Space
        CLASS   STACK          

        CLASS   CODE           
                end_init                             A2       A2        4         0
                intcodelo                            18       18       8A         0
                intcode                               8        8       10         0
                reset_vec                             0        0        4         0
                text43                             1154     1154       F6         0
                text42                             16F0     16F0       9C         0
                text41                             15A6     15A6       AC         0
                text40                              D48      D48      10E         0
                text39                             1A9C     1A9C       4E         0
                text38                             1D3C     1D3C        2         0
                text37                             1D3A     1D3A        2         0
                text36                             1652     1652       9E         0
                text35                             1B36     1B36       48         0
                text34                             14E8     14E8       BE         0
                text33                             19B8     19B8       7A         0
                text32                             1D2A     1D2A        6         0
                text31                             1D38     1D38        2         0
                text30                             1D36     1D36        2         0
                text29                             1D34     1D34        2         0
                text28                             1D32     1D32        2         0
                text27                             1936     1936       82         0
                text26                              3CC      3CC      2AC         0
                text25                              AD2      AD2      13E         0
                text24                             1CAE     1CAE       2C         0
                text23                             105E     105E       F6         0
                text22                             181E     181E       8E         0
                text21                             18AC     18AC       8A         0
                text20                             141C     141C       CC         0
                text19                             178C     178C       92         0
                text18                             1336     1336       E6         0
                text17                             1BEC     1BEC       36         0
                text16                             1D02     1D02       28         0
                text15                             1C80     1C80       2E         0
                text14                              97A      97A      158         0
                text13                              C10      C10      138         0
                intcode_body                       1A32     1A32       6A         0
                text10                             124A     124A       EC         0
                text9                               678      678      188         0
                text8                              1D30     1D30        2         0
                text7                              1AEA     1AEA       4C         0
                text6                               F5A      F5A      104         0
                text5                              1CDA     1CDA       28         0
                text4                               E56      E56      104         0
                text3                              1C22     1C22       30         0
                text2                              1B7E     1B7E       38         0
                text1                               800      800      17A         0
                text0                              1BB6     1BB6       36         0
                cinit                              1C52     1C52       2E         0

        CLASS   CONST          

        CLASS   SMALLCONST     
                smallconst                          300      300       CC         0

        CLASS   MEDIUMCONST    

        CLASS   COMRAM         
                cstackCOMRAM                          1        1       30         1
                bssCOMRAM                            31       31       1E         1

        CLASS   ABS1           
                abs_s1                              200      200       40         1
                abs_s1                              260      260       91         1

        CLASS   BIGRAM         

        CLASS   RAM            

        CLASS   BANK0          
                cstackBANK0                          D6       D6       19         1
                bssBANK0                             60       60       76         1

        CLASS   BANK1          
                cstackBANK1                         140      140        8         1
                bssBANK1                            100      100       40         1

        CLASS   BANK2          

        CLASS   SFR            

        CLASS   FARRAM         

        CLASS   CONFIG         
                config                           300000   300000        E         0

        CLASS   IDLOC          
                idloc                            200000   200000        8         0

        CLASS   EEDATA         



SEGMENTS        Name                           Load    Length   Top    Selector   Space  Class

                reset_vec                      000000  000004  000004         0       0  CODE    
                cstackCOMRAM                   000001  00004E  00004F         1       1  COMRAM  
                intcode                        000008  000010  000018         4       0  CODE    
                intcodelo                      000018  00008E  0000A6         C       0  CODE    
                bssBANK0                       000060  00008F  0000EF        60       1  BANK0   
                bssBANK1                       000100  000048  000148       100       1  BANK1   
                smallconst                     000300  0000CC  0003CC       180       0  SMALLCON
                text26                         0003CC  001972  001D3E       1E6       0  CODE    
                idloc                          200000  000008  200008    200000       0  IDLOC   
                config                         300000  00000E  30000E    300000       0  CONFIG  


UNUSED ADDRESS RANGES

        Name                Unused          Largest block    Delta
        BANK0            0000EF-0000FF               11
        BANK1            000148-0001FF               B8
        BANK2            000240-00025F               20
                         0002F1-0002FF                F
        BIGRAM           00004F-00005F               11
                         0000EF-0000FF               11
                         000148-0001FF               B8
                         000240-00025F               20
                         0002F1-0002FF                F
        CODE             000004-000007                4
                         0000A6-0002FF              25A
                         001D3E-003FFF             22C2
        COMRAM           00004F-00005F               11
        CONST            000004-000007                4
                         0000A6-0002FF              25A
                         001D3E-003FFF             22C2
        EEDATA           F00000-F000FF              100
        MEDIUMCONST      001D3E-003FFF             22C2
        RAM              0000EF-0000FF               11
                         000148-0001FF               B8
                         000240-00025F               20
                         0002F1-0002FF                F
        SFR              000F53-000FFF                D
        SMALLCONST       001D3E-003FFF              100
        STACK            000148-0001FF               B8

                                  Symbol Table

?_USBTransferOnePacket                    cstackBANK0  0000E7
?i2_USBTransferOnePacket                  cstackCOMRAM 000012
CDCTxService@byte_to_send                 cstackBANK1  000143
CDCTxService@i                            cstackBANK1  000142
ProcessUSB@i                              cstackBANK1  000147
ProcessUSB@numBytesRead                   cstackBANK1  000146
USBCBSendResume@delay_count               bssCOMRAM    000035
USBConfigureEndpoint@EPNum                cstackCOMRAM 000017
USBConfigureEndpoint@direction            cstackCOMRAM 000012
USBConfigureEndpoint@handle               cstackCOMRAM 000018
USBCtrlEPService@setup_cnt                cstackCOMRAM 000030
USBCtrlTrfInHandler@lastDTS               cstackCOMRAM 000015
USBCtrlTrfRxService@byteToRead            cstackCOMRAM 000015
USBCtrlTrfRxService@i                     cstackCOMRAM 000014
USBCtrlTrfTxService@byteToSend            cstackCOMRAM 000014
USBDeviceInit@i                           cstackBANK1  000140
USBDeviceTasks@i                          cstackBANK0  0000D8
USBEnableEndpoint@ep                      cstackCOMRAM 00001F
USBEnableEndpoint@options                 cstackCOMRAM 00001A
USBEnableEndpoint@p                       cstackCOMRAM 00001D
USBStdFeatureReqHandler@current_ep_data   cstackCOMRAM 00002D
USBStdFeatureReqHandler@p                 cstackCOMRAM 00002E
USBStdFeatureReqHandler@pUEP              cstackCOMRAM 00002B
USBStdSetCfgHandler@i                     cstackCOMRAM 000028
USBTransferOnePacket@data                 cstackBANK0  0000E8
USBTransferOnePacket@dir                  cstackBANK0  0000E7
USBTransferOnePacket@ep                   cstackBANK0  0000EB
USBTransferOnePacket@handle               cstackBANK0  0000EC
USBTransferOnePacket@len                  cstackBANK0  0000EA
USER_USB_CALLBACK_EVENT_HANDLER@event     cstackCOMRAM 000020
USER_USB_CALLBACK_EVENT_HANDLER@pdata     cstackCOMRAM 000022
USER_USB_CALLBACK_EVENT_HANDLER@size      cstackCOMRAM 000024
_ANSEL                                    (abs)        000F7E
_ANSELH                                   (abs)        000F7F
_BDT                                      (abs)        000200
_BaudRateGen                              bssCOMRAM    000031
_BothEP0OutUOWNsSet                       bssCOMRAM    00003D
_CDCDataInHandle                          bssBANK0     000086
_CDCDataOutHandle                         bssBANK0     000088
_CDCInitEP                                text33       0019B8
_CDCTxService                             text9        000678
_CDCTxService$1210                        cstackBANK1  000140
_CtrlTrfData                              (abs)        000238
_INTCONbits                               (abs)        000FF2
_IPR2bits                                 (abs)        000FA2
_OSCCON                                   (abs)        000FD3
_PIE2bits                                 (abs)        000FA0
_PIR2bits                                 (abs)        000FA1
_PORTA                                    (abs)        000F80
_PORTB                                    (abs)        000F81
_PORTC                                    (abs)        000F82
_PORTCbits                                (abs)        000F82
_ProcessUSB                               text4        000E56
_RCONbits                                 (abs)        000FD0
_RemoteWakeup                             bssCOMRAM    00003E
_SetupPkt                                 (abs)        000230
_TRISA                                    (abs)        000F92
_TRISB                                    (abs)        000F93
_TRISC                                    (abs)        000F94
_UADDR                                    (abs)        000F5C
_UCFG                                     (abs)        000F61
_UCON                                     (abs)        000F64
_UCONbits                                 (abs)        000F64
_UEIE                                     (abs)        000F5B
_UEIR                                     (abs)        000F5F
_UEP0                                     (abs)        000F53
_UEP0bits                                 (abs)        000F53
_UEP1                                     (abs)        000F54
_UIE                                      (abs)        000F60
_UIEbits                                  (abs)        000F60
_UIR                                      (abs)        000F62
_UIRbits                                  (abs)        000F62
_USBActiveConfiguration                   bssCOMRAM    00004D
_USBAlternateInterface                    bssCOMRAM    00004B
_USBBusIsSuspended                        bssCOMRAM    00003F
_USBCBCheckOtherReq                       text38       001D3C
_USBCBErrorHandler                        text37       001D3A
_USBCBInitEP                              text32       001D2A
_USBCBSendResume                          text7        001AEA
_USBCBStdSetDscHandler                    text31       001D38
_USBCBSuspend                             text30       001D36
_USBCBWakeFromSuspend                     text8        001D30
_USBCB_SOF_Handler                        text29       001D34
_USBCheckStdRequest                       text22       00181E
_USBConfigureEndpoint                     text36       001652
_USBCtrlEPAllowDataStage                  text21       0018AC
_USBCtrlEPAllowStatusStage                text41       0015A6
_USBCtrlEPService                         text18       001336
_USBCtrlEPServiceComplete                 text20       00141C
_USBCtrlTrfInHandler                      text42       0016F0
_USBCtrlTrfOutHandler                     text39       001A9C
_USBCtrlTrfRxService                      text40       000D48
_USBCtrlTrfSetupHandler                   text19       00178C
_USBCtrlTrfTxService                      text43       001154
_USBDeferINDataStagePackets               bssCOMRAM    000040
_USBDeferOUTDataStagePackets              bssCOMRAM    000041
_USBDeferStatusStagePacket                bssCOMRAM    000042
_USBDeviceAttach                          text3        001C22
_USBDeviceInit                            text1        000800
_USBDeviceState                           bssCOMRAM    000043
_USBDeviceTasks                           text13       000C10
_USBEnableEndpoint                        text35       001B36
_USBStallHandler                          text17       001BEC
_USBStatusStageEnabledFlag1               bssCOMRAM    000044
_USBStatusStageEnabledFlag2               bssCOMRAM    000045
_USBStatusStageTimeoutCounter             bssCOMRAM    000046
_USBStdFeatureReqHandler                  text26       0003CC
_USBStdGetDscHandler                      text25       000AD2
_USBStdSetCfgHandler                      text23       00105E
_USBSuspend                               text16       001D02
_USBTransferOnePacket                     text10       00124A
_USBWakeFromSuspend                       text15       001C80
_USB_CD_Ptr                               smallconst   000307
_USB_In_Buffer                            bssBANK1     000100
_USB_Out_Buffer                           bssBANK0     00008E
_USB_SD_Ptr                               smallconst   000301
_USER_USB_CALLBACK_EVENT_HANDLER          text27       001936
_USTAT                                    (abs)        000F63
_USTATcopy                                bssCOMRAM    00004E
_YourHighPriorityISRCode                  intcode      000008
_YourLowPriorityISRCode                   intcodelo    000018
__CFG_BOREN$OFF                           (abs)        000000
__CFG_BORV$30                             (abs)        000000
__CFG_CPUDIV$NOCLKDIV                     (abs)        000000
__CFG_FCMEN$OFF                           (abs)        000000
__CFG_FOSC$HS                             (abs)        000000
__CFG_HFOFST$OFF                          (abs)        000000
__CFG_IESO$OFF                            (abs)        000000
__CFG_LVP$OFF                             (abs)        000000
__CFG_MCLRE$OFF                           (abs)        000000
__CFG_PCLKEN$ON                           (abs)        000000
__CFG_PLLEN$ON                            (abs)        000000
__CFG_PWRTEN$OFF                          (abs)        000000
__CFG_STVREN$ON                           (abs)        000000
__CFG_USBDIV$OFF                          (abs)        000000
__CFG_WDTEN$OFF                           (abs)        000000
__CFG_WDTPS$32768                         (abs)        000000
__CFG_XINST$OFF                           (abs)        000000
__HRAM                                    (abs)        000000
__Habs1                                   abs1         000000
__Hbank0                                  bank0        000000
__Hbank1                                  bank1        000000
__Hbank2                                  bank2        000000
__Hbigbss                                 bigbss       000000
__Hbigdata                                bigdata      000000
__Hbigram                                 bigram       000000
__Hbss                                    bss          000000
__HbssBANK0                               bssBANK0     000000
__HbssBANK1                               bssBANK1     000000
__HbssCOMRAM                              bssCOMRAM    000000
__Hcinit                                  cinit        000000
__Hclrtext                                clrtext      000000
__Hcomram                                 comram       000000
__Hconfig                                 config       30000E
__Hconst                                  const        000000
__HcstackBANK0                            cstackBANK0  000000
__HcstackBANK1                            cstackBANK1  000000
__HcstackCOMRAM                           cstackCOMRAM 000000
__Hdata                                   data         000000
__Heeprom_data                            eeprom_data  000000
__Hend_init                               end_init     0000A6
__Hfarbss                                 farbss       000000
__Hfardata                                fardata      000000
__Hibigdata                               ibigdata     000000
__Hidata                                  idata        000000
__Hidloc                                  idloc        200008
__Hifardata                               ifardata     000000
__Hinit                                   init         0000A2
__Hintcode                                intcode      000018
__Hintcode_body                           intcode_body 000000
__Hintcodelo                              intcodelo    0000A2
__Hintentry                               intentry     000000
__Hintret                                 intret       000000
__Hintsave_regs                           intsave_regs 000000
__Hirdata                                 irdata       000000
__Hmediumconst                            mediumconst  000000
__HnvFARRAM                               nvFARRAM     000000
__Hnvbit                                  nvbit        000000
__Hnvrram                                 nvrram       000000
__Hparam                                  rparam       000000
__Hpowerup                                powerup      0000A2
__Hram                                    ram          000000
__Hramtop                                 ramtop       000300
__Hrbit                                   rbit         000000
__Hrbss                                   rbss         000000
__Hrdata                                  rdata        000000
__Hreset_vec                              reset_vec    000004
__Hrparam                                 rparam       000000
__Hsfr                                    sfr          000000
__Hsmallconst                             smallconst   0003CC
__Hspace_0                                (abs)        30000E
__Hspace_1                                (abs)        000148
__Hspace_2                                (abs)        000000
__Hstack                                  stack        000000
__Hstruct                                 struct       000000
__Htemp                                   temp         000000
__Htext                                   text         000000
__Htext0                                  text0        000000
__Htext1                                  text1        000000
__Htext10                                 text10       000000
__Htext13                                 text13       000000
__Htext14                                 text14       000000
__Htext15                                 text15       000000
__Htext16                                 text16       000000
__Htext17                                 text17       000000
__Htext18                                 text18       000000
__Htext19                                 text19       000000
__Htext2                                  text2        000000
__Htext20                                 text20       000000
__Htext21                                 text21       000000
__Htext22                                 text22       000000
__Htext23                                 text23       000000
__Htext24                                 text24       000000
__Htext25                                 text25       000000
__Htext26                                 text26       000000
__Htext27                                 text27       000000
__Htext28                                 text28       000000
__Htext29                                 text29       000000
__Htext3                                  text3        000000
__Htext30                                 text30       000000
__Htext31                                 text31       000000
__Htext32                                 text32       000000
__Htext33                                 text33       000000
__Htext34                                 text34       000000
__Htext35                                 text35       000000
__Htext36                                 text36       000000
__Htext37                                 text37       000000
__Htext38                                 text38       000000
__Htext39                                 text39       000000
__Htext4                                  text4        000000
__Htext40                                 text40       000000
__Htext41                                 text41       000000
__Htext42                                 text42       000000
__Htext43                                 text43       000000
__Htext5                                  text5        000000
__Htext6                                  text6        000000
__Htext7                                  text7        000000
__Htext8                                  text8        000000
__Htext9                                  text9        000000
__LRAM                                    (abs)        000001
__Labs1                                   abs1         000000
__Lbank0                                  bank0        000000
__Lbank1                                  bank1        000000
__Lbank2                                  bank2        000000
__Lbigbss                                 bigbss       000000
__Lbigdata                                bigdata      000000
__Lbigram                                 bigram       000000
__Lbss                                    bss          000000
__LbssBANK0                               bssBANK0     000000
__LbssBANK1                               bssBANK1     000000
__LbssCOMRAM                              bssCOMRAM    000000
__Lcinit                                  cinit        000000
__Lclrtext                                clrtext      000000
__Lcomram                                 comram       000000
__Lconfig                                 config       300000
__Lconst                                  const        000000
__LcstackBANK0                            cstackBANK0  000000
__LcstackBANK1                            cstackBANK1  000000
__LcstackCOMRAM                           cstackCOMRAM 000000
__Ldata                                   data         000000
__Leeprom_data                            eeprom_data  000000
__Lend_init                               end_init     0000A2
__Lfarbss                                 farbss       000000
__Lfardata                                fardata      000000
__Libigdata                               ibigdata     000000
__Lidata                                  idata        000000
__Lidloc                                  idloc        200000
__Lifardata                               ifardata     000000
__Linit                                   init         0000A2
__Lintcode                                intcode      000008
__Lintcode_body                           intcode_body 000000
__Lintcodelo                              intcodelo    000018
__Lintentry                               intentry     000000
__Lintret                                 intret       000000
__Lintsave_regs                           intsave_regs 000000
__Lirdata                                 irdata       000000
__Lmediumconst                            mediumconst  000000
__LnvFARRAM                               nvFARRAM     000000
__Lnvbit                                  nvbit        000000
__Lnvrram                                 nvrram       000000
__Lparam                                  rparam       000000
__Lpowerup                                powerup      0000A2
__Lram                                    ram          000000
__Lramtop                                 ramtop       000300
__Lrbit                                   rbit         000000
__Lrbss                                   rbss         000000
__Lrdata                                  rdata        000000
__Lreset_vec                              reset_vec    000000
__Lrparam                                 rparam       000000
__Lsfr                                    sfr          000000
__Lsmallconst                             smallconst   000300
__Lspace_0                                (abs)        000000
__Lspace_1                                (abs)        000000
__Lspace_2                                (abs)        000000
__Lstack                                  stack        000000
__Lstruct                                 struct       000000
__Ltemp                                   temp         000000
__Ltext                                   text         000000
__Ltext0                                  text0        000000
__Ltext1                                  text1        000000
__Ltext10                                 text10       000000
__Ltext13                                 text13       000000
__Ltext14                                 text14       000000
__Ltext15                                 text15       000000
__Ltext16                                 text16       000000
__Ltext17                                 text17       000000
__Ltext18                                 text18       000000
__Ltext19                                 text19       000000
__Ltext2                                  text2        000000
__Ltext20                                 text20       000000
__Ltext21                                 text21       000000
__Ltext22                                 text22       000000
__Ltext23                                 text23       000000
__Ltext24                                 text24       000000
__Ltext25                                 text25       000000
__Ltext26                                 text26       000000
__Ltext27                                 text27       000000
__Ltext28                                 text28       000000
__Ltext29                                 text29       000000
__Ltext3                                  text3        000000
__Ltext30                                 text30       000000
__Ltext31                                 text31       000000
__Ltext32                                 text32       000000
__Ltext33                                 text33       000000
__Ltext34                                 text34       000000
__Ltext35                                 text35       000000
__Ltext36                                 text36       000000
__Ltext37                                 text37       000000
__Ltext38                                 text38       000000
__Ltext39                                 text39       000000
__Ltext4                                  text4        000000
__Ltext40                                 text40       000000
__Ltext41                                 text41       000000
__Ltext42                                 text42       000000
__Ltext43                                 text43       000000
__Ltext5                                  text5        000000
__Ltext6                                  text6        000000
__Ltext7                                  text7        000000
__Ltext8                                  text8        000000
__Ltext9                                  text9        000000
__S0                                      (abs)        30000E
__S1                                      (abs)        000148
__S2                                      (abs)        000000
___inthi_sp                               stack        000000
___intlo_sp                               stack        000000
___sp                                     stack        000000
__accesstop                               (abs)        000060
__activetblptr                            (abs)        000002
__end_of_CDCInitEP                        text33       001A32
__end_of_CDCTxService                     text9        000800
__end_of_ProcessUSB                       text4        000F5A
__end_of_USBCBCheckOtherReq               text38       001D3E
__end_of_USBCBErrorHandler                text37       001D3C
__end_of_USBCBInitEP                      text32       001D30
__end_of_USBCBSendResume                  text7        001B36
__end_of_USBCBStdSetDscHandler            text31       001D3A
__end_of_USBCBSuspend                     text30       001D38
__end_of_USBCBWakeFromSuspend             text8        001D32
__end_of_USBCB_SOF_Handler                text29       001D36
__end_of_USBCheckStdRequest               text22       0018AC
__end_of_USBConfigureEndpoint             text36       0016F0
__end_of_USBCtrlEPAllowDataStage          text21       001936
__end_of_USBCtrlEPAllowStatusStage        text41       001652
__end_of_USBCtrlEPService                 text18       00141C
__end_of_USBCtrlEPServiceComplete         text20       0014E8
__end_of_USBCtrlTrfInHandler              text42       00178C
__end_of_USBCtrlTrfOutHandler             text39       001AEA
__end_of_USBCtrlTrfRxService              text40       000E56
__end_of_USBCtrlTrfSetupHandler           text19       00181E
__end_of_USBCtrlTrfTxService              text43       00124A
__end_of_USBDeviceAttach                  text3        001C52
__end_of_USBDeviceInit                    text1        00097A
__end_of_USBDeviceTasks                   text13       000D48
__end_of_USBEnableEndpoint                text35       001B7E
__end_of_USBStallHandler                  text17       001C22
__end_of_USBStdFeatureReqHandler          text26       000678
__end_of_USBStdGetDscHandler              text25       000C10
__end_of_USBStdSetCfgHandler              text23       001154
__end_of_USBSuspend                       text16       001D2A
__end_of_USBTransferOnePacket             text10       001336
__end_of_USBWakeFromSuspend               text15       001CAE
__end_of_USB_CD_Ptr                       smallconst   000309
__end_of_USB_SD_Ptr                       smallconst   000307
__end_of_USER_USB_CALLBACK_EVENT_HANDLER  text27       0019B8
__end_of_YourHighPriorityISRCode          intcode_body 001A9C
__end_of_YourLowPriorityISRCode           intcodelo    0000A2
__end_of__initialization                  cinit        001C76
__end_of_configDescriptor1                smallconst   00034C
__end_of_device_dsc                       smallconst   0003C6
__end_of_getsUSBUSART                     text6        00105E
__end_of_main                             text0        001BEC
__end_of_memset                           text2        001BB6
__end_of_putUSBUSART                      text5        001D02
__end_of_sd000                            smallconst   0003CA
__end_of_sd001                            smallconst   000380
__end_of_sd002                            smallconst   0003B4
__end_ofi2_USBCBWakeFromSuspend           text28       001D34
__end_ofi2_USBDeviceInit                  text14       000AD2
__end_ofi2_USBTransferOnePacket           text34       0015A6
__end_ofi2_memset                         text24       001CDA
__initialization                          cinit        001C52
__mediumconst                             mediumconst  000000
__pbssBANK0                               bssBANK0     000060
__pbssBANK1                               bssBANK1     000100
__pbssCOMRAM                              bssCOMRAM    000031
__pcinit                                  cinit        001C52
__pcstackBANK0                            cstackBANK0  0000D6
__pcstackBANK1                            cstackBANK1  000140
__pcstackCOMRAM                           cstackCOMRAM 000001
__pintcode                                intcode      000008
__pintcode_body                           intcode_body 001A32
__pintcodelo                              intcodelo    000018
__psmallconst                             smallconst   000300
__ptext0                                  text0        001BB6
__ptext1                                  text1        000800
__ptext10                                 text10       00124A
__ptext13                                 text13       000C10
__ptext14                                 text14       00097A
__ptext15                                 text15       001C80
__ptext16                                 text16       001D02
__ptext17                                 text17       001BEC
__ptext18                                 text18       001336
__ptext19                                 text19       00178C
__ptext2                                  text2        001B7E
__ptext20                                 text20       00141C
__ptext21                                 text21       0018AC
__ptext22                                 text22       00181E
__ptext23                                 text23       00105E
__ptext24                                 text24       001CAE
__ptext25                                 text25       000AD2
__ptext26                                 text26       0003CC
__ptext27                                 text27       001936
__ptext28                                 text28       001D32
__ptext29                                 text29       001D34
__ptext3                                  text3        001C22
__ptext30                                 text30       001D36
__ptext31                                 text31       001D38
__ptext32                                 text32       001D2A
__ptext33                                 text33       0019B8
__ptext34                                 text34       0014E8
__ptext35                                 text35       001B36
__ptext36                                 text36       001652
__ptext37                                 text37       001D3A
__ptext38                                 text38       001D3C
__ptext39                                 text39       001A9C
__ptext4                                  text4        000E56
__ptext40                                 text40       000D48
__ptext41                                 text41       0015A6
__ptext42                                 text42       0016F0
__ptext43                                 text43       001154
__ptext5                                  text5        001CDA
__ptext6                                  text6        000F5A
__ptext7                                  text7        001AEA
__ptext8                                  text8        001D30
__ptext9                                  text9        000678
__ramtop                                  ramtop       000300
__size_of_CDCInitEP                       (abs)        000000
__size_of_CDCTxService                    (abs)        000000
__size_of_ProcessUSB                      (abs)        000000
__size_of_USBCBCheckOtherReq              (abs)        000000
__size_of_USBCBErrorHandler               (abs)        000000
__size_of_USBCBInitEP                     (abs)        000000
__size_of_USBCBSendResume                 (abs)        000000
__size_of_USBCBStdSetDscHandler           (abs)        000000
__size_of_USBCBSuspend                    (abs)        000000
__size_of_USBCBWakeFromSuspend            (abs)        000000
__size_of_USBCB_SOF_Handler               (abs)        000000
__size_of_USBCheckStdRequest              (abs)        000000
__size_of_USBConfigureEndpoint            (abs)        000000
__size_of_USBCtrlEPAllowDataStage         (abs)        000000
__size_of_USBCtrlEPAllowStatusStage       (abs)        000000
__size_of_USBCtrlEPService                (abs)        000000
__size_of_USBCtrlEPServiceComplete        (abs)        000000
__size_of_USBCtrlTrfInHandler             (abs)        000000
__size_of_USBCtrlTrfOutHandler            (abs)        000000
__size_of_USBCtrlTrfRxService             (abs)        000000
__size_of_USBCtrlTrfSetupHandler          (abs)        000000
__size_of_USBCtrlTrfTxService             (abs)        000000
__size_of_USBDeviceAttach                 (abs)        000000
__size_of_USBDeviceInit                   (abs)        000000
__size_of_USBDeviceTasks                  (abs)        000000
__size_of_USBEnableEndpoint               (abs)        000000
__size_of_USBStallHandler                 (abs)        000000
__size_of_USBStdFeatureReqHandler         (abs)        000000
__size_of_USBStdGetDscHandler             (abs)        000000
__size_of_USBStdSetCfgHandler             (abs)        000000
__size_of_USBSuspend                      (abs)        000000
__size_of_USBTransferOnePacket            (abs)        000000
__size_of_USBWakeFromSuspend              (abs)        000000
__size_of_USER_USB_CALLBACK_EVENT_HANDLER (abs)        000000
__size_of_YourHighPriorityISRCode         (abs)        000000
__size_of_YourLowPriorityISRCode          (abs)        000000
__size_of_getsUSBUSART                    (abs)        000000
__size_of_main                            (abs)        000000
__size_of_memset                          (abs)        000000
__size_of_putUSBUSART                     (abs)        000000
__size_ofi2_USBCBWakeFromSuspend          (abs)        000000
__size_ofi2_USBDeviceInit                 (abs)        000000
__size_ofi2_USBTransferOnePacket          (abs)        000000
__size_ofi2_memset                        (abs)        000000
__smallconst                              smallconst   000300
_cdc_data_rx                              (abs)        0002A0
_cdc_data_tx                              (abs)        000260
_cdc_mem_type                             bssBANK0     00008A
_cdc_notice                               (abs)        0002E7
_cdc_rx_len                               bssBANK0     00008B
_cdc_trf_state                            bssBANK0     00008C
_cdc_tx_len                               bssBANK0     00008D
_configDescriptor1                        smallconst   000309
_controlTransferState                     bssCOMRAM    000047
_control_signal_bitmap                    bssCOMRAM    000048
_device_dsc                               smallconst   0003B4
_dummy_encapsulated_cmd_response          bssBANK0     0000CE
_endpoint_number                          bssCOMRAM    000049
_ep_data_in                               bssBANK0     00007A
_ep_data_out                              bssBANK0     00007D
_getsUSBUSART                             text6        000F5A
_getsUSBUSART$1158                        cstackBANK1  000143
_inPipes                                  bssBANK0     000068
_line_coding                              (abs)        0002E0
_main                                     text0        001BB6
_memset                                   text2        001B7E
_outPipes                                 bssBANK0     000060
_pBDTEntryEP0OutCurrent                   bssCOMRAM    000037
_pBDTEntryEP0OutNext                      bssCOMRAM    000039
_pBDTEntryIn                              bssBANK0     00006E
_pBDTEntryOut                             bssBANK0     000074
_pCDCDst                                  bssBANK0     000080
_pCDCSrc                                  bssBANK0     000083
_pDst                                     bssCOMRAM    00003B
_putUSBUSART                              text5        001CDA
_sd000                                    smallconst   0003C6
_sd001                                    smallconst   00034C
_sd002                                    smallconst   000380
_shortPacketStatus                        bssCOMRAM    00004A
end_of_initialization                     cinit        001C76
getsUSBUSART@buffer                       cstackBANK1  000140
getsUSBUSART@len                          cstackBANK1  000142
i2USBDeviceInit@i                         cstackCOMRAM 00001A
i2USBTransferOnePacket@data               cstackCOMRAM 000013
i2USBTransferOnePacket@dir                cstackCOMRAM 000012
i2USBTransferOnePacket@ep                 cstackCOMRAM 000016
i2USBTransferOnePacket@handle             cstackCOMRAM 000017
i2USBTransferOnePacket@len                cstackCOMRAM 000015
i2_USBCBWakeFromSuspend                   text28       001D32
i2_USBDeviceInit                          text14       00097A
i2_USBTransferOnePacket                   text34       0014E8
i2_memset                                 text24       001CAE
i2memset@c                                cstackCOMRAM 000014
i2memset@n                                cstackCOMRAM 000016
i2memset@p                                cstackCOMRAM 000018
i2memset@p1                               cstackCOMRAM 000012
int_func                                  intcode_body 001A32
intlevel0                                 text         000000
intlevel1                                 text         000000
intlevel2                                 text         000000
intlevel3                                 text         000000
memset@c                                  cstackBANK0  0000E9
memset@n                                  cstackBANK0  0000EB
memset@p                                  cstackBANK0  0000ED
memset@p1                                 cstackBANK0  0000E7
putUSBUSART@data                          cstackBANK0  0000E7
putUSBUSART@length                        cstackBANK0  0000E9
stackhi                                   (abs)        0001FF
stacklo                                   (abs)        000148
start                                     init         0000A2
start_initialization                      cinit        001C52


FUNCTION INFORMATION:

 *************** function _main *****************
 Defined at:
		line 141 in file "../main.c"
 Parameters:    Size  Location     Type
		None
 Auto vars:     Size  Location     Type
		None
 Return value:  Size  Location     Type
		None               void
 Registers used:
		wreg, fsr1l, fsr1h, fsr2l, fsr2h, status,2, status,0, prodl, prodh, cstack
 Tracked objects:
		On entry : 
		On exit  : 
		Unchanged: 
 Data sizes:     COMRAM   BANK0   BANK1 BANK2hh BANK2hl
      Params:         0       0       0       0       0
      Locals:         0       0       0       0       0
      Temps:          0       0       0       0       0
      Totals:         0       0       0       0       0
Total ram usage:        0 bytes
 Hardware stack levels required when called:   15
 This function calls:
		_ProcessUSB
		_USBDeviceAttach
		_USBDeviceInit
 This function is called by:
		Startup code after reset
 This function uses a non-reentrant model


 *************** function _USBDeviceInit *****************
 Defined at:
		line 190 in file "../../../usb_device.c"
 Parameters:    Size  Location     Type
		None
 Auto vars:     Size  Location     Type
  i               1    0[BANK1 ] unsigned char 
 Return value:  Size  Location     Type
		None               void
 Registers used:
		wreg, fsr2l, fsr2h, status,2, status,0, prodl, prodh, cstack
 Tracked objects:
		On entry : 
		On exit  : 
		Unchanged: 
 Data sizes:     COMRAM   BANK0   BANK1 BANK2hh BANK2hl
      Params:         0       0       0       0       0
      Locals:         0       0       1       0       0
      Temps:          0       0       0       0       0
      Totals:         0       0       1       0       0
Total ram usage:        1 bytes
 Hardware stack levels used:    1
 Hardware stack levels required when called:   13
 This function calls:
		_memset
 This function is called by:
		_main
 This function uses a non-reentrant model


 *************** function _memset *****************
 Defined at:
		line 8 in file "C:\Program Files (x86)\Microchip\xc8\v1.32\sources\common\memset.c"
 Parameters:    Size  Location     Type
  p1              2   17[BANK0 ] PTR void 
		 -> USBAlternateInterface(2), BDT(48), UEP1(1), 
  c               2   19[BANK0 ] int 
  n               2   21[BANK0 ] unsigned int 
 Auto vars:     Size  Location     Type
  p               2   23[BANK0 ] PTR unsigned char 
		 -> USBAlternateInterface(2), BDT(48), UEP1(1), 
 Return value:  Size  Location     Type
                  2   17[BANK0 ] PTR void 
 Registers used:
		wreg, fsr2l, fsr2h, status,2, status,0
 Tracked objects:
		On entry : 
		On exit  : 
		Unchanged: 
 Data sizes:     COMRAM   BANK0   BANK1 BANK2hh BANK2hl
      Params:         0       6       0       0       0
      Locals:         0       2       0       0       0
      Temps:          0       0       0       0       0
      Totals:         0       8       0       0       0
Total ram usage:        8 bytes
 Hardware stack levels used:    1
 Hardware stack levels required when called:   12
 This function calls:
		Nothing
 This function is called by:
		_USBDeviceInit
 This function uses a non-reentrant model


 *************** function _USBDeviceAttach *****************
 Defined at:
		line 566 in file "../../../usb_device.c"
 Parameters:    Size  Location     Type
		None
 Auto vars:     Size  Location     Type
		None
 Return value:  Size  Location     Type
		None               void
 Registers used:
		wreg, status,2
 Tracked objects:
		On entry : 
		On exit  : 
		Unchanged: 
 Data sizes:     COMRAM   BANK0   BANK1 BANK2hh BANK2hl
      Params:         0       0       0       0       0
      Locals:         0       0       0       0       0
      Temps:          0       0       0       0       0
      Totals:         0       0       0       0       0
Total ram usage:        0 bytes
 Hardware stack levels used:    1
 Hardware stack levels required when called:   12
 This function calls:
		Nothing
 This function is called by:
		_main
 This function uses a non-reentrant model


 *************** function _ProcessUSB *****************
 Defined at:
		line 175 in file "../main.c"
 Parameters:    Size  Location     Type
		None
 Auto vars:     Size  Location     Type
  i               1    7[BANK1 ] unsigned char 
  numBytesRead    1    6[BANK1 ] unsigned char 
 Return value:  Size  Location     Type
		None               void
 Registers used:
		wreg, fsr1l, fsr1h, fsr2l, fsr2h, status,2, status,0, prodl, prodh, cstack
 Tracked objects:
		On entry : 
		On exit  : 
		Unchanged: 
 Data sizes:     COMRAM   BANK0   BANK1 BANK2hh BANK2hl
      Params:         0       0       0       0       0
      Locals:         0       0       2       0       0
      Temps:          0       0       1       0       0
      Totals:         0       0       3       0       0
Total ram usage:        3 bytes
 Hardware stack levels used:    1
 Hardware stack levels required when called:   14
 This function calls:
		_CDCTxService
		_USBCBSendResume
		_getsUSBUSART
		_putUSBUSART
 This function is called by:
		_main
 This function uses a non-reentrant model


 *************** function _putUSBUSART *****************
 Defined at:
		line 342 in file "../usb_function_cdc.c"
 Parameters:    Size  Location     Type
  data            2   17[BANK0 ] PTR unsigned char 
		 -> USB_In_Buffer(64), 
  length          1   19[BANK0 ] unsigned char 
 Auto vars:     Size  Location     Type
		None
 Return value:  Size  Location     Type
		None               void
 Registers used:
		wreg, status,2, status,0
 Tracked objects:
		On entry : 
		On exit  : 
		Unchanged: 
 Data sizes:     COMRAM   BANK0   BANK1 BANK2hh BANK2hl
      Params:         0       3       0       0       0
      Locals:         0       0       0       0       0
      Temps:          0       0       0       0       0
      Totals:         0       3       0       0       0
Total ram usage:        3 bytes
 Hardware stack levels used:    1
 Hardware stack levels required when called:   12
 This function calls:
		Nothing
 This function is called by:
		_ProcessUSB
 This function uses a non-reentrant model


 *************** function _getsUSBUSART *****************
 Defined at:
		line 311 in file "../usb_function_cdc.c"
 Parameters:    Size  Location     Type
  buffer          2    0[BANK1 ] PTR unsigned char 
		 -> USB_Out_Buffer(64), 
  len             1    2[BANK1 ] unsigned char 
 Auto vars:     Size  Location     Type
		None
 Return value:  Size  Location     Type
                  1    wreg      unsigned char 
 Registers used:
		wreg, fsr1l, fsr1h, fsr2l, fsr2h, status,2, status,0, prodl, prodh, cstack
 Tracked objects:
		On entry : 
		On exit  : 
		Unchanged: 
 Data sizes:     COMRAM   BANK0   BANK1 BANK2hh BANK2hl
      Params:         0       0       3       0       0
      Locals:         0       0       2       0       0
      Temps:          0       1       0       0       0
      Totals:         0       1       5       0       0
Total ram usage:        6 bytes
 Hardware stack levels used:    1
 Hardware stack levels required when called:   13
 This function calls:
		_USBTransferOnePacket
 This function is called by:
		_ProcessUSB
 This function uses a non-reentrant model


 *************** function _USBCBSendResume *****************
 Defined at:
		line 305 in file "../main.c"
 Parameters:    Size  Location     Type
		None
 Auto vars:     Size  Location     Type
		None
 Return value:  Size  Location     Type
		None               void
 Registers used:
		wreg, status,2, status,0, cstack
 Tracked objects:
		On entry : 
		On exit  : 
		Unchanged: 
 Data sizes:     COMRAM   BANK0   BANK1 BANK2hh BANK2hl
      Params:         0       0       0       0       0
      Locals:         0       0       0       0       0
      Temps:          0       0       0       0       0
      Totals:         0       0       0       0       0
Total ram usage:        0 bytes
 Hardware stack levels used:    1
 Hardware stack levels required when called:   13
 This function calls:
		_USBCBWakeFromSuspend
 This function is called by:
		_ProcessUSB
 This function uses a non-reentrant model


 *************** function _USBCBWakeFromSuspend *****************
 Defined at:
		line 234 in file "../main.c"
 Parameters:    Size  Location     Type
		None
 Auto vars:     Size  Location     Type
		None
 Return value:  Size  Location     Type
		None               void
 Registers used:
		None
 Tracked objects:
		On entry : 
		On exit  : 
		Unchanged: 
 Data sizes:     COMRAM   BANK0   BANK1 BANK2hh BANK2hl
      Params:         0       0       0       0       0
      Locals:         0       0       0       0       0
      Temps:          0       0       0       0       0
      Totals:         0       0       0       0       0
Total ram usage:        0 bytes
 Hardware stack levels used:    1
 Hardware stack levels required when called:   12
 This function calls:
		Nothing
 This function is called by:
		_USBCBSendResume
 This function uses a non-reentrant model


 *************** function _CDCTxService *****************
 Defined at:
		line 393 in file "../usb_function_cdc.c"
 Parameters:    Size  Location     Type
		None
 Auto vars:     Size  Location     Type
  byte_to_send    1    3[BANK1 ] unsigned char 
  i               1    2[BANK1 ] unsigned char 
 Return value:  Size  Location     Type
		None               void
 Registers used:
		wreg, fsr1l, fsr1h, fsr2l, fsr2h, status,2, status,0, prodl, prodh, cstack
 Tracked objects:
		On entry : 
		On exit  : 
		Unchanged: 
 Data sizes:     COMRAM   BANK0   BANK1 BANK2hh BANK2hl
      Params:         0       0       0       0       0
      Locals:         0       0       4       0       0
      Temps:          0       1       0       0       0
      Totals:         0       1       4       0       0
Total ram usage:        5 bytes
 Hardware stack levels used:    1
 Hardware stack levels required when called:   13
 This function calls:
		_USBTransferOnePacket
 This function is called by:
		_ProcessUSB
 This function uses a non-reentrant model


 *************** function _USBTransferOnePacket *****************
 Defined at:
		line 502 in file "../../../usb_device.c"
 Parameters:    Size  Location     Type
  ep              1    wreg     unsigned char 
  dir             1   17[BANK0 ] unsigned char 
  data            2   18[BANK0 ] PTR unsigned char 
		 -> cdc_data_tx(64), NULL(0), cdc_data_rx(64), 
  len             1   20[BANK0 ] unsigned char 
 Auto vars:     Size  Location     Type
  ep              1   21[BANK0 ] unsigned char 
  handle          2   22[BANK0 ] PTR volatile struct __BD
		 -> BDT(48), NULL(0), 
 Return value:  Size  Location     Type
                  2   17[BANK0 ] PTR void 
 Registers used:
		wreg, fsr2l, fsr2h, status,2, status,0, prodl, prodh
 Tracked objects:
		On entry : 
		On exit  : 
		Unchanged: 
 Data sizes:     COMRAM   BANK0   BANK1 BANK2hh BANK2hl
      Params:         0       4       0       0       0
      Locals:         0       3       0       0       0
      Temps:          0       0       0       0       0
      Totals:         0       7       0       0       0
Total ram usage:        7 bytes
 Hardware stack levels used:    1
 Hardware stack levels required when called:   12
 This function calls:
		Nothing
 This function is called by:
		_getsUSBUSART
		_CDCTxService
 This function uses a non-reentrant model


 *************** function _YourLowPriorityISRCode *****************
 Defined at:
		line 134 in file "../main.c"
 Parameters:    Size  Location     Type
		None
 Auto vars:     Size  Location     Type
		None
 Return value:  Size  Location     Type
		None               void
 Registers used:
		None
 Tracked objects:
		On entry : 
		On exit  : 
		Unchanged: 
 Data sizes:     COMRAM   BANK0   BANK1 BANK2hh BANK2hl
      Params:         0       0       0       0       0
      Locals:         0       0       0       0       0
      Temps:         17       0       0       0       0
      Totals:        17       0       0       0       0
Total ram usage:       17 bytes
 Hardware stack levels used:    1
 Hardware stack levels required when called:   11
 This function calls:
		Nothing
 This function is called by:
		Interrupt level 1
 This function uses a non-reentrant model


 *************** function _YourHighPriorityISRCode *****************
 Defined at:
		line 126 in file "../main.c"
 Parameters:    Size  Location     Type
		None
 Auto vars:     Size  Location     Type
		None
 Return value:  Size  Location     Type
		None               void
 Registers used:
		wreg, fsr1l, fsr1h, fsr2l, fsr2h, status,2, status,0, tblptrl, tblptrh, tblptru, prodl, prodh, cstack
 Tracked objects:
		On entry : 
		On exit  : 
		Unchanged: 
 Data sizes:     COMRAM   BANK0   BANK1 BANK2hh BANK2hl
      Params:         0       0       0       0       0
      Locals:         0       0       0       0       0
      Temps:          0      14       0       0       0
      Totals:         0      14       0       0       0
Total ram usage:       14 bytes
 Hardware stack levels used:    1
 Hardware stack levels required when called:   10
 This function calls:
		_USBDeviceTasks
 This function is called by:
		Interrupt level 2
 This function uses a non-reentrant model


 *************** function _USBDeviceTasks *****************
 Defined at:
		line 288 in file "../../../usb_device.c"
 Parameters:    Size  Location     Type
		None
 Auto vars:     Size  Location     Type
  i               1    2[BANK0 ] unsigned char 
 Return value:  Size  Location     Type
		None               void
 Registers used:
		wreg, fsr1l, fsr1h, fsr2l, fsr2h, status,2, status,0, tblptrl, tblptrh, tblptru, prodl, prodh, cstack
 Tracked objects:
		On entry : 
		On exit  : 
		Unchanged: 
 Data sizes:     COMRAM   BANK0   BANK1 BANK2hh BANK2hl
      Params:         0       0       0       0       0
      Locals:         0       1       0       0       0
      Temps:          0       0       0       0       0
      Totals:         0       1       0       0       0
Total ram usage:        1 bytes
 Hardware stack levels used:    1
 Hardware stack levels required when called:    9
 This function calls:
		_USBCtrlEPAllowStatusStage
		_USBCtrlEPService
		_USBStallHandler
		_USBSuspend
		_USBWakeFromSuspend
		_USER_USB_CALLBACK_EVENT_HANDLER
		i2_USBDeviceInit
 This function is called by:
		_YourHighPriorityISRCode
 This function uses a non-reentrant model


 *************** function i2_USBDeviceInit *****************
 Defined at:
		line 190 in file "../../../usb_device.c"
 Parameters:    Size  Location     Type
		None
 Auto vars:     Size  Location     Type
  USBDeviceIni    1   25[COMRAM] unsigned char 
 Return value:  Size  Location     Type
		None               void
 Registers used:
		wreg, fsr2l, fsr2h, status,2, status,0, prodl, prodh, cstack
 Tracked objects:
		On entry : 
		On exit  : 
		Unchanged: 
 Data sizes:     COMRAM   BANK0   BANK1 BANK2hh BANK2hl
      Params:         0       0       0       0       0
      Locals:         1       0       0       0       0
      Temps:          0       0       0       0       0
      Totals:         1       0       0       0       0
Total ram usage:        1 bytes
 Hardware stack levels used:    1
 Hardware stack levels required when called:    1
 This function calls:
		i2_memset
 This function is called by:
		_USBDeviceTasks
 This function uses a non-reentrant model


 *************** function _USBWakeFromSuspend *****************
 Defined at:
		line 1071 in file "../../../usb_device.c"
 Parameters:    Size  Location     Type
		None
 Auto vars:     Size  Location     Type
		None
 Return value:  Size  Location     Type
		None               void
 Registers used:
		wreg, fsr2l, fsr2h, status,2, status,0, prodl, prodh, cstack
 Tracked objects:
		On entry : 
		On exit  : 
		Unchanged: 
 Data sizes:     COMRAM   BANK0   BANK1 BANK2hh BANK2hl
      Params:         0       0       0       0       0
      Locals:         0       0       0       0       0
      Temps:          0       0       0       0       0
      Totals:         0       0       0       0       0
Total ram usage:        0 bytes
 Hardware stack levels used:    1
 Hardware stack levels required when called:    5
 This function calls:
		_USER_USB_CALLBACK_EVENT_HANDLER
 This function is called by:
		_USBDeviceTasks
 This function uses a non-reentrant model


 *************** function _USBSuspend *****************
 Defined at:
		line 1051 in file "../../../usb_device.c"
 Parameters:    Size  Location     Type
		None
 Auto vars:     Size  Location     Type
		None
 Return value:  Size  Location     Type
		None               void
 Registers used:
		wreg, fsr2l, fsr2h, status,2, status,0, prodl, prodh, cstack
 Tracked objects:
		On entry : 
		On exit  : 
		Unchanged: 
 Data sizes:     COMRAM   BANK0   BANK1 BANK2hh BANK2hl
      Params:         0       0       0       0       0
      Locals:         0       0       0       0       0
      Temps:          0       0       0       0       0
      Totals:         0       0       0       0       0
Total ram usage:        0 bytes
 Hardware stack levels used:    1
 Hardware stack levels required when called:    5
 This function calls:
		_USER_USB_CALLBACK_EVENT_HANDLER
 This function is called by:
		_USBDeviceTasks
 This function uses a non-reentrant model


 *************** function _USBStallHandler *****************
 Defined at:
		line 1030 in file "../../../usb_device.c"
 Parameters:    Size  Location     Type
		None
 Auto vars:     Size  Location     Type
		None
 Return value:  Size  Location     Type
		None               void
 Registers used:
		wreg, fsr2l, fsr2h
 Tracked objects:
		On entry : 
		On exit  : 
		Unchanged: 
 Data sizes:     COMRAM   BANK0   BANK1 BANK2hh BANK2hl
      Params:         0       0       0       0       0
      Locals:         0       0       0       0       0
      Temps:          0       0       0       0       0
      Totals:         0       0       0       0       0
Total ram usage:        0 bytes
 Hardware stack levels used:    1
 This function calls:
		Nothing
 This function is called by:
		_USBDeviceTasks
 This function uses a non-reentrant model


 *************** function _USBCtrlEPService *****************
 Defined at:
		line 1097 in file "../../../usb_device.c"
 Parameters:    Size  Location     Type
		None
 Auto vars:     Size  Location     Type
  setup_cnt       1   47[COMRAM] unsigned char 
 Return value:  Size  Location     Type
		None               void
 Registers used:
		wreg, fsr1l, fsr1h, fsr2l, fsr2h, status,2, status,0, tblptrl, tblptrh, tblptru, prodl, prodh, cstack
 Tracked objects:
		On entry : 
		On exit  : 
		Unchanged: 
 Data sizes:     COMRAM   BANK0   BANK1 BANK2hh BANK2hl
      Params:         0       0       0       0       0
      Locals:         1       0       0       0       0
      Temps:          0       2       0       0       0
      Totals:         1       2       0       0       0
Total ram usage:        3 bytes
 Hardware stack levels used:    1
 Hardware stack levels required when called:    8
 This function calls:
		_USBCtrlTrfInHandler
		_USBCtrlTrfOutHandler
		_USBCtrlTrfSetupHandler
 This function is called by:
		_USBDeviceTasks
 This function uses a non-reentrant model


 *************** function _USBCtrlTrfSetupHandler *****************
 Defined at:
		line 1158 in file "../../../usb_device.c"
 Parameters:    Size  Location     Type
		None
 Auto vars:     Size  Location     Type
		None
 Return value:  Size  Location     Type
		None               void
 Registers used:
		wreg, fsr1l, fsr1h, fsr2l, fsr2h, status,2, status,0, tblptrl, tblptrh, tblptru, prodl, prodh, cstack
 Tracked objects:
		On entry : 
		On exit  : 
		Unchanged: 
 Data sizes:     COMRAM   BANK0   BANK1 BANK2hh BANK2hl
      Params:         0       0       0       0       0
      Locals:         0       0       0       0       0
      Temps:          0       0       0       0       0
      Totals:         0       0       0       0       0
Total ram usage:        0 bytes
 Hardware stack levels used:    1
 Hardware stack levels required when called:    7
 This function calls:
		_USBCheckStdRequest
		_USBCtrlEPServiceComplete
		_USER_USB_CALLBACK_EVENT_HANDLER
 This function is called by:
		_USBCtrlEPService
 This function uses a non-reentrant model


 *************** function _USBCtrlEPServiceComplete *****************
 Defined at:
		line 727 in file "../../../usb_device.c"
 Parameters:    Size  Location     Type
		None
 Auto vars:     Size  Location     Type
		None
 Return value:  Size  Location     Type
		None               void
 Registers used:
		wreg, fsr1l, fsr1h, fsr2l, fsr2h, status,2, status,0, tblptrl, tblptrh, tblptru, cstack
 Tracked objects:
		On entry : 
		On exit  : 
		Unchanged: 
 Data sizes:     COMRAM   BANK0   BANK1 BANK2hh BANK2hl
      Params:         0       0       0       0       0
      Locals:         0       0       0       0       0
      Temps:          0       0       0       0       0
      Totals:         0       0       0       0       0
Total ram usage:        0 bytes
 Hardware stack levels used:    1
 Hardware stack levels required when called:    2
 This function calls:
		_USBCtrlEPAllowDataStage
		_USBCtrlEPAllowStatusStage
 This function is called by:
		_USBCtrlTrfSetupHandler
 This function uses a non-reentrant model


 *************** function _USBCtrlEPAllowDataStage *****************
 Defined at:
		line 645 in file "../../../usb_device.c"
 Parameters:    Size  Location     Type
		None
 Auto vars:     Size  Location     Type
		None
 Return value:  Size  Location     Type
		None               void
 Registers used:
		wreg, fsr1l, fsr1h, fsr2l, fsr2h, status,2, status,0, tblptrl, tblptrh, tblptru, cstack
 Tracked objects:
		On entry : 
		On exit  : 
		Unchanged: 
 Data sizes:     COMRAM   BANK0   BANK1 BANK2hh BANK2hl
      Params:         0       0       0       0       0
      Locals:         0       0       0       0       0
      Temps:          0       0       0       0       0
      Totals:         0       0       0       0       0
Total ram usage:        0 bytes
 Hardware stack levels used:    1
 Hardware stack levels required when called:    1
 This function calls:
		_USBCtrlTrfTxService
 This function is called by:
		_USBCtrlEPServiceComplete
 This function uses a non-reentrant model


 *************** function _USBCheckStdRequest *****************
 Defined at:
		line 1293 in file "../../../usb_device.c"
 Parameters:    Size  Location     Type
		None
 Auto vars:     Size  Location     Type
		None
 Return value:  Size  Location     Type
		None               void
 Registers used:
		wreg, fsr1l, fsr1h, fsr2l, fsr2h, status,2, status,0, tblptrl, tblptrh, tblptru, prodl, prodh, cstack
 Tracked objects:
		On entry : 
		On exit  : 
		Unchanged: 
 Data sizes:     COMRAM   BANK0   BANK1 BANK2hh BANK2hl
      Params:         0       0       0       0       0
      Locals:         0       0       0       0       0
      Temps:          0       0       0       0       0
      Totals:         0       0       0       0       0
Total ram usage:        0 bytes
 Hardware stack levels used:    1
 Hardware stack levels required when called:    6
 This function calls:
		_USBStdFeatureReqHandler
		_USBStdGetDscHandler
		_USBStdSetCfgHandler
		_USER_USB_CALLBACK_EVENT_HANDLER
 This function is called by:
		_USBCtrlTrfSetupHandler
 This function uses a non-reentrant model


 *************** function _USBStdSetCfgHandler *****************
 Defined at:
		line 932 in file "../../../usb_device.c"
 Parameters:    Size  Location     Type
		None
 Auto vars:     Size  Location     Type
  i               1   39[COMRAM] unsigned char 
 Return value:  Size  Location     Type
		None               void
 Registers used:
		wreg, fsr2l, fsr2h, status,2, status,0, prodl, prodh, cstack
 Tracked objects:
		On entry : 
		On exit  : 
		Unchanged: 
 Data sizes:     COMRAM   BANK0   BANK1 BANK2hh BANK2hl
      Params:         0       0       0       0       0
      Locals:         1       0       0       0       0
      Temps:          0       0       0       0       0
      Totals:         1       0       0       0       0
Total ram usage:        1 bytes
 Hardware stack levels used:    1
 Hardware stack levels required when called:    5
 This function calls:
		_USER_USB_CALLBACK_EVENT_HANDLER
		i2_memset
 This function is called by:
		_USBCheckStdRequest
 This function uses a non-reentrant model


 *************** function i2_memset *****************
 Defined at:
		line 8 in file "C:\Program Files (x86)\Microchip\xc8\v1.32\sources\common\memset.c"
 Parameters:    Size  Location     Type
  p1              2   17[COMRAM] PTR void 
		 -> USBAlternateInterface(2), BDT(48), UEP1(1), 
  c               2   19[COMRAM] int 
  n               2   21[COMRAM] unsigned int 
 Auto vars:     Size  Location     Type
  memset          2   23[COMRAM] PTR unsigned char 
		 -> USBAlternateInterface(2), BDT(48), UEP1(1), 
 Return value:  Size  Location     Type
                  2   17[COMRAM] PTR void 
 Registers used:
		wreg, fsr2l, fsr2h, status,2, status,0
 Tracked objects:
		On entry : 
		On exit  : 
		Unchanged: 
 Data sizes:     COMRAM   BANK0   BANK1 BANK2hh BANK2hl
      Params:         6       0       0       0       0
      Locals:         2       0       0       0       0
      Temps:          0       0       0       0       0
      Totals:         8       0       0       0       0
Total ram usage:        8 bytes
 Hardware stack levels used:    1
 This function calls:
		Nothing
 This function is called by:
		_USBStdSetCfgHandler
		i2_USBDeviceInit
 This function uses a non-reentrant model


 *************** function _USBStdGetDscHandler *****************
 Defined at:
		line 981 in file "../../../usb_device.c"
 Parameters:    Size  Location     Type
		None
 Auto vars:     Size  Location     Type
		None
 Return value:  Size  Location     Type
		None               void
 Registers used:
		wreg, fsr1l, fsr1h, status,2, status,0, tblptrl, tblptrh, tblptru, prodl, prodh
 Tracked objects:
		On entry : 
		On exit  : 
		Unchanged: 
 Data sizes:     COMRAM   BANK0   BANK1 BANK2hh BANK2hl
      Params:         0       0       0       0       0
      Locals:         0       0       0       0       0
      Temps:          2       0       0       0       0
      Totals:         2       0       0       0       0
Total ram usage:        2 bytes
 Hardware stack levels used:    1
 This function calls:
		Nothing
 This function is called by:
		_USBCheckStdRequest
 This function uses a non-reentrant model


 *************** function _USBStdFeatureReqHandler *****************
 Defined at:
		line 1344 in file "../../../usb_device.c"
 Parameters:    Size  Location     Type
		None
 Auto vars:     Size  Location     Type
  p               2   45[COMRAM] PTR struct __BDT
		 -> BDT(48), NULL(0), 
  pUEP            2   42[COMRAM] PTR unsigned char 
		 -> UEP0(1), 
  current_ep_d    1   44[COMRAM] struct .
 Return value:  Size  Location     Type
		None               void
 Registers used:
		wreg, fsr2l, fsr2h, status,2, status,0, prodl, prodh, cstack
 Tracked objects:
		On entry : 
		On exit  : 
		Unchanged: 
 Data sizes:     COMRAM   BANK0   BANK1 BANK2hh BANK2hl
      Params:         0       0       0       0       0
      Locals:         5       0       0       0       0
      Temps:          3       0       0       0       0
      Totals:         8       0       0       0       0
Total ram usage:        8 bytes
 Hardware stack levels used:    1
 Hardware stack levels required when called:    5
 This function calls:
		_USER_USB_CALLBACK_EVENT_HANDLER
 This function is called by:
		_USBCheckStdRequest
 This function uses a non-reentrant model


 *************** function _USER_USB_CALLBACK_EVENT_HANDLER *****************
 Defined at:
		line 353 in file "../main.c"
 Parameters:    Size  Location     Type
  event           2   31[COMRAM] int 
  pdata           2   33[COMRAM] PTR void 
		 -> USTATcopy(1), USBActiveConfiguration(1), BDT(48), NULL(0), 
  size            2   35[COMRAM] unsigned short 
 Auto vars:     Size  Location     Type
		None
 Return value:  Size  Location     Type
                  1    wreg      enum E5
 Registers used:
		wreg, fsr2l, fsr2h, status,2, status,0, prodl, prodh, cstack
 Tracked objects:
		On entry : 
		On exit  : 
		Unchanged: 
 Data sizes:     COMRAM   BANK0   BANK1 BANK2hh BANK2hl
      Params:         6       0       0       0       0
      Locals:         0       0       0       0       0
      Temps:          2       0       0       0       0
      Totals:         8       0       0       0       0
Total ram usage:        8 bytes
 Hardware stack levels used:    1
 Hardware stack levels required when called:    4
 This function calls:
		_USBCBCheckOtherReq
		_USBCBErrorHandler
		_USBCBInitEP
		_USBCBStdSetDscHandler
		_USBCBSuspend
		_USBCB_SOF_Handler
		i2_USBCBWakeFromSuspend
 This function is called by:
		_USBDeviceTasks
		_USBStdSetCfgHandler
		_USBSuspend
		_USBWakeFromSuspend
		_USBCtrlTrfSetupHandler
		_USBCheckStdRequest
		_USBStdFeatureReqHandler
 This function uses a non-reentrant model


 *************** function i2_USBCBWakeFromSuspend *****************
 Defined at:
		line 234 in file "../main.c"
 Parameters:    Size  Location     Type
		None
 Auto vars:     Size  Location     Type
		None
 Return value:  Size  Location     Type
		None               void
 Registers used:
		None
 Tracked objects:
		On entry : 
		On exit  : 
		Unchanged: 
 Data sizes:     COMRAM   BANK0   BANK1 BANK2hh BANK2hl
      Params:         0       0       0       0       0
      Locals:         0       0       0       0       0
      Temps:          0       0       0       0       0
      Totals:         0       0       0       0       0
Total ram usage:        0 bytes
 Hardware stack levels used:    1
 This function calls:
		Nothing
 This function is called by:
		_USER_USB_CALLBACK_EVENT_HANDLER
 This function uses a non-reentrant model


 *************** function _USBCB_SOF_Handler *****************
 Defined at:
		line 244 in file "../main.c"
 Parameters:    Size  Location     Type
		None
 Auto vars:     Size  Location     Type
		None
 Return value:  Size  Location     Type
		None               void
 Registers used:
		None
 Tracked objects:
		On entry : 
		On exit  : 
		Unchanged: 
 Data sizes:     COMRAM   BANK0   BANK1 BANK2hh BANK2hl
      Params:         0       0       0       0       0
      Locals:         0       0       0       0       0
      Temps:          0       0       0       0       0
      Totals:         0       0       0       0       0
Total ram usage:        0 bytes
 Hardware stack levels used:    1
 This function calls:
		Nothing
 This function is called by:
		_USER_USB_CALLBACK_EVENT_HANDLER
 This function uses a non-reentrant model


 *************** function _USBCBSuspend *****************
 Defined at:
		line 224 in file "../main.c"
 Parameters:    Size  Location     Type
		None
 Auto vars:     Size  Location     Type
		None
 Return value:  Size  Location     Type
		None               void
 Registers used:
		None
 Tracked objects:
		On entry : 
		On exit  : 
		Unchanged: 
 Data sizes:     COMRAM   BANK0   BANK1 BANK2hh BANK2hl
      Params:         0       0       0       0       0
      Locals:         0       0       0       0       0
      Temps:          0       0       0       0       0
      Totals:         0       0       0       0       0
Total ram usage:        0 bytes
 Hardware stack levels used:    1
 This function calls:
		Nothing
 This function is called by:
		_USER_USB_CALLBACK_EVENT_HANDLER
 This function uses a non-reentrant model


 *************** function _USBCBStdSetDscHandler *****************
 Defined at:
		line 276 in file "../main.c"
 Parameters:    Size  Location     Type
		None
 Auto vars:     Size  Location     Type
		None
 Return value:  Size  Location     Type
		None               void
 Registers used:
		None
 Tracked objects:
		On entry : 
		On exit  : 
		Unchanged: 
 Data sizes:     COMRAM   BANK0   BANK1 BANK2hh BANK2hl
      Params:         0       0       0       0       0
      Locals:         0       0       0       0       0
      Temps:          0       0       0       0       0
      Totals:         0       0       0       0       0
Total ram usage:        0 bytes
 Hardware stack levels used:    1
 This function calls:
		Nothing
 This function is called by:
		_USER_USB_CALLBACK_EVENT_HANDLER
 This function uses a non-reentrant model


 *************** function _USBCBInitEP *****************
 Defined at:
		line 288 in file "../main.c"
 Parameters:    Size  Location     Type
		None
 Auto vars:     Size  Location     Type
		None
 Return value:  Size  Location     Type
		None               void
 Registers used:
		wreg, fsr2l, fsr2h, status,2, status,0, prodl, prodh, cstack
 Tracked objects:
		On entry : 
		On exit  : 
		Unchanged: 
 Data sizes:     COMRAM   BANK0   BANK1 BANK2hh BANK2hl
      Params:         0       0       0       0       0
      Locals:         0       0       0       0       0
      Temps:          0       0       0       0       0
      Totals:         0       0       0       0       0
Total ram usage:        0 bytes
 Hardware stack levels used:    1
 Hardware stack levels required when called:    3
 This function calls:
		_CDCInitEP
 This function is called by:
		_USER_USB_CALLBACK_EVENT_HANDLER
 This function uses a non-reentrant model


 *************** function _CDCInitEP *****************
 Defined at:
		line 216 in file "../usb_function_cdc.c"
 Parameters:    Size  Location     Type
		None
 Auto vars:     Size  Location     Type
		None
 Return value:  Size  Location     Type
		None               void
 Registers used:
		wreg, fsr2l, fsr2h, status,2, status,0, prodl, prodh, cstack
 Tracked objects:
		On entry : 
		On exit  : 
		Unchanged: 
 Data sizes:     COMRAM   BANK0   BANK1 BANK2hh BANK2hl
      Params:         0       0       0       0       0
      Locals:         0       0       0       0       0
      Temps:          0       0       0       0       0
      Totals:         0       0       0       0       0
Total ram usage:        0 bytes
 Hardware stack levels used:    1
 Hardware stack levels required when called:    2
 This function calls:
		_USBEnableEndpoint
		i2_USBTransferOnePacket
 This function is called by:
		_USBCBInitEP
 This function uses a non-reentrant model


 *************** function i2_USBTransferOnePacket *****************
 Defined at:
		line 502 in file "../../../usb_device.c"
 Parameters:    Size  Location     Type
  ep              1    wreg     unsigned char 
  dir             1   17[COMRAM] unsigned char 
  data            2   18[COMRAM] PTR unsigned char 
		 -> cdc_data_tx(64), NULL(0), cdc_data_rx(64), 
  len             1   20[COMRAM] unsigned char 
 Auto vars:     Size  Location     Type
  ep              1   21[COMRAM] unsigned char 
  USBTransferO    2   22[COMRAM] PTR volatile struct __BD
		 -> BDT(48), NULL(0), 
 Return value:  Size  Location     Type
                  2   17[COMRAM] PTR void 
 Registers used:
		wreg, fsr2l, fsr2h, status,2, status,0, prodl, prodh
 Tracked objects:
		On entry : 
		On exit  : 
		Unchanged: 
 Data sizes:     COMRAM   BANK0   BANK1 BANK2hh BANK2hl
      Params:         4       0       0       0       0
      Locals:         3       0       0       0       0
      Temps:          0       0       0       0       0
      Totals:         7       0       0       0       0
Total ram usage:        7 bytes
 Hardware stack levels used:    1
 This function calls:
		Nothing
 This function is called by:
		_CDCInitEP
 This function uses a non-reentrant model


 *************** function _USBEnableEndpoint *****************
 Defined at:
		line 467 in file "../../../usb_device.c"
 Parameters:    Size  Location     Type
  ep              1    wreg     unsigned char 
  options         1   25[COMRAM] unsigned char 
 Auto vars:     Size  Location     Type
  ep              1   30[COMRAM] unsigned char 
  p               2   28[COMRAM] PTR unsigned char 
		 -> UEP0(1), 
 Return value:  Size  Location     Type
		None               void
 Registers used:
		wreg, fsr2l, fsr2h, status,2, status,0, prodl, prodh, cstack
 Tracked objects:
		On entry : 
		On exit  : 
		Unchanged: 
 Data sizes:     COMRAM   BANK0   BANK1 BANK2hh BANK2hl
      Params:         1       0       0       0       0
      Locals:         3       0       0       0       0
      Temps:          2       0       0       0       0
      Totals:         6       0       0       0       0
Total ram usage:        6 bytes
 Hardware stack levels used:    1
 Hardware stack levels required when called:    1
 This function calls:
		_USBConfigureEndpoint
 This function is called by:
		_CDCInitEP
 This function uses a non-reentrant model


 *************** function _USBConfigureEndpoint *****************
 Defined at:
		line 684 in file "../../../usb_device.c"
 Parameters:    Size  Location     Type
  EPNum           1    wreg     unsigned char 
  direction       1   17[COMRAM] unsigned char 
 Auto vars:     Size  Location     Type
  EPNum           1   22[COMRAM] unsigned char 
  handle          2   23[COMRAM] PTR volatile struct __BD
		 -> BDT(48), 
 Return value:  Size  Location     Type
		None               void
 Registers used:
		wreg, fsr2l, fsr2h, status,2, status,0, prodl, prodh
 Tracked objects:
		On entry : 
		On exit  : 
		Unchanged: 
 Data sizes:     COMRAM   BANK0   BANK1 BANK2hh BANK2hl
      Params:         1       0       0       0       0
      Locals:         3       0       0       0       0
      Temps:          4       0       0       0       0
      Totals:         8       0       0       0       0
Total ram usage:        8 bytes
 Hardware stack levels used:    1
 This function calls:
		Nothing
 This function is called by:
		_USBEnableEndpoint
 This function uses a non-reentrant model


 *************** function _USBCBErrorHandler *****************
 Defined at:
		line 255 in file "../main.c"
 Parameters:    Size  Location     Type
		None
 Auto vars:     Size  Location     Type
		None
 Return value:  Size  Location     Type
		None               void
 Registers used:
		None
 Tracked objects:
		On entry : 
		On exit  : 
		Unchanged: 
 Data sizes:     COMRAM   BANK0   BANK1 BANK2hh BANK2hl
      Params:         0       0       0       0       0
      Locals:         0       0       0       0       0
      Temps:          0       0       0       0       0
      Totals:         0       0       0       0       0
Total ram usage:        0 bytes
 Hardware stack levels used:    1
 This function calls:
		Nothing
 This function is called by:
		_USER_USB_CALLBACK_EVENT_HANDLER
 This function uses a non-reentrant model


 *************** function _USBCBCheckOtherReq *****************
 Defined at:
		line 264 in file "../main.c"
 Parameters:    Size  Location     Type
		None
 Auto vars:     Size  Location     Type
		None
 Return value:  Size  Location     Type
		None               void
 Registers used:
		None
 Tracked objects:
		On entry : 
		On exit  : 
		Unchanged: 
 Data sizes:     COMRAM   BANK0   BANK1 BANK2hh BANK2hl
      Params:         0       0       0       0       0
      Locals:         0       0       0       0       0
      Temps:          0       0       0       0       0
      Totals:         0       0       0       0       0
Total ram usage:        0 bytes
 Hardware stack levels used:    1
 This function calls:
		Nothing
 This function is called by:
		_USER_USB_CALLBACK_EVENT_HANDLER
 This function uses a non-reentrant model


 *************** function _USBCtrlTrfOutHandler *****************
 Defined at:
		line 1196 in file "../../../usb_device.c"
 Parameters:    Size  Location     Type
		None
 Auto vars:     Size  Location     Type
		None
 Return value:  Size  Location     Type
		None               void
 Registers used:
		wreg, fsr1l, fsr1h, fsr2l, fsr2h, status,2, status,0, prodl, prodh, cstack
 Tracked objects:
		On entry : 
		On exit  : 
		Unchanged: 
 Data sizes:     COMRAM   BANK0   BANK1 BANK2hh BANK2hl
      Params:         0       0       0       0       0
      Locals:         0       0       0       0       0
      Temps:          0       0       0       0       0
      Totals:         0       0       0       0       0
Total ram usage:        0 bytes
 Hardware stack levels used:    1
 Hardware stack levels required when called:    2
 This function calls:
		_USBCtrlTrfRxService
 This function is called by:
		_USBCtrlEPService
 This function uses a non-reentrant model


 *************** function _USBCtrlTrfRxService *****************
 Defined at:
		line 863 in file "../../../usb_device.c"
 Parameters:    Size  Location     Type
		None
 Auto vars:     Size  Location     Type
  byteToRead      1   20[COMRAM] unsigned char 
  i               1   19[COMRAM] unsigned char 
 Return value:  Size  Location     Type
		None               void
 Registers used:
		wreg, fsr1l, fsr1h, fsr2l, fsr2h, status,2, status,0, prodl, prodh, cstack
 Tracked objects:
		On entry : 
		On exit  : 
		Unchanged: 
 Data sizes:     COMRAM   BANK0   BANK1 BANK2hh BANK2hl
      Params:         0       0       0       0       0
      Locals:         2       0       0       0       0
      Temps:          2       0       0       0       0
      Totals:         4       0       0       0       0
Total ram usage:        4 bytes
 Hardware stack levels used:    1
 Hardware stack levels required when called:    1
 This function calls:
		_USBCtrlEPAllowStatusStage
 This function is called by:
		_USBCtrlTrfOutHandler
 This function uses a non-reentrant model


 *************** function _USBCtrlEPAllowStatusStage *****************
 Defined at:
		line 602 in file "../../../usb_device.c"
 Parameters:    Size  Location     Type
		None
 Auto vars:     Size  Location     Type
		None
 Return value:  Size  Location     Type
		None               void
 Registers used:
		wreg, fsr2l, fsr2h, status,2, status,0
 Tracked objects:
		On entry : 
		On exit  : 
		Unchanged: 
 Data sizes:     COMRAM   BANK0   BANK1 BANK2hh BANK2hl
      Params:         0       0       0       0       0
      Locals:         0       0       0       0       0
      Temps:          0       0       0       0       0
      Totals:         0       0       0       0       0
Total ram usage:        0 bytes
 Hardware stack levels used:    1
 This function calls:
		Nothing
 This function is called by:
		_USBDeviceTasks
		_USBCtrlEPServiceComplete
		_USBCtrlTrfRxService
 This function uses a non-reentrant model


 *************** function _USBCtrlTrfInHandler *****************
 Defined at:
		line 1234 in file "../../../usb_device.c"
 Parameters:    Size  Location     Type
		None
 Auto vars:     Size  Location     Type
  lastDTS         1   20[COMRAM] unsigned char 
 Return value:  Size  Location     Type
		None               void
 Registers used:
		wreg, fsr1l, fsr1h, fsr2l, fsr2h, status,2, status,0, tblptrl, tblptrh, tblptru, cstack
 Tracked objects:
		On entry : 
		On exit  : 
		Unchanged: 
 Data sizes:     COMRAM   BANK0   BANK1 BANK2hh BANK2hl
      Params:         0       0       0       0       0
      Locals:         1       0       0       0       0
      Temps:          0       0       0       0       0
      Totals:         1       0       0       0       0
Total ram usage:        1 bytes
 Hardware stack levels used:    1
 Hardware stack levels required when called:    1
 This function calls:
		_USBCtrlTrfTxService
 This function is called by:
		_USBCtrlEPService
 This function uses a non-reentrant model


 *************** function _USBCtrlTrfTxService *****************
 Defined at:
		line 811 in file "../../../usb_device.c"
 Parameters:    Size  Location     Type
		None
 Auto vars:     Size  Location     Type
  byteToSend      1   19[COMRAM] unsigned char 
 Return value:  Size  Location     Type
		None               void
 Registers used:
		wreg, fsr1l, fsr1h, fsr2l, fsr2h, status,2, status,0, tblptrl, tblptrh, tblptru
 Tracked objects:
		On entry : 
		On exit  : 
		Unchanged: 
 Data sizes:     COMRAM   BANK0   BANK1 BANK2hh BANK2hl
      Params:         0       0       0       0       0
      Locals:         1       0       0       0       0
      Temps:          2       0       0       0       0
      Totals:         3       0       0       0       0
Total ram usage:        3 bytes
 Hardware stack levels used:    1
 This function calls:
		Nothing
 This function is called by:
		_USBCtrlEPAllowDataStage
		_USBCtrlTrfInHandler
 This function uses a non-reentrant model



MODULE INFORMATION

Module		Function		Class		Link	Load	Size
../main.c
		_USBCBErrorHand		CODE           	1D3A	0000	2
		_USBCBWakeFromS		CODE           	1D30	0000	2
		_main          		CODE           	1BB6	0000	54
		_USER_USB_CALLB		CODE           	1936	0000	130
		_USBCBSendResum		CODE           	1AEA	0000	76
		_USBCBStdSetDsc		CODE           	1D38	0000	2
		_YourLowPriorit		CODE           	0018	0000	138
		_USBCBInitEP   		CODE           	1D2A	0000	6
		_YourHighPriori		CODE           	0008	0000	6804
		_ProcessUSB    		CODE           	0E56	0000	260
		_USBCB_SOF_Hand		CODE           	1D34	0000	2
		_USBCBSuspend  		CODE           	1D36	0000	2
		_USBCBCheckOthe		CODE           	1D3C	0000	2

../main.c estimated size: 7480

C:\Program Files (x86)\Microchip\xc8\v1.32\sources\common\memset.c
		_memset        		CODE           	1B7E	0000	56

C:\Program Files (x86)\Microchip\xc8\v1.32\sources\common\memset.c estimated size: 56

../usb_function_cdc.c
		_CDCTxService  		CODE           	0678	0000	392
		_CDCInitEP     		CODE           	19B8	0000	122
		_putUSBUSART   		CODE           	1CDA	0000	40
		_getsUSBUSART  		CODE           	0F5A	0000	260

../usb_function_cdc.c estimated size: 814

../../../usb_device.c
		_USBCtrlTrfInHa		CODE           	16F0	0000	156
		_USBTransferOne		CODE           	124A	0000	236
		_USBDeviceAttac		CODE           	1C22	0000	48
		_USBStdGetDscHa		CODE           	0AD2	0000	318
		_USBCtrlEPAllow		CODE           	18AC	0000	138
		_USBStdFeatureR		CODE           	03CC	0000	684
		_USBCtrlEPAllow		CODE           	15A6	0000	172
		_USBCtrlTrfSetu		CODE           	178C	0000	146
		_USBCtrlTrfOutH		CODE           	1A9C	0000	78
		_USBCtrlEPServi		CODE           	141C	0000	204
		_USBSuspend    		CODE           	1D02	0000	40
		_USBStdSetCfgHa		CODE           	105E	0000	246
		_USBWakeFromSus		CODE           	1C80	0000	46
		_USBCtrlTrfRxSe		CODE           	0D48	0000	270
		_USBCtrlTrfTxSe		CODE           	1154	0000	246
		_USBEnableEndpo		CODE           	1B36	0000	72
		_USBConfigureEn		CODE           	1652	0000	158
		_USBDeviceInit 		CODE           	0800	0000	378
		_USBCtrlEPServi		CODE           	1336	0000	230
		_USBStallHandle		CODE           	1BEC	0000	54
		_USBDeviceTasks		CODE           	0C10	0000	312
		_USBCheckStdReq		CODE           	181E	0000	142

../../../usb_device.c estimated size: 4374

shared
		_configDescript		SMALLCONST     	0309	0000	67
		_USB_CD_Ptr    		SMALLCONST     	0307	0000	2
		_sd001         		SMALLCONST     	034C	0000	52
		_sd002         		SMALLCONST     	0380	0000	52
		i2_USBDeviceIni		CODE           	097A	0000	344
		__initializatio		CODE           	1C52	0000	36
		_device_dsc    		SMALLCONST     	03B4	0000	18
		_USB_SD_Ptr    		SMALLCONST     	0301	0000	6
		i2_memset      		CODE           	1CAE	0000	44
		i2_USBCBWakeFro		CODE           	1D32	0000	2
		_sd000         		SMALLCONST     	03C6	0000	4
		i2_USBTransferO		CODE           	14E8	0000	190

shared estimated size: 817

