Microchip MPLAB XC8 Compiler V1.45 ()

Linker command line:

--edf=C:\Program Files (x86)\Microchip\xc8\v1.45\dat\en_msgs.txt -cs \
  -h+CDC - Basic.sym --cmf=CDC - Basic.cmf -z -Q18F14K50 \
  -oC:\Users\shtky\AppData\Local\Temp\s4ss.2 -MCDC - Basic.map -E1 -ver=XC8 \
  --acfsm=1493 -ASTACK=0299h-02ffh -pstack=STACK -ACODE=00h-03FFFh \
  -ACONST=00h-03FFFh -ASMALLCONST=0300h-03FFhx61 -AMEDIUMCONST=0300h-03FFFh \
  -ACOMRAM=01h-05Fh -AABS1=00h-02FFh -ABIGRAM=01h-02FFh \
  -ARAM=060h-0FFh,0100h-01FFhx2 -ABANK0=060h-0FFh -ABANK1=0100h-01FFh \
  -ABANK2=0200h-02FFh -ASFR=0F53h-0F5Fh,0F60h-0FFFh \
  -preset_vec=00h,intcode=08h,intcodelo=018h,powerup,init -pramtop=0300h \
  -psmallconst=SMALLCONST -pmediumconst=MEDIUMCONST -pconst=CONST \
  -AFARRAM=00h-00h -ACONFIG=0300000h-030000Dh -pconfig=CONFIG \
  -AIDLOC=0200000h-0200007h -pidloc=IDLOC -AEEDATA=0F00000h-0F000FFh \
  -peeprom_data=EEDATA \
  -prdata=COMRAM,nvrram=COMRAM,nvbit=COMRAM,rbss=COMRAM,rbit=COMRAM \
  -pfarbss=FARRAM,fardata=FARRAM,nvFARRAM=FARRAM \
  -pintsave_regs=BIGRAM,bigbss=BIGRAM,bigdata=BIGRAM -pbss=RAM \
  -pidata=CODE,irdata=CODE,ibigdata=CODE,ifardata=CODE -prparam=COMRAM \
  C:\Users\shtky\AppData\Local\Temp\s4ss.obj CDC - Basic.obj 

Object code version is 3.11

Machine type is 18F14K50

Call graph: (short form)




                Name                               Link     Load   Length Selector   Space Scale
C:\Users\shtky\AppData\Local\Temp\s4ss.obj
                init                                 F8       F8        4        C       0
                reset_vec                             0        0        4        0       0
                config                           300000   300000        8   300000       0
CDC - Basic.obj intcodelo                            18       18       E0        C       0
                intcode                               8        8        6        4       0
                temp                                 49       49        1        1       1
                smallconst                          300      300       E2      180       0
                intcode_body                       16B6     16B6      102      1F1       0
                text27                             1F64     1F64       12      F49       0
                text26                             1FAE     1FAE        8      F49       0
                text25                             1FA6     1FA6        8      F49       0
                text24                             1F9C     1F9C        A      F49       0
                text23                             1F92     1F92        A      F49       0
                text22                             1C34     1C34       72      1F1       0
                text21                             1F84     1F84        E      F49       0
                text20                             1B3E     1B3E       84      1F1       0
                text19                             1D10     1D10       5A      1F1       0
                text18                             1ED0     1ED0       3E      F49       0
                text17                             157C     157C      13A      1F1       0
                text16                             1A8A     1A8A       B4      1F1       0
                text15                             1D6A     1D6A       52      1F1       0
                text14                             1E0C     1E0C       44      1F1       0
                text13                             1F3E     1F3E       26      F49       0
                text12                             1E92     1E92       3E      F49       0
                text11                             18B2     18B2       FA      1F1       0
                text10                             17B8     17B8       FA      1F1       0
                text9                              1DBC     1DBC       50      1F1       0
                text8                              1442     1442      13A      1F1       0
                text7                              1F76     1F76        E      F49       0
                text6                               E4A      E4A      33E      1F1       0
                text5                              1188     1188      166      1F1       0
                text4                              1F0E     1F0E       30      F49       0
                text3                              19AC     19AC       DE      1F1       0
                text2                              12EE     12EE      154      1F1       0
                text1                              1CA6     1CA6       6A      1F1       0
                text0                               3E2      3E2      A68      1F1       0
                cstackCOMRAM                         2C       2C       1D        1       1
                cstackBANK0                          C0       C0       25       60       1
                cstackBANK1                         191      191       2B      100       1
                dataBANK1                           150      150       41      100       1
                bssBANK1                            100      100       50      100       1
                dataBANK0                            E5       E5        6       60       1
                bssBANK0                             60       60       60       60       1
                bssCOMRAM                             1        1       2B        1       1
                cinit                              1BC2     1BC2       72      1F1       0
                idataBANK1                         1E50     1E50       41      1F1       0
                idataBANK0                         1FB6     1FB6        6      F49       0

TOTAL           Name                               Link     Load   Length     Space
        CLASS   STACK          

        CLASS   CODE           
                intcodelo                            18       18       E0         0
                intcode                               8        8        6         0
                init                                 F8       F8        4         0
                reset_vec                             0        0        4         0
                intcode_body                       16B6     16B6      102         0
                text27                             1F64     1F64       12         0
                text26                             1FAE     1FAE        8         0
                text25                             1FA6     1FA6        8         0
                text24                             1F9C     1F9C        A         0
                text23                             1F92     1F92        A         0
                text22                             1C34     1C34       72         0
                text21                             1F84     1F84        E         0
                text20                             1B3E     1B3E       84         0
                text19                             1D10     1D10       5A         0
                text18                             1ED0     1ED0       3E         0
                text17                             157C     157C      13A         0
                text16                             1A8A     1A8A       B4         0
                text15                             1D6A     1D6A       52         0
                text14                             1E0C     1E0C       44         0
                text13                             1F3E     1F3E       26         0
                text12                             1E92     1E92       3E         0
                text11                             18B2     18B2       FA         0
                text10                             17B8     17B8       FA         0
                text9                              1DBC     1DBC       50         0
                text8                              1442     1442      13A         0
                text7                              1F76     1F76        E         0
                text6                               E4A      E4A      33E         0
                text5                              1188     1188      166         0
                text4                              1F0E     1F0E       30         0
                text3                              19AC     19AC       DE         0
                text2                              12EE     12EE      154         0
                text1                              1CA6     1CA6       6A         0
                text0                               3E2      3E2      A68         0
                cinit                              1BC2     1BC2       72         0
                idataBANK1                         1E50     1E50       41         0
                idataBANK0                         1FB6     1FB6        6         0

        CLASS   CONST          

        CLASS   SMALLCONST     
                smallconst                          300      300       E2         0

        CLASS   MEDIUMCONST    

        CLASS   COMRAM         
                temp                                 49       49        1         1
                cstackCOMRAM                         2C       2C       1D         1
                bssCOMRAM                             1        1       2B         1

        CLASS   ABS1           
                abs_s1                              200      200       40         1
                abs_s1                              260      260       39         1

        CLASS   BIGRAM         

        CLASS   RAM            

        CLASS   BANK0          
                cstackBANK0                          C0       C0       25         1
                dataBANK0                            E5       E5        6         1
                bssBANK0                             60       60       60         1

        CLASS   BANK1          
                cstackBANK1                         191      191       2B         1
                dataBANK1                           150      150       41         1
                bssBANK1                            100      100       50         1

        CLASS   BANK2          

        CLASS   SFR            

        CLASS   FARRAM         

        CLASS   CONFIG         
                config                           300000   300000        8         0

        CLASS   IDLOC          

        CLASS   EEDATA         



SEGMENTS        Name                           Load    Length   Top    Selector   Space  Class

                reset_vec                      000000  000004  000004         0       0  CODE    
                bssCOMRAM                      000001  000049  00004A         1       1  COMRAM  
                intcode                        000008  000006  00000E         4       0  CODE    
                intcodelo                      000018  0000E4  0000FC         C       0  CODE    
                bssBANK0                       000060  00008B  0000EB        60       1  BANK0   
                bssBANK1                       000100  0000BC  0001BC       100       1  BANK1   
                smallconst                     000300  0000E2  0003E2       180       0  SMALLCON
                text0                          0003E2  001AAF  001E91       1F1       0  CODE    
                text12                         001E92  00012A  001FBC       F49       0  CODE    
                config                         300000  000008  300008    300000       0  CONFIG  


UNUSED ADDRESS RANGES

        Name                Unused          Largest block    Delta
        BANK0            0000EB-0000FF               15
        BANK1            0001BC-0001FF               44
        BANK2            000240-00025F               20
                         000299-0002FF               67
        BIGRAM           00004A-00005F               16
                         0000EB-0000FF               15
                         0001BC-0001FF               44
                         000240-00025F               20
                         000299-0002FF               67
        CODE             000004-000007                4
                         00000E-000017                A
                         0000FC-0002FF              204
                         001E91-001E91                1
                         001FBC-003FFF             2044
        COMRAM           00004A-00005F               16
        CONFIG           300008-30000D                6
        CONST            000004-000007                4
                         00000E-000017                A
                         0000FC-0002FF              204
                         001E91-001E91                1
                         001FBC-003FFF             2044
        EEDATA           F00000-F000FF              100
        IDLOC            200000-200007                8
        MEDIUMCONST      001E91-001E91                1
                         001FBC-003FFF             2044
        RAM              0000EB-0000FF               15
                         0001BC-0001FF               44
                         000240-00025F               20
                         000299-0002FF               67
        SFR              000F53-000FFF                D
        SMALLCONST       001E91-001E91                1
                         001FBC-003FFF              100
        STACK            000299-0002FF               67

                                  Symbol Table

?_I2C_Tsensor                     cstackCOMRAM 000045
?___fladd                         cstackBANK1  000191
?___flneg                         cstackBANK0  0000DF
?___fltol                         cstackBANK1  0001A5
?___lldiv                         cstackBANK0  0000D5
?___lwdiv                         cstackCOMRAM 000042
?___lwmod                         cstackBANK0  0000D5
?___wmul                          cstackCOMRAM 000042
?___xxtofl                        cstackCOMRAM 000042
I2C_Master_Init@c                 cstackBANK0  0000DD
I2C_Master_Write@d                cstackCOMRAM 000043
I2C_Tsensor@Tsens_ADD             cstackBANK0  0000D7
I2C_Tsensor@c                     cstackBANK0  0000D8
I2C_Tsensor@tpr                   cstackBANK0  0000D5
I2C_Tsensor_CFG@Tsens_ADD         cstackCOMRAM 000046
LCD_Tsens1@tmp                    cstackBANK0  0000DD
LCD_Tsens2@tmp                    cstackBANK0  0000DD
LCD_str@c                         cstackCOMRAM 000047
LCD_str@i                         cstackBANK0  0000D7
LCD_str@wk                        cstackBANK0  0000D8
LCD_time@hr                       cstackBANK0  0000DA
LCD_time@min                      cstackBANK0  0000DC
LCD_time@sec                      cstackBANK0  0000DE
LCD_time@wk                       cstackBANK0  0000E0
USBCBSendResume@delay_count       bssBANK0     000095
_ACKDT                            (abs)        007E2D
_ACKEN                            (abs)        007E2C
_ANSEL                            (abs)        000F7E
_ANSELH                           (abs)        000F7F
_BDT                              (abs)        000200
_BaudRateGen                      bssBANK1     00013C
_BothEP0OutUOWNsSet               bssCOMRAM    00001F
_CCP1CON                          (abs)        000FBD
_CCP1IE                           (abs)        007CEA
_CCP1IF                           (abs)        007CF2
_CCP1IP                           (abs)        007CFA
_CCPR1H                           (abs)        000FBF
_CCPR1L                           (abs)        000FBE
_CCPR_CNT                         dataBANK0    0000E9
_CDCDataInHandle                  bssBANK0     00007D
_CDCDataOutHandle                 bssBANK0     00007F
_CtrlTrfData                      (abs)        000238
_I2C_Master_Init                  text19       001D10
_I2C_Master_Start                 text26       001FAE
_I2C_Master_Stop                  text25       001FA6
_I2C_Master_Wait                  text27       001F64
_I2C_Master_Write                 text24       001F9C
_I2C_Tsensor                      text16       001A8A
_I2C_Tsensor_CFG                  text22       001C34
_I2C_Tsensor_init                 text21       001F84
_I2C_nacksnd                      text23       001F92
_INTCON2bits                      (abs)        000FF1
_INTCONbits                       (abs)        000FF2
_IPR1bits                         (abs)        000F9F
_IPR2bits                         (abs)        000FA2
_I_tpr                            bssBANK0     000083
_LATC                             (abs)        000F8B
_LC4                              (abs)        007C5C
_LC5                              (abs)        007C5D
_LCD_Init                         text17       00157C
_LCD_Tsens1                       text11       0018B2
_LCD_Tsens2                       text10       0017B8
_LCD_str                          text9        001DBC
_LCD_time                         text8        001442
_LED_stat                         bssBANK0     00009D
_OSCCON                           (abs)        000FD3
_PEN                              (abs)        007E2A
_PICinit                          text7        001F76
_PIE1bits                         (abs)        000F9D
_PIE2bits                         (abs)        000FA0
_PIR1bits                         (abs)        000F9E
_PIR2bits                         (abs)        000FA1
_PORTA                            (abs)        000F80
_PORTB                            (abs)        000F81
_PORTC                            (abs)        000F82
_PORTCbits                        (abs)        000F82
_RC3                              (abs)        007C13
_RC7                              (abs)        007C17
_RCEN                             (abs)        007E2B
_RCONbits                         (abs)        000FD0
_RSEN                             (abs)        007E29
_RemoteWakeup                     bssCOMRAM    000027
_SEN                              (abs)        007E28
_SSPADD                           (abs)        000FC8
_SSPBUF                           (abs)        000FC9
_SSPCON1                          (abs)        000FC6
_SSPCON2                          (abs)        000FC5
_SSPIF                            (abs)        007CF3
_SSPSTAT                          (abs)        000FC7
_SetupPkt                         (abs)        000230
_T0CON                            (abs)        000FD5
_T1CON                            (abs)        000FCD
_T3CON                            (abs)        000FB1
_TMR0H                            (abs)        000FD7
_TMR0L                            (abs)        000FD6
_TMR1H                            (abs)        000FCF
_TMR1L                            (abs)        000FCE
_TMR3H                            (abs)        000FB3
_TMR3IE                           (abs)        007D01
_TMR3IF                           (abs)        007D09
_TMR3IP                           (abs)        007D11
_TMR3L                            (abs)        000FB2
_TRISA                            (abs)        000F92
_TRISB                            (abs)        000F93
_TRISC                            (abs)        000F94
_UADDR                            (abs)        000F5C
_UCFG                             (abs)        000F61
_UCON                             (abs)        000F64
_UCONbits                         (abs)        000F64
_UEIE                             (abs)        000F5B
_UEIR                             (abs)        000F5F
_UEP0                             (abs)        000F53
_UEP0bits                         (abs)        000F53
_UEP1                             (abs)        000F54
_UIE                              (abs)        000F60
_UIEbits                          (abs)        000F60
_UIR                              (abs)        000F62
_UIRbits                          (abs)        000F62
_USBActiveConfiguration           bssCOMRAM    00002B
_USBAlternateInterface            bssBANK0     0000BE
_USBBusIsSuspended                bssCOMRAM    000026
_USBDeferINDataStagePackets       bssCOMRAM    00001A
_USBDeferOUTDataStagePackets      bssCOMRAM    000019
_USBDeferStatusStagePacket        bssCOMRAM    00001D
_USBDeviceState                   bssCOMRAM    000029
_USBStatusStageEnabledFlag1       bssCOMRAM    00001C
_USBStatusStageEnabledFlag2       bssCOMRAM    00001B
_USBStatusStageTimeoutCounter     bssCOMRAM    00001E
_USB_CD_Ptr                       smallconst   000307
_USB_In_Buffer                    bssBANK0     00009E
_USB_Out_Buffer                   bssBANK1     000148
_USB_SD_Ptr                       smallconst   000301
_USTAT                            (abs)        000F63
_USTATcopy                        bssCOMRAM    00002A
_YourHighPriorityISRCode          intcode      000008
_YourLowPriorityISRCode           intcodelo    000018
__CFG_BOREN$OFF                   (abs)        000000
__CFG_BORV$30                     (abs)        000000
__CFG_CPUDIV$NOCLKDIV             (abs)        000000
__CFG_FCMEN$OFF                   (abs)        000000
__CFG_FOSC$ECH                    (abs)        000000
__CFG_HFOFST$OFF                  (abs)        000000
__CFG_IESO$OFF                    (abs)        000000
__CFG_LVP$OFF                     (abs)        000000
__CFG_MCLRE$OFF                   (abs)        000000
__CFG_PCLKEN$ON                   (abs)        000000
__CFG_PLLEN$ON                    (abs)        000000
__CFG_PWRTEN$OFF                  (abs)        000000
__CFG_STVREN$ON                   (abs)        000000
__CFG_USBDIV$OFF                  (abs)        000000
__CFG_WDTEN$OFF                   (abs)        000000
__CFG_WDTPS$32768                 (abs)        000000
__CFG_XINST$OFF                   (abs)        000000
__HRAM                            (abs)        000000
__Habs1                           abs1         000000
__Hbank0                          bank0        000000
__Hbank1                          bank1        000000
__Hbank2                          bank2        000000
__Hbigbss                         bigbss       000000
__Hbigdata                        bigdata      000000
__Hbigram                         bigram       000000
__Hbss                            bss          000000
__HbssBANK0                       bssBANK0     000000
__HbssBANK1                       bssBANK1     000000
__HbssCOMRAM                      bssCOMRAM    000000
__Hcinit                          cinit        000000
__Hclrtext                        clrtext      000000
__Hcomram                         comram       000000
__Hconfig                         config       300008
__Hconst                          const        000000
__HcstackBANK0                    cstackBANK0  000000
__HcstackBANK1                    cstackBANK1  000000
__HcstackCOMRAM                   cstackCOMRAM 000000
__Hdata                           data         000000
__HdataBANK0                      dataBANK0    000000
__HdataBANK1                      dataBANK1    000000
__Heeprom_data                    eeprom_data  000000
__Hfarbss                         farbss       000000
__Hfardata                        fardata      000000
__Hibigdata                       ibigdata     000000
__Hidata                          idata        000000
__HidataBANK0                     idataBANK0   000000
__HidataBANK1                     idataBANK1   000000
__Hidloc                          idloc        000000
__Hifardata                       ifardata     000000
__Hinit                           init         0000FC
__Hintcode                        intcode      00000E
__Hintcode_body                   intcode_body 000000
__Hintcodelo                      intcodelo    0000F8
__Hintentry                       intentry     000000
__Hintret                         intret       000000
__Hintsave_regs                   intsave_regs 000000
__Hirdata                         irdata       000000
__Hmediumconst                    mediumconst  000000
__HnvFARRAM                       nvFARRAM     000000
__Hnvbit                          nvbit        000000
__Hnvrram                         nvrram       000000
__Hparam                          rparam       000000
__Hpowerup                        powerup      0000F8
__Hram                            ram          000000
__Hramtop                         ramtop       000300
__Hrbit                           rbit         000000
__Hrbss                           rbss         000000
__Hrdata                          rdata        000000
__Hreset_vec                      reset_vec    000004
__Hrparam                         rparam       000000
__Hsfr                            sfr          000000
__Hsmallconst                     smallconst   0003E2
__Hspace_0                        (abs)        300008
__Hspace_1                        (abs)        0001BC
__Hspace_2                        (abs)        000000
__Hstack                          stack        000000
__Hstruct                         struct       000000
__Htemp                           temp         00004A
__Htext                           text         000000
__Htext0                          text0        000000
__Htext1                          text1        000000
__Htext10                         text10       000000
__Htext11                         text11       000000
__Htext12                         text12       000000
__Htext13                         text13       000000
__Htext14                         text14       000000
__Htext15                         text15       000000
__Htext16                         text16       000000
__Htext17                         text17       000000
__Htext18                         text18       000000
__Htext19                         text19       000000
__Htext2                          text2        000000
__Htext20                         text20       000000
__Htext21                         text21       000000
__Htext22                         text22       000000
__Htext23                         text23       000000
__Htext24                         text24       000000
__Htext25                         text25       000000
__Htext26                         text26       000000
__Htext27                         text27       000000
__Htext3                          text3        000000
__Htext4                          text4        000000
__Htext5                          text5        000000
__Htext6                          text6        000000
__Htext7                          text7        000000
__Htext8                          text8        000000
__Htext9                          text9        000000
__LRAM                            (abs)        000001
__Labs1                           abs1         000000
__Lbank0                          bank0        000000
__Lbank1                          bank1        000000
__Lbank2                          bank2        000000
__Lbigbss                         bigbss       000000
__Lbigdata                        bigdata      000000
__Lbigram                         bigram       000000
__Lbss                            bss          000000
__LbssBANK0                       bssBANK0     000000
__LbssBANK1                       bssBANK1     000000
__LbssCOMRAM                      bssCOMRAM    000000
__Lcinit                          cinit        000000
__Lclrtext                        clrtext      000000
__Lcomram                         comram       000000
__Lconfig                         config       300000
__Lconst                          const        000000
__LcstackBANK0                    cstackBANK0  000000
__LcstackBANK1                    cstackBANK1  000000
__LcstackCOMRAM                   cstackCOMRAM 000000
__Ldata                           data         000000
__LdataBANK0                      dataBANK0    000000
__LdataBANK1                      dataBANK1    000000
__Leeprom_data                    eeprom_data  000000
__Lfarbss                         farbss       000000
__Lfardata                        fardata      000000
__Libigdata                       ibigdata     000000
__Lidata                          idata        000000
__LidataBANK0                     idataBANK0   000000
__LidataBANK1                     idataBANK1   000000
__Lidloc                          idloc        000000
__Lifardata                       ifardata     000000
__Linit                           init         0000F8
__Lintcode                        intcode      000008
__Lintcode_body                   intcode_body 000000
__Lintcodelo                      intcodelo    000018
__Lintentry                       intentry     000000
__Lintret                         intret       000000
__Lintsave_regs                   intsave_regs 000000
__Lirdata                         irdata       000000
__Lmediumconst                    mediumconst  000000
__LnvFARRAM                       nvFARRAM     000000
__Lnvbit                          nvbit        000000
__Lnvrram                         nvrram       000000
__Lparam                          rparam       000000
__Lpowerup                        powerup      0000F8
__Lram                            ram          000000
__Lramtop                         ramtop       000300
__Lrbit                           rbit         000000
__Lrbss                           rbss         000000
__Lrdata                          rdata        000000
__Lreset_vec                      reset_vec    000000
__Lrparam                         rparam       000000
__Lsfr                            sfr          000000
__Lsmallconst                     smallconst   000300
__Lspace_0                        (abs)        000000
__Lspace_1                        (abs)        000000
__Lspace_2                        (abs)        000000
__Lstack                          stack        000000
__Lstruct                         struct       000000
__Ltemp                           temp         000049
__Ltext                           text         000000
__Ltext0                          text0        000000
__Ltext1                          text1        000000
__Ltext10                         text10       000000
__Ltext11                         text11       000000
__Ltext12                         text12       000000
__Ltext13                         text13       000000
__Ltext14                         text14       000000
__Ltext15                         text15       000000
__Ltext16                         text16       000000
__Ltext17                         text17       000000
__Ltext18                         text18       000000
__Ltext19                         text19       000000
__Ltext2                          text2        000000
__Ltext20                         text20       000000
__Ltext21                         text21       000000
__Ltext22                         text22       000000
__Ltext23                         text23       000000
__Ltext24                         text24       000000
__Ltext25                         text25       000000
__Ltext26                         text26       000000
__Ltext27                         text27       000000
__Ltext3                          text3        000000
__Ltext4                          text4        000000
__Ltext5                          text5        000000
__Ltext6                          text6        000000
__Ltext7                          text7        000000
__Ltext8                          text8        000000
__Ltext9                          text9        000000
__S0                              (abs)        300008
__S1                              (abs)        0001BC
__S2                              (abs)        000000
___fladd                          text6        000E4A
___fladd@a                        cstackBANK1  000195
___fladd@aexp                     cstackBANK1  0001A2
___fladd@b                        cstackBANK1  000191
___fladd@bexp                     cstackBANK1  0001A3
___fladd@grs                      cstackBANK1  0001A4
___fladd@signs                    cstackBANK1  0001A1
___flge                           text5        001188
___flge@ff1                       cstackBANK1  000191
___flge@ff2                       cstackBANK1  000195
___flneg                          text4        001F0E
___flneg@f1                       cstackBANK0  0000DF
___fltol                          text3        0019AC
___fltol@exp1                     cstackCOMRAM 000047
___fltol@f1                       cstackBANK1  0001A5
___fltol@sign1                    cstackCOMRAM 000046
___inthi_sp                       stack        000000
___intlo_sp                       stack        000000
___lldiv                          text20       001B3E
___lldiv@counter                  cstackCOMRAM 000046
___lldiv@dividend                 cstackBANK0  0000D5
___lldiv@divisor                  cstackBANK0  0000D9
___lldiv@quotient                 cstackCOMRAM 000042
___lwdiv                          text15       001D6A
___lwdiv@counter                  cstackCOMRAM 000046
___lwdiv@dividend                 cstackCOMRAM 000042
___lwdiv@divisor                  cstackCOMRAM 000044
___lwdiv@quotient                 cstackCOMRAM 000047
___lwmod                          text14       001E0C
___lwmod@counter                  cstackBANK0  0000D9
___lwmod@dividend                 cstackBANK0  0000D5
___lwmod@divisor                  cstackBANK0  0000D7
___param_bank                     (abs)        000000
___rparam_used                    (abs)        000001
___sp                             stack        000000
___wmul                           text13       001F3E
___wmul@multiplicand              cstackCOMRAM 000044
___wmul@multiplier                cstackCOMRAM 000042
___wmul@product                   cstackCOMRAM 000046
___xxtofl                         text2        0012EE
___xxtofl@arg                     cstackBANK0  0000DB
___xxtofl@exp                     cstackBANK0  0000DA
___xxtofl@sign                    cstackBANK0  0000D9
___xxtofl@val                     cstackCOMRAM 000042
__accesstop                       (abs)        000060
__activetblptr                    (abs)        000002
__end_of_I2C_Master_Init          text19       001D6A
__end_of_I2C_Master_Start         text26       001FB6
__end_of_I2C_Master_Stop          text25       001FAE
__end_of_I2C_Master_Wait          text27       001F76
__end_of_I2C_Master_Write         text24       001FA6
__end_of_I2C_Tsensor              text16       001B3E
__end_of_I2C_Tsensor_CFG          text22       001CA6
__end_of_I2C_Tsensor_init         text21       001F92
__end_of_I2C_nacksnd              text23       001F9C
__end_of_LCD_Init                 text17       0016B6
__end_of_LCD_Tsens1               text11       0019AC
__end_of_LCD_Tsens2               text10       0018B2
__end_of_LCD_str                  text9        001E0C
__end_of_LCD_time                 text8        00157C
__end_of_PICinit                  text7        001F84
__end_of_USB_CD_Ptr               smallconst   000309
__end_of_USB_SD_Ptr               smallconst   000307
__end_of_YourHighPriorityISRCode  intcode_body 0017B8
__end_of_YourLowPriorityISRCode   intcodelo    0000F8
__end_of___fladd                  text6        001188
__end_of___flge                   text5        0012EE
__end_of___flneg                  text4        001F3E
__end_of___fltol                  text3        001A8A
__end_of___lldiv                  text20       001BC2
__end_of___lwdiv                  text15       001DBC
__end_of___lwmod                  text14       001E50
__end_of___wmul                   text13       001F64
__end_of___xxtofl                 text2        001442
__end_of__initialization          cinit        001C26
__end_of_configDescriptor1        smallconst   00034C
__end_of_device_dsc               smallconst   0003C6
__end_of_main                     text0        000E4A
__end_of_sd000                    smallconst   0003CA
__end_of_sd001                    smallconst   0003B4
__end_of_sd002                    smallconst   000380
__end_of_wait                     text1        001D10
__end_of_writeCommand             text18       001F0E
__end_of_writeData                text12       001ED0
__initialization                  cinit        001BC2
__mediumconst                     mediumconst  000000
__pbssBANK0                       bssBANK0     000060
__pbssBANK1                       bssBANK1     000100
__pbssCOMRAM                      bssCOMRAM    000001
__pcinit                          cinit        001BC2
__pcstackBANK0                    cstackBANK0  0000C0
__pcstackBANK1                    cstackBANK1  000191
__pcstackCOMRAM                   cstackCOMRAM 00002C
__pdataBANK0                      dataBANK0    0000E5
__pdataBANK1                      dataBANK1    000150
__pidataBANK0                     idataBANK0   001FB6
__pidataBANK1                     idataBANK1   001E50
__pintcode                        intcode      000008
__pintcode_body                   intcode_body 0016B6
__pintcodelo                      intcodelo    000018
__psmallconst                     smallconst   000300
__ptext0                          text0        0003E2
__ptext1                          text1        001CA6
__ptext10                         text10       0017B8
__ptext11                         text11       0018B2
__ptext12                         text12       001E92
__ptext13                         text13       001F3E
__ptext14                         text14       001E0C
__ptext15                         text15       001D6A
__ptext16                         text16       001A8A
__ptext17                         text17       00157C
__ptext18                         text18       001ED0
__ptext19                         text19       001D10
__ptext2                          text2        0012EE
__ptext20                         text20       001B3E
__ptext21                         text21       001F84
__ptext22                         text22       001C34
__ptext23                         text23       001F92
__ptext24                         text24       001F9C
__ptext25                         text25       001FA6
__ptext26                         text26       001FAE
__ptext27                         text27       001F64
__ptext3                          text3        0019AC
__ptext4                          text4        001F0E
__ptext5                          text5        001188
__ptext6                          text6        000E4A
__ptext7                          text7        001F76
__ptext8                          text8        001442
__ptext9                          text9        001DBC
__ramtop                          ramtop       000300
__size_of_I2C_Master_Init         (abs)        000000
__size_of_I2C_Master_Start        (abs)        000000
__size_of_I2C_Master_Stop         (abs)        000000
__size_of_I2C_Master_Wait         (abs)        000000
__size_of_I2C_Master_Write        (abs)        000000
__size_of_I2C_Tsensor             (abs)        000000
__size_of_I2C_Tsensor_CFG         (abs)        000000
__size_of_I2C_Tsensor_init        (abs)        000000
__size_of_I2C_nacksnd             (abs)        000000
__size_of_LCD_Init                (abs)        000000
__size_of_LCD_Tsens1              (abs)        000000
__size_of_LCD_Tsens2              (abs)        000000
__size_of_LCD_str                 (abs)        000000
__size_of_LCD_time                (abs)        000000
__size_of_PICinit                 (abs)        000000
__size_of_YourHighPriorityISRCode (abs)        000000
__size_of_YourLowPriorityISRCode  (abs)        000000
__size_of___fladd                 (abs)        000000
__size_of___flge                  (abs)        000000
__size_of___flneg                 (abs)        000000
__size_of___fltol                 (abs)        000000
__size_of___lldiv                 (abs)        000000
__size_of___lwdiv                 (abs)        000000
__size_of___lwmod                 (abs)        000000
__size_of___wmul                  (abs)        000000
__size_of___xxtofl                (abs)        000000
__size_of_main                    (abs)        000000
__size_of_wait                    (abs)        000000
__size_of_writeCommand            (abs)        000000
__size_of_writeData               (abs)        000000
__smallconst                      smallconst   000300
_angle_Dir                        dataBANK0    0000E5
_bitdata                          bssBANK1     000100
_cdc_data_rx                      (abs)        000280
_cdc_data_tx                      (abs)        000260
_cdc_mem_type                     bssBANK0     00009C
_cdc_notice                       (abs)        00028F
_cdc_rx_len                       bssCOMRAM    000024
_cdc_trf_state                    bssCOMRAM    000028
_cdc_tx_len                       bssCOMRAM    000023
_cnt100ms                         bssBANK0     000093
_cnt1hr                           bssBANK0     00008D
_cnt1min                          bssBANK0     00008F
_cnt1s                            bssBANK0     000091
_cnt6s                            bssBANK0     00008B
_configDescriptor1                smallconst   000309
_controlTransferState             bssCOMRAM    000021
_control_signal_bitmap            bssBANK0     00009B
_ct_bit                           bssBANK0     000081
_device_dsc                       smallconst   0003B4
_dummy_encapsulated_cmd_response  bssBANK1     000140
_endpoint_number                  bssCOMRAM    000020
_ep_data_in                       bssBANK0     00006F
_ep_data_out                      bssBANK0     00006C
_g_TimeCnt                        bssCOMRAM    000025
_inPipes                          bssCOMRAM    00000F
_line_coding                      (abs)        000288
_main                             text0        0003E2
_main$4723                        cstackBANK1  0001B6
_moji                             dataBANK1    00017F
_moji11                           dataBANK1    000163
_moji12                           dataBANK1    000150
_moji2                            dataBANK1    000176
_outPipes                         bssCOMRAM    000001
_pBDTEntryEP0OutCurrent           bssCOMRAM    000017
_pBDTEntryEP0OutNext              bssCOMRAM    000015
_pBDTEntryIn                      bssCOMRAM    000009
_pBDTEntryOut                     bssBANK0     000060
_pCDCDst                          bssBANK0     000072
_pCDCSrc                          bssBANK0     000075
_pDst                             bssBANK0     00007B
_pw_cycle_I_lv                    bssBANK0     000085
_pw_cycle_cnt                     bssBANK0     000089
_pw_cycle_lv                      bssBANK0     000087
_sd000                            smallconst   0003C6
_sd001                            smallconst   000380
_sd002                            smallconst   00034C
_shortPacketStatus                bssCOMRAM    000022
_stat                             dataBANK0    0000E8
_tm_disp                          bssBANK0     000066
_tmp_disp                         bssBANK0     000078
_tpr                              bssBANK0     000099
_tpr_AQ                           bssBANK0     000097
_tpr_set_lv                       dataBANK0    0000E7
_wait                             text1        001CA6
_writeCommand                     text18       001ED0
_writeData                        text12       001E92
btemp                             temp         000049
end_of_initialization             cinit        001C26
int$flags                         temp         000049
int_func                          intcode_body 0016B6
intlevel0                         text         000000
intlevel1                         text         000000
intlevel2                         text         000000
intlevel3                         text         000000
main@LED_num                      cstackBANK1  0001AF
main@rc3_cnt                      cstackBANK1  0001BA
main@rc3_state                    cstackBANK1  0001B5
main@rotate                       cstackBANK1  0001B3
main@tmp_stat_cnt                 cstackBANK1  0001B1
stackhi                           (abs)        0002FF
stacklo                           (abs)        000299
start                             init         0000F8
start_initialization              cinit        001BC2
wait@g_TimeCnt_tmp                cstackCOMRAM 000047
wait@time                         cstackCOMRAM 000042
writeCommand@t_command            cstackCOMRAM 000046
writeData@t_data                  cstackCOMRAM 000046
wtemp6                            temp         00004A


FUNCTION INFORMATION:

 *************** function _main *****************
 Defined at:
		line 91 in file "C:\pic\PRG\aqua_test02_3(nonpc)\main.c"
 Parameters:    Size  Location     Type
		None
 Auto vars:     Size  Location     Type
  rc3_cnt         2   41[BANK1 ] unsigned int 
  rotate          2   34[BANK1 ] int 
  tmp_stat_cnt    2   32[BANK1 ] unsigned short 
  LED_num         2   30[BANK1 ] int 
  tmp_stat        2    0        unsigned short 
  i               2    0        int 
  rc3_state       1   36[BANK1 ] unsigned char 
 Return value:  Size  Location     Type
                  1    wreg      void 
 Registers used:
		wreg, fsr0l, fsr0h, status,2, status,0, tblptrl, tblptrh, tblptru, prodl, prodh, cstack
 Tracked objects:
		On entry : 
		On exit  : 
		Unchanged: 
 Data sizes:     COMRAM   BANK0   BANK1 BANK2hl BANK2hh
      Params:         0       0       0       0       0
      Locals:         0       0      13       0       0
      Temps:          0       0       2       0       0
      Totals:         0       0      15       0       0
Total ram usage:       15 bytes
 Hardware stack levels required when called:    6
 This function calls:
		_I2C_Tsensor_init
		_LCD_Init
		_LCD_Tsens1
		_LCD_Tsens2
		_LCD_str
		_LCD_time
		_PICinit
		___fladd
		___flge
		___flneg
		___fltol
		___xxtofl
		_wait
		_writeCommand
 This function is called by:
		Startup code after reset
 This function uses a non-reentrant model


 *************** function _wait *****************
 Defined at:
		line 791 in file "C:\pic\PRG\aqua_test02_3(nonpc)\main.c"
 Parameters:    Size  Location     Type
  time            2   22[COMRAM] int 
 Auto vars:     Size  Location     Type
  g_TimeCnt_tm    2   27[COMRAM] int 
 Return value:  Size  Location     Type
                  1    wreg      void 
 Registers used:
		wreg, status,2, status,0
 Tracked objects:
		On entry : 
		On exit  : 
		Unchanged: 
 Data sizes:     COMRAM   BANK0   BANK1 BANK2hl BANK2hh
      Params:         2       0       0       0       0
      Locals:         2       0       0       0       0
      Temps:          3       0       0       0       0
      Totals:         7       0       0       0       0
Total ram usage:        7 bytes
 Hardware stack levels used:    1
 Hardware stack levels required when called:    2
 This function calls:
		Nothing
 This function is called by:
		_main
 This function uses a non-reentrant model


 *************** function ___xxtofl *****************
 Defined at:
		line 10 in file "C:\Program Files (x86)\Microchip\xc8\v1.45\sources\common\xxtofl.c"
 Parameters:    Size  Location     Type
  sign            1    wreg     unsigned char 
  val             4   22[COMRAM] long 
 Auto vars:     Size  Location     Type
  sign            1   25[BANK0 ] unsigned char 
  arg             4   27[BANK0 ] unsigned long 
  exp             1   26[BANK0 ] unsigned char 
 Return value:  Size  Location     Type
                  4   22[COMRAM] unsigned char 
 Registers used:
		wreg, status,2, status,0
 Tracked objects:
		On entry : 
		On exit  : 
		Unchanged: 
 Data sizes:     COMRAM   BANK0   BANK1 BANK2hl BANK2hh
      Params:         4       0       0       0       0
      Locals:         0       6       0       0       0
      Temps:          0       4       0       0       0
      Totals:         4      10       0       0       0
Total ram usage:       14 bytes
 Hardware stack levels used:    1
 Hardware stack levels required when called:    2
 This function calls:
		Nothing
 This function is called by:
		_main
 This function uses a non-reentrant model


 *************** function ___fltol *****************
 Defined at:
		line 43 in file "C:\Program Files (x86)\Microchip\xc8\v1.45\sources\common\fltol.c"
 Parameters:    Size  Location     Type
  f1              4   20[BANK1 ] unsigned char 
 Auto vars:     Size  Location     Type
  exp1            1   27[COMRAM] unsigned char 
  sign1           1   26[COMRAM] unsigned char 
 Return value:  Size  Location     Type
                  4   20[BANK1 ] long 
 Registers used:
		wreg, status,2, status,0
 Tracked objects:
		On entry : 
		On exit  : 
		Unchanged: 
 Data sizes:     COMRAM   BANK0   BANK1 BANK2hl BANK2hh
      Params:         0       0       4       0       0
      Locals:         2       0       0       0       0
      Temps:          0       0       4       0       0
      Totals:         2       0       8       0       0
Total ram usage:       10 bytes
 Hardware stack levels used:    1
 Hardware stack levels required when called:    2
 This function calls:
		Nothing
 This function is called by:
		_main
 This function uses a non-reentrant model


 *************** function ___flneg *****************
 Defined at:
		line 15 in file "C:\Program Files (x86)\Microchip\xc8\v1.45\sources\common\flneg.c"
 Parameters:    Size  Location     Type
  f1              4   31[BANK0 ] long 
 Auto vars:     Size  Location     Type
		None
 Return value:  Size  Location     Type
                  4   31[BANK0 ] long 
 Registers used:
		wreg, status,2, status,0
 Tracked objects:
		On entry : 
		On exit  : 
		Unchanged: 
 Data sizes:     COMRAM   BANK0   BANK1 BANK2hl BANK2hh
      Params:         0       4       0       0       0
      Locals:         0       0       0       0       0
      Temps:          0       0       0       0       0
      Totals:         0       4       0       0       0
Total ram usage:        4 bytes
 Hardware stack levels used:    1
 Hardware stack levels required when called:    2
 This function calls:
		Nothing
 This function is called by:
		_main
 This function uses a non-reentrant model


 *************** function ___flge *****************
 Defined at:
		line 4 in file "C:\Program Files (x86)\Microchip\xc8\v1.45\sources\common\flge.c"
 Parameters:    Size  Location     Type
  ff1             4    0[BANK1 ] long 
  ff2             4    4[BANK1 ] long 
 Auto vars:     Size  Location     Type
		None
 Return value:  Size  Location     Type
		None               void
 Registers used:
		wreg, status,2, status,0
 Tracked objects:
		On entry : 
		On exit  : 
		Unchanged: 
 Data sizes:     COMRAM   BANK0   BANK1 BANK2hl BANK2hh
      Params:         0       0       8       0       0
      Locals:         0       0       0       0       0
      Temps:          0       4       0       0       0
      Totals:         0       4       8       0       0
Total ram usage:       12 bytes
 Hardware stack levels used:    1
 Hardware stack levels required when called:    2
 This function calls:
		Nothing
 This function is called by:
		_main
 This function uses a non-reentrant model


 *************** function ___fladd *****************
 Defined at:
		line 10 in file "C:\Program Files (x86)\Microchip\xc8\v1.45\sources\common\sprcadd.c"
 Parameters:    Size  Location     Type
  b               4    0[BANK1 ] long 
  a               4    4[BANK1 ] long 
 Auto vars:     Size  Location     Type
  grs             1   19[BANK1 ] unsigned char 
  bexp            1   18[BANK1 ] unsigned char 
  aexp            1   17[BANK1 ] unsigned char 
  signs           1   16[BANK1 ] unsigned char 
 Return value:  Size  Location     Type
                  4    0[BANK1 ] unsigned char 
 Registers used:
		wreg, status,2, status,0
 Tracked objects:
		On entry : 
		On exit  : 
		Unchanged: 
 Data sizes:     COMRAM   BANK0   BANK1 BANK2hl BANK2hh
      Params:         0       0       8       0       0
      Locals:         0       0       4       0       0
      Temps:          0       0       8       0       0
      Totals:         0       0      20       0       0
Total ram usage:       20 bytes
 Hardware stack levels used:    1
 Hardware stack levels required when called:    2
 This function calls:
		Nothing
 This function is called by:
		_main
 This function uses a non-reentrant model


 *************** function _PICinit *****************
 Defined at:
		line 111 in file "C:\pic\PRG\aqua_test02_3(nonpc)\./i2c.h"
 Parameters:    Size  Location     Type
		None
 Auto vars:     Size  Location     Type
		None
 Return value:  Size  Location     Type
                  1    wreg      void 
 Registers used:
		wreg, status,2
 Tracked objects:
		On entry : 
		On exit  : 
		Unchanged: 
 Data sizes:     COMRAM   BANK0   BANK1 BANK2hl BANK2hh
      Params:         0       0       0       0       0
      Locals:         0       0       0       0       0
      Temps:          0       0       0       0       0
      Totals:         0       0       0       0       0
Total ram usage:        0 bytes
 Hardware stack levels used:    1
 Hardware stack levels required when called:    2
 This function calls:
		Nothing
 This function is called by:
		_main
 This function uses a non-reentrant model


 *************** function _LCD_time *****************
 Defined at:
		line 242 in file "C:\pic\PRG\aqua_test02_3(nonpc)\./i2c.h"
 Parameters:    Size  Location     Type
  hr              2   26[BANK0 ] unsigned int 
  min             2   28[BANK0 ] unsigned int 
  sec             2   30[BANK0 ] unsigned int 
 Auto vars:     Size  Location     Type
  tmp             2    0        unsigned short 
  wk              1   32[BANK0 ] unsigned char 
  c               1    0        unsigned char 
  i               1    0        unsigned char 
 Return value:  Size  Location     Type
                  1    wreg      void 
 Registers used:
		wreg, status,2, status,0, cstack
 Tracked objects:
		On entry : 
		On exit  : 
		Unchanged: 
 Data sizes:     COMRAM   BANK0   BANK1 BANK2hl BANK2hh
      Params:         0       6       0       0       0
      Locals:         0       1       0       0       0
      Temps:          0       0       0       0       0
      Totals:         0       7       0       0       0
Total ram usage:        7 bytes
 Hardware stack levels used:    1
 Hardware stack levels required when called:    5
 This function calls:
		___lwdiv
		___lwmod
		_writeData
 This function is called by:
		_main
 This function uses a non-reentrant model


 *************** function _LCD_str *****************
 Defined at:
		line 143 in file "C:\pic\PRG\aqua_test02_3(nonpc)\./i2c.h"
 Parameters:    Size  Location     Type
  c               2   27[COMRAM] PTR unsigned char 
		 -> STR_10(2), STR_9(2), STR_8(2), STR_7(2), 
		 -> STR_6(2), STR_5(2), STR_4(4), STR_3(4), 
		 -> STR_2(4), STR_1(4), moji(18), 
 Auto vars:     Size  Location     Type
  wk              1   24[BANK0 ] unsigned char 
  i               1   23[BANK0 ] unsigned char 
 Return value:  Size  Location     Type
                  1    wreg      void 
 Registers used:
		wreg, fsr0l, fsr0h, status,2, status,0, tblptrl, tblptrh, tblptru, prodl, prodh, cstack
 Tracked objects:
		On entry : 
		On exit  : 
		Unchanged: 
 Data sizes:     COMRAM   BANK0   BANK1 BANK2hl BANK2hh
      Params:         2       0       0       0       0
      Locals:         0       2       0       0       0
      Temps:          0       2       0       0       0
      Totals:         2       4       0       0       0
Total ram usage:        6 bytes
 Hardware stack levels used:    1
 Hardware stack levels required when called:    5
 This function calls:
		_writeData
 This function is called by:
		_main
 This function uses a non-reentrant model


 *************** function _LCD_Tsens2 *****************
 Defined at:
		line 296 in file "C:\pic\PRG\aqua_test02_3(nonpc)\./i2c.h"
 Parameters:    Size  Location     Type
		None
 Auto vars:     Size  Location     Type
  tmp             2   29[BANK0 ] unsigned short 
  c               1    0        unsigned char 
  wk              1    0        unsigned char 
  i               1    0        unsigned char 
 Return value:  Size  Location     Type
                  1    wreg      void 
 Registers used:
		wreg, status,2, status,0, prodl, prodh, cstack
 Tracked objects:
		On entry : 
		On exit  : 
		Unchanged: 
 Data sizes:     COMRAM   BANK0   BANK1 BANK2hl BANK2hh
      Params:         0       0       0       0       0
      Locals:         0       2       0       0       0
      Temps:          0       3       0       0       0
      Totals:         0       5       0       0       0
Total ram usage:        5 bytes
 Hardware stack levels used:    1
 Hardware stack levels required when called:    5
 This function calls:
		_I2C_Tsensor
		___lwdiv
		___lwmod
		___wmul
		_writeData
 This function is called by:
		_main
 This function uses a non-reentrant model


 *************** function _LCD_Tsens1 *****************
 Defined at:
		line 274 in file "C:\pic\PRG\aqua_test02_3(nonpc)\./i2c.h"
 Parameters:    Size  Location     Type
		None
 Auto vars:     Size  Location     Type
  tmp             2   29[BANK0 ] unsigned short 
  c               1    0        unsigned char 
  wk              1    0        unsigned char 
  i               1    0        unsigned char 
 Return value:  Size  Location     Type
                  1    wreg      void 
 Registers used:
		wreg, status,2, status,0, prodl, prodh, cstack
 Tracked objects:
		On entry : 
		On exit  : 
		Unchanged: 
 Data sizes:     COMRAM   BANK0   BANK1 BANK2hl BANK2hh
      Params:         0       0       0       0       0
      Locals:         0       2       0       0       0
      Temps:          0       3       0       0       0
      Totals:         0       5       0       0       0
Total ram usage:        5 bytes
 Hardware stack levels used:    1
 Hardware stack levels required when called:    5
 This function calls:
		_I2C_Tsensor
		___lwdiv
		___lwmod
		___wmul
		_writeData
 This function is called by:
		_main
 This function uses a non-reentrant model


 *************** function _writeData *****************
 Defined at:
		line 95 in file "C:\pic\PRG\aqua_test02_3(nonpc)\./i2c.h"
 Parameters:    Size  Location     Type
  t_data          1    wreg     unsigned char 
 Auto vars:     Size  Location     Type
  t_data          1   26[COMRAM] unsigned char 
 Return value:  Size  Location     Type
                  1    wreg      void 
 Registers used:
		wreg, status,2, status,0, cstack
 Tracked objects:
		On entry : 
		On exit  : 
		Unchanged: 
 Data sizes:     COMRAM   BANK0   BANK1 BANK2hl BANK2hh
      Params:         0       0       0       0       0
      Locals:         1       0       0       0       0
      Temps:          1       0       0       0       0
      Totals:         2       0       0       0       0
Total ram usage:        2 bytes
 Hardware stack levels used:    1
 Hardware stack levels required when called:    4
 This function calls:
		_I2C_Master_Start
		_I2C_Master_Stop
		_I2C_Master_Write
 This function is called by:
		_LCD_str
		_LCD_time
		_LCD_Tsens1
		_LCD_Tsens2
 This function uses a non-reentrant model


 *************** function ___wmul *****************
 Defined at:
		line 15 in file "C:\Program Files (x86)\Microchip\xc8\v1.45\sources\common\Umul16.c"
 Parameters:    Size  Location     Type
  multiplier      2   22[COMRAM] unsigned int 
  multiplicand    2   24[COMRAM] unsigned int 
 Auto vars:     Size  Location     Type
  product         2   26[COMRAM] unsigned int 
 Return value:  Size  Location     Type
                  2   22[COMRAM] unsigned int 
 Registers used:
		wreg, status,2, status,0, prodl, prodh
 Tracked objects:
		On entry : 
		On exit  : 
		Unchanged: 
 Data sizes:     COMRAM   BANK0   BANK1 BANK2hl BANK2hh
      Params:         4       0       0       0       0
      Locals:         2       0       0       0       0
      Temps:          0       0       0       0       0
      Totals:         6       0       0       0       0
Total ram usage:        6 bytes
 Hardware stack levels used:    1
 Hardware stack levels required when called:    2
 This function calls:
		Nothing
 This function is called by:
		_LCD_Tsens1
		_LCD_Tsens2
 This function uses a non-reentrant model


 *************** function ___lwmod *****************
 Defined at:
		line 8 in file "C:\Program Files (x86)\Microchip\xc8\v1.45\sources\common\lwmod.c"
 Parameters:    Size  Location     Type
  dividend        2   21[BANK0 ] unsigned int 
  divisor         2   23[BANK0 ] unsigned int 
 Auto vars:     Size  Location     Type
  counter         1   25[BANK0 ] unsigned char 
 Return value:  Size  Location     Type
                  2   21[BANK0 ] unsigned int 
 Registers used:
		wreg, status,2, status,0
 Tracked objects:
		On entry : 
		On exit  : 
		Unchanged: 
 Data sizes:     COMRAM   BANK0   BANK1 BANK2hl BANK2hh
      Params:         0       4       0       0       0
      Locals:         0       1       0       0       0
      Temps:          0       0       0       0       0
      Totals:         0       5       0       0       0
Total ram usage:        5 bytes
 Hardware stack levels used:    1
 Hardware stack levels required when called:    2
 This function calls:
		Nothing
 This function is called by:
		_LCD_time
		_LCD_Tsens1
		_LCD_Tsens2
 This function uses a non-reentrant model


 *************** function ___lwdiv *****************
 Defined at:
		line 8 in file "C:\Program Files (x86)\Microchip\xc8\v1.45\sources\common\lwdiv.c"
 Parameters:    Size  Location     Type
  dividend        2   22[COMRAM] unsigned int 
  divisor         2   24[COMRAM] unsigned int 
 Auto vars:     Size  Location     Type
  quotient        2   27[COMRAM] unsigned int 
  counter         1   26[COMRAM] unsigned char 
 Return value:  Size  Location     Type
                  2   22[COMRAM] unsigned int 
 Registers used:
		wreg, status,2, status,0
 Tracked objects:
		On entry : 
		On exit  : 
		Unchanged: 
 Data sizes:     COMRAM   BANK0   BANK1 BANK2hl BANK2hh
      Params:         4       0       0       0       0
      Locals:         3       0       0       0       0
      Temps:          0       0       0       0       0
      Totals:         7       0       0       0       0
Total ram usage:        7 bytes
 Hardware stack levels used:    1
 Hardware stack levels required when called:    2
 This function calls:
		Nothing
 This function is called by:
		_LCD_time
		_LCD_Tsens1
		_LCD_Tsens2
 This function uses a non-reentrant model


 *************** function _I2C_Tsensor *****************
 Defined at:
		line 197 in file "C:\pic\PRG\aqua_test02_3(nonpc)\./i2c.h"
 Parameters:    Size  Location     Type
  Tsens_ADD       1    wreg     unsigned char 
 Auto vars:     Size  Location     Type
  Tsens_ADD       1   23[BANK0 ] unsigned char 
  tpr             2   21[BANK0 ] unsigned short 
  c               1   24[BANK0 ] unsigned char 
 Return value:  Size  Location     Type
                  2   25[COMRAM] unsigned short 
 Registers used:
		wreg, status,2, status,0, cstack
 Tracked objects:
		On entry : 
		On exit  : 
		Unchanged: 
 Data sizes:     COMRAM   BANK0   BANK1 BANK2hl BANK2hh
      Params:         2       0       0       0       0
      Locals:         0       4       0       0       0
      Temps:          2       0       0       0       0
      Totals:         4       4       0       0       0
Total ram usage:        8 bytes
 Hardware stack levels used:    1
 Hardware stack levels required when called:    4
 This function calls:
		_I2C_Master_Start
		_I2C_Master_Stop
		_I2C_Master_Write
		_I2C_nacksnd
 This function is called by:
		_LCD_Tsens1
		_LCD_Tsens2
 This function uses a non-reentrant model


 *************** function _LCD_Init *****************
 Defined at:
		line 120 in file "C:\pic\PRG\aqua_test02_3(nonpc)\./i2c.h"
 Parameters:    Size  Location     Type
		None
 Auto vars:     Size  Location     Type
		None
 Return value:  Size  Location     Type
                  1    wreg      void 
 Registers used:
		wreg, status,2, status,0, cstack
 Tracked objects:
		On entry : 
		On exit  : 
		Unchanged: 
 Data sizes:     COMRAM   BANK0   BANK1 BANK2hl BANK2hh
      Params:         0       0       0       0       0
      Locals:         0       0       0       0       0
      Temps:          2       0       0       0       0
      Totals:         2       0       0       0       0
Total ram usage:        2 bytes
 Hardware stack levels used:    1
 Hardware stack levels required when called:    5
 This function calls:
		_I2C_Master_Init
		_writeCommand
 This function is called by:
		_main
 This function uses a non-reentrant model


 *************** function _writeCommand *****************
 Defined at:
		line 103 in file "C:\pic\PRG\aqua_test02_3(nonpc)\./i2c.h"
 Parameters:    Size  Location     Type
  t_command       1    wreg     unsigned char 
 Auto vars:     Size  Location     Type
  t_command       1   26[COMRAM] unsigned char 
 Return value:  Size  Location     Type
                  1    wreg      void 
 Registers used:
		wreg, status,2, status,0, cstack
 Tracked objects:
		On entry : 
		On exit  : 
		Unchanged: 
 Data sizes:     COMRAM   BANK0   BANK1 BANK2hl BANK2hh
      Params:         0       0       0       0       0
      Locals:         1       0       0       0       0
      Temps:          1       0       0       0       0
      Totals:         2       0       0       0       0
Total ram usage:        2 bytes
 Hardware stack levels used:    1
 Hardware stack levels required when called:    4
 This function calls:
		_I2C_Master_Start
		_I2C_Master_Stop
		_I2C_Master_Write
 This function is called by:
		_LCD_Init
		_main
 This function uses a non-reentrant model


 *************** function _I2C_Master_Init *****************
 Defined at:
		line 59 in file "C:\pic\PRG\aqua_test02_3(nonpc)\./i2c.h"
 Parameters:    Size  Location     Type
  c               4   29[BANK0 ] const unsigned long 
 Auto vars:     Size  Location     Type
		None
 Return value:  Size  Location     Type
                  1    wreg      void 
 Registers used:
		wreg, status,2, status,0, cstack
 Tracked objects:
		On entry : 
		On exit  : 
		Unchanged: 
 Data sizes:     COMRAM   BANK0   BANK1 BANK2hl BANK2hh
      Params:         0       4       0       0       0
      Locals:         0       0       0       0       0
      Temps:          0       4       0       0       0
      Totals:         0       8       0       0       0
Total ram usage:        8 bytes
 Hardware stack levels used:    1
 Hardware stack levels required when called:    3
 This function calls:
		___lldiv
 This function is called by:
		_LCD_Init
 This function uses a non-reentrant model


 *************** function ___lldiv *****************
 Defined at:
		line 8 in file "C:\Program Files (x86)\Microchip\xc8\v1.45\sources\common\lldiv.c"
 Parameters:    Size  Location     Type
  dividend        4   21[BANK0 ] unsigned long 
  divisor         4   25[BANK0 ] unsigned long 
 Auto vars:     Size  Location     Type
  quotient        4   22[COMRAM] unsigned long 
  counter         1   26[COMRAM] unsigned char 
 Return value:  Size  Location     Type
                  4   21[BANK0 ] unsigned long 
 Registers used:
		wreg, status,2, status,0
 Tracked objects:
		On entry : 
		On exit  : 
		Unchanged: 
 Data sizes:     COMRAM   BANK0   BANK1 BANK2hl BANK2hh
      Params:         0       8       0       0       0
      Locals:         5       0       0       0       0
      Temps:          0       0       0       0       0
      Totals:         5       8       0       0       0
Total ram usage:       13 bytes
 Hardware stack levels used:    1
 Hardware stack levels required when called:    2
 This function calls:
		Nothing
 This function is called by:
		_I2C_Master_Init
 This function uses a non-reentrant model


 *************** function _I2C_Tsensor_init *****************
 Defined at:
		line 188 in file "C:\pic\PRG\aqua_test02_3(nonpc)\./i2c.h"
 Parameters:    Size  Location     Type
		None
 Auto vars:     Size  Location     Type
		None
 Return value:  Size  Location     Type
                  1    wreg      void 
 Registers used:
		wreg, status,2, status,0, cstack
 Tracked objects:
		On entry : 
		On exit  : 
		Unchanged: 
 Data sizes:     COMRAM   BANK0   BANK1 BANK2hl BANK2hh
      Params:         0       0       0       0       0
      Locals:         0       0       0       0       0
      Temps:          0       0       0       0       0
      Totals:         0       0       0       0       0
Total ram usage:        0 bytes
 Hardware stack levels used:    1
 Hardware stack levels required when called:    5
 This function calls:
		_I2C_Tsensor_CFG
 This function is called by:
		_main
 This function uses a non-reentrant model


 *************** function _I2C_Tsensor_CFG *****************
 Defined at:
		line 168 in file "C:\pic\PRG\aqua_test02_3(nonpc)\./i2c.h"
 Parameters:    Size  Location     Type
  Tsens_ADD       1    wreg     unsigned char 
 Auto vars:     Size  Location     Type
  Tsens_ADD       1   26[COMRAM] unsigned char 
 Return value:  Size  Location     Type
                  1    wreg      void 
 Registers used:
		wreg, status,2, status,0, cstack
 Tracked objects:
		On entry : 
		On exit  : 
		Unchanged: 
 Data sizes:     COMRAM   BANK0   BANK1 BANK2hl BANK2hh
      Params:         0       0       0       0       0
      Locals:         1       0       0       0       0
      Temps:          1       0       0       0       0
      Totals:         2       0       0       0       0
Total ram usage:        2 bytes
 Hardware stack levels used:    1
 Hardware stack levels required when called:    4
 This function calls:
		_I2C_Master_Start
		_I2C_Master_Stop
		_I2C_Master_Write
		_I2C_nacksnd
 This function is called by:
		_I2C_Tsensor_init
 This function uses a non-reentrant model


 *************** function _I2C_nacksnd *****************
 Defined at:
		line 160 in file "C:\pic\PRG\aqua_test02_3(nonpc)\./i2c.h"
 Parameters:    Size  Location     Type
		None
 Auto vars:     Size  Location     Type
		None
 Return value:  Size  Location     Type
                  1    wreg      void 
 Registers used:
		None
 Tracked objects:
		On entry : 
		On exit  : 
		Unchanged: 
 Data sizes:     COMRAM   BANK0   BANK1 BANK2hl BANK2hh
      Params:         0       0       0       0       0
      Locals:         0       0       0       0       0
      Temps:          0       0       0       0       0
      Totals:         0       0       0       0       0
Total ram usage:        0 bytes
 Hardware stack levels used:    1
 Hardware stack levels required when called:    2
 This function calls:
		Nothing
 This function is called by:
		_I2C_Tsensor_CFG
		_I2C_Tsensor
 This function uses a non-reentrant model


 *************** function _I2C_Master_Write *****************
 Defined at:
		line 90 in file "C:\pic\PRG\aqua_test02_3(nonpc)\./i2c.h"
 Parameters:    Size  Location     Type
  d               2   23[COMRAM] unsigned int 
 Auto vars:     Size  Location     Type
		None
 Return value:  Size  Location     Type
                  1    wreg      void 
 Registers used:
		wreg, status,2, status,0, cstack
 Tracked objects:
		On entry : 
		On exit  : 
		Unchanged: 
 Data sizes:     COMRAM   BANK0   BANK1 BANK2hl BANK2hh
      Params:         2       0       0       0       0
      Locals:         0       0       0       0       0
      Temps:          0       0       0       0       0
      Totals:         2       0       0       0       0
Total ram usage:        2 bytes
 Hardware stack levels used:    1
 Hardware stack levels required when called:    3
 This function calls:
		_I2C_Master_Wait
 This function is called by:
		_writeData
		_writeCommand
		_I2C_Tsensor_CFG
		_I2C_Tsensor
 This function uses a non-reentrant model


 *************** function _I2C_Master_Stop *****************
 Defined at:
		line 84 in file "C:\pic\PRG\aqua_test02_3(nonpc)\./i2c.h"
 Parameters:    Size  Location     Type
		None
 Auto vars:     Size  Location     Type
		None
 Return value:  Size  Location     Type
                  1    wreg      void 
 Registers used:
		wreg, status,2, status,0, cstack
 Tracked objects:
		On entry : 
		On exit  : 
		Unchanged: 
 Data sizes:     COMRAM   BANK0   BANK1 BANK2hl BANK2hh
      Params:         0       0       0       0       0
      Locals:         0       0       0       0       0
      Temps:          0       0       0       0       0
      Totals:         0       0       0       0       0
Total ram usage:        0 bytes
 Hardware stack levels used:    1
 Hardware stack levels required when called:    3
 This function calls:
		_I2C_Master_Wait
 This function is called by:
		_writeData
		_writeCommand
		_I2C_Tsensor_CFG
		_I2C_Tsensor
 This function uses a non-reentrant model


 *************** function _I2C_Master_Start *****************
 Defined at:
		line 72 in file "C:\pic\PRG\aqua_test02_3(nonpc)\./i2c.h"
 Parameters:    Size  Location     Type
		None
 Auto vars:     Size  Location     Type
		None
 Return value:  Size  Location     Type
                  1    wreg      void 
 Registers used:
		wreg, status,2, status,0, cstack
 Tracked objects:
		On entry : 
		On exit  : 
		Unchanged: 
 Data sizes:     COMRAM   BANK0   BANK1 BANK2hl BANK2hh
      Params:         0       0       0       0       0
      Locals:         0       0       0       0       0
      Temps:          0       0       0       0       0
      Totals:         0       0       0       0       0
Total ram usage:        0 bytes
 Hardware stack levels used:    1
 Hardware stack levels required when called:    3
 This function calls:
		_I2C_Master_Wait
 This function is called by:
		_writeData
		_writeCommand
		_I2C_Tsensor_CFG
		_I2C_Tsensor
 This function uses a non-reentrant model


 *************** function _I2C_Master_Wait *****************
 Defined at:
		line 67 in file "C:\pic\PRG\aqua_test02_3(nonpc)\./i2c.h"
 Parameters:    Size  Location     Type
		None
 Auto vars:     Size  Location     Type
		None
 Return value:  Size  Location     Type
                  1    wreg      void 
 Registers used:
		wreg, status,2, status,0
 Tracked objects:
		On entry : 
		On exit  : 
		Unchanged: 
 Data sizes:     COMRAM   BANK0   BANK1 BANK2hl BANK2hh
      Params:         0       0       0       0       0
      Locals:         0       0       0       0       0
      Temps:          1       0       0       0       0
      Totals:         1       0       0       0       0
Total ram usage:        1 bytes
 Hardware stack levels used:    1
 Hardware stack levels required when called:    2
 This function calls:
		Nothing
 This function is called by:
		_I2C_Master_Start
		_I2C_Master_Stop
		_I2C_Master_Write
		_I2C_Master_RepeatedStart
 This function uses a non-reentrant model


 *************** function _YourLowPriorityISRCode *****************
 Defined at:
		line 755 in file "C:\pic\PRG\aqua_test02_3(nonpc)\main.c"
 Parameters:    Size  Location     Type
		None
 Auto vars:     Size  Location     Type
		None
 Return value:  Size  Location     Type
                  1    wreg      void 
 Registers used:
		wreg, status,2, status,0
 Tracked objects:
		On entry : 
		On exit  : 
		Unchanged: 
 Data sizes:     COMRAM   BANK0   BANK1 BANK2hl BANK2hh
      Params:         0       0       0       0       0
      Locals:         0       0       0       0       0
      Temps:          0      21       0       0       0
      Totals:         0      21       0       0       0
Total ram usage:       21 bytes
 Hardware stack levels used:    1
 Hardware stack levels required when called:    1
 This function calls:
		Nothing
 This function is called by:
		Interrupt level 1
 This function uses a non-reentrant model


 *************** function _YourHighPriorityISRCode *****************
 Defined at:
		line 696 in file "C:\pic\PRG\aqua_test02_3(nonpc)\main.c"
 Parameters:    Size  Location     Type
		None
 Auto vars:     Size  Location     Type
  i               2    0        int 
 Return value:  Size  Location     Type
                  1    wreg      void 
 Registers used:
		wreg, status,2, status,0
 Tracked objects:
		On entry : 
		On exit  : 
		Unchanged: 
 Data sizes:     COMRAM   BANK0   BANK1 BANK2hl BANK2hh
      Params:         0       0       0       0       0
      Locals:         0       0       0       0       0
      Temps:         22       0       0       0       0
      Totals:        22       0       0       0       0
Total ram usage:       22 bytes
 Hardware stack levels used:    1
 This function calls:
		Nothing
 This function is called by:
		Interrupt level 2
 This function uses a non-reentrant model



MODULE INFORMATION

Module		Function		Class		Link	Load	Size
C:\Program Files (x86)\Microchip\xc8\v1.45\sources\common\flge.c
		___flge        		CODE           	1188	0000	359

C:\Program Files (x86)\Microchip\xc8\v1.45\sources\common\flge.c estimated size: 359

C:\Program Files (x86)\Microchip\xc8\v1.45\sources\common\Umul16.c
		___wmul        		CODE           	1F3E	0000	39

C:\Program Files (x86)\Microchip\xc8\v1.45\sources\common\Umul16.c estimated size: 39

C:\Program Files (x86)\Microchip\xc8\v1.45\sources\common\sprcadd.c
		___fladd       		CODE           	0E4A	0000	831

C:\Program Files (x86)\Microchip\xc8\v1.45\sources\common\sprcadd.c estimated size: 831

C:\pic\PRG\aqua_test02_3(nonpc)\main.c
		_main          		CODE           	03E2	0000	2665
		_YourLowPriorityISRCode		CODE           	0018	0000	225
		_YourHighPriorityISRCode		CODE           	0008	0000	265
		_wait          		CODE           	1CA6	0000	107

C:\pic\PRG\aqua_test02_3(nonpc)\main.c estimated size: 3262

C:\Program Files (x86)\Microchip\xc8\v1.45\sources\common\lwmod.c
		___lwmod       		CODE           	1E0C	0000	69

C:\Program Files (x86)\Microchip\xc8\v1.45\sources\common\lwmod.c estimated size: 69

C:\pic\PRG\aqua_test02_3(nonpc)\./i2c.h
		_LCD_Init      		CODE           	157C	0000	315
		_writeCommand  		CODE           	1ED0	0000	63
		_PICinit       		CODE           	1F76	0000	15
		_I2C_Master_Wait		CODE           	1F64	0000	19
		_I2C_Master_Init		CODE           	1D10	0000	91
		_I2C_Master_Stop		CODE           	1FA6	0000	9
		_I2C_nacksnd   		CODE           	1F92	0000	11
		_LCD_time      		CODE           	1442	0000	315
		_I2C_Tsensor   		CODE           	1A8A	0000	181
		_LCD_str       		CODE           	1DBC	0000	81
		_I2C_Tsensor_init		CODE           	1F84	0000	15
		_writeData     		CODE           	1E92	0000	63
		_I2C_Master_Write		CODE           	1F9C	0000	11
		_I2C_Tsensor_CFG		CODE           	1C34	0000	115
		_I2C_Master_Start		CODE           	1FAE	0000	9
		_LCD_Tsens1    		CODE           	18B2	0000	251
		_LCD_Tsens2    		CODE           	17B8	0000	251

C:\pic\PRG\aqua_test02_3(nonpc)\./i2c.h estimated size: 1815

C:\Program Files (x86)\Microchip\xc8\v1.45\sources\common\fltol.c
		___fltol       		CODE           	19AC	0000	223

C:\Program Files (x86)\Microchip\xc8\v1.45\sources\common\fltol.c estimated size: 223

shared
		_configDescriptor1		SMALLCONST     	0309	0000	68
		_USB_CD_Ptr    		SMALLCONST     	0307	0000	3
		_sd001         		SMALLCONST     	0380	0000	53
		_sd002         		SMALLCONST     	034C	0000	53
		__initialization		CODE           	1BC2	0000	101
		_device_dsc    		SMALLCONST     	03B4	0000	19
		_USB_SD_Ptr    		SMALLCONST     	0301	0000	7
		_sd000         		SMALLCONST     	03C6	0000	5

shared estimated size: 309

C:\Program Files (x86)\Microchip\xc8\v1.45\sources\common\lwdiv.c
		___lwdiv       		CODE           	1D6A	0000	83

C:\Program Files (x86)\Microchip\xc8\v1.45\sources\common\lwdiv.c estimated size: 83

C:\Program Files (x86)\Microchip\xc8\v1.45\sources\common\lldiv.c
		___lldiv       		CODE           	1B3E	0000	133

C:\Program Files (x86)\Microchip\xc8\v1.45\sources\common\lldiv.c estimated size: 133

C:\Program Files (x86)\Microchip\xc8\v1.45\sources\common\xxtofl.c
		___xxtofl      		CODE           	12EE	0000	341

C:\Program Files (x86)\Microchip\xc8\v1.45\sources\common\xxtofl.c estimated size: 341

C:\Program Files (x86)\Microchip\xc8\v1.45\sources\common\flneg.c
		___flneg       		CODE           	1F0E	0000	49

C:\Program Files (x86)\Microchip\xc8\v1.45\sources\common\flneg.c estimated size: 49

